  0%|          | 0/7 [00:00<?, ?it/s] 14%|█▍        | 1/7 [00:02<00:12,  2.12s/it] 29%|██▊       | 2/7 [00:02<00:04,  1.04it/s] 43%|████▎     | 3/7 [00:02<00:03,  1.29it/s] 57%|█████▋    | 4/7 [00:02<00:01,  1.86it/s] 86%|████████▌ | 6/7 [00:03<00:00,  2.67it/s]100%|██████████| 7/7 [00:05<00:00,  1.34it/s]100%|██████████| 7/7 [00:05<00:00,  1.35it/s]
  0%|          | 0/7 [00:00<?, ?it/s]  0%|          | 0/7 [00:20<?, ?it/s]
multiprocessing.pool.RemoteTraceback: 
"""
Traceback (most recent call last):
  File "/share/gluster/Projects/vinh/conda_envs/fdog_latest/lib/python3.12/multiprocessing/pool.py", line 125, in worker
    result = (True, func(*args, **kwds))
                    ^^^^^^^^^^^^^^^^^^^
  File "/share/gluster/Projects/vinh/conda_envs/fdog_latest/lib/python3.12/site-packages/fdog/libs/corecompile.py", line 419, in run_compile_core
    compile_core([seqFile, seqName, refspec, seed_id, coreArgs, pathArgs,
  File "/share/gluster/Projects/vinh/conda_envs/fdog_latest/lib/python3.12/site-packages/fdog/libs/corecompile.py", line 290, in compile_core
    hamstr_out = ortho_fn.run_hamstr([seqName, refspec, pathArgs,
                 ^^^^^^^^^^^^^^^^^^^^^^^^^^^^^^^^^^^^^^^^^^^^^^^^
  File "/share/gluster/Projects/vinh/conda_envs/fdog_latest/lib/python3.12/site-packages/fdog/libs/orthosearch.py", line 263, in run_hamstr
    tmp_out = hamstr(job)
              ^^^^^^^^^^^
  File "/share/gluster/Projects/vinh/conda_envs/fdog_latest/lib/python3.12/site-packages/fdog/libs/orthosearch.py", line 123, in hamstr
    aln_seq = align_fn.do_align(aligner, aln_fa)
              ^^^^^^^^^^^^^^^^^^^^^^^^^^^^^^^^^^
  File "/share/gluster/Projects/vinh/conda_envs/fdog_latest/lib/python3.12/site-packages/fdog/libs/alignment.py", line 101, in do_align
    aln_seq = SeqIO.to_dict((SeqIO.parse(open('%s.muscle.out' % out_file), 'fasta')))
                                         ^^^^^^^^^^^^^^^^^^^^^^^^^^^^^^^^
FileNotFoundError: [Errno 2] No such file or directory: 'blast_XP_037028783_1_LOC119069011_585_XP_037028783.1_CONNA_265458_009176525_2_XP_031622968.1_XP_037036598.1.fa.muscle.out'
"""

The above exception was the direct cause of the following exception:

Traceback (most recent call last):
  File "/share/gluster/Projects/vinh/conda_envs/fdog_latest/bin/fdogs.run", line 8, in <module>
    sys.exit(main())
             ^^^^^^
  File "/share/gluster/Projects/vinh/conda_envs/fdog_latest/lib/python3.12/site-packages/fdog/runMulti.py", line 381, in main
    core_runtime = compile_core(core_options, other_options, seeds, inFol, cpus, outpath, silentOff, jobName)
                   ^^^^^^^^^^^^^^^^^^^^^^^^^^^^^^^^^^^^^^^^^^^^^^^^^^^^^^^^^^^^^^^^^^^^^^^^^^^^^^^^^^^^^^^^^^
  File "/share/gluster/Projects/vinh/conda_envs/fdog_latest/lib/python3.12/site-packages/fdog/runMulti.py", line 106, in compile_core
    for _ in tqdm(pool.imap_unordered(core_fn.run_compile_core, core_compilation_jobs), total=len(core_compilation_jobs)):
  File "/share/gluster/Projects/vinh/conda_envs/fdog_latest/lib/python3.12/site-packages/tqdm/std.py", line 1181, in __iter__
    for obj in iterable:
               ^^^^^^^^
  File "/share/gluster/Projects/vinh/conda_envs/fdog_latest/lib/python3.12/multiprocessing/pool.py", line 873, in next
    raise value
FileNotFoundError: [Errno 2] No such file or directory: 'blast_XP_037028783_1_LOC119069011_585_XP_037028783.1_CONNA_265458_009176525_2_XP_031622968.1_XP_037036598.1.fa.muscle.out'
