/home/mieke/miniconda3/envs/assembly_qc/bin/quast.py ../../flye/assembly.fasta -r ref_genome_Bradysia_same_bioproject.fna -o quast_with_reference

Version: 5.3.0

System information:
  OS: Linux-6.12.94+deb13-amd64-x86_64-with-glibc2.41 (linux_64)
  Python version: 3.12.13
  CPUs number: 12

Started: 2026-07-13 09:28:00

Logging to /share/project/mieke/assembly/busco_quast/quast/quast_with_reference/quast.log
NOTICE: Maximum number of threads is set to 3 (use --threads option to set it manually)

CWD: /share/project/mieke/assembly/busco_quast/quast
Main parameters: 
  MODE: default, threads: 3, min contig length: 500, min alignment length: 65, min alignment IDY: 95.0, \
  ambiguity: one, min local misassembly length: 200, min extensive misassembly length: 1000

Reference:
  /share/project/mieke/assembly/busco_quast/quast/ref_genome_Bradysia_same_bioproject.fna ==> ref_genome_Bradysia_same_bioproject

Contigs:
  Pre-processing...
  ../../flye/assembly.fasta ==> assembly

2026-07-13 09:28:23
Running Basic statistics processor...
  Reference genome:
    ref_genome_Bradysia_same_bioproject.fna, length = 315082496, num fragments = 932, GC % = 35.52
WARNING:   Reference genome is fragmented. You may consider rerunning QUAST using --fragmented option. QUAST will try to detect misassemblies caused by the fragmentation and mark them fake (will be excluded from # misassemblies).
  Contig files: 
    assembly
  Calculating N50 and L50...
    assembly, N50 = 3076280, L50 = 19, auN = 9200746.3, Total length = 342931916, GC % = 35.65, # N's per 100 kbp =  0.00
  Drawing Nx plot...
    saved to /share/project/mieke/assembly/busco_quast/quast/quast_with_reference/basic_stats/Nx_plot.pdf
  Drawing NGx plot...
    saved to /share/project/mieke/assembly/busco_quast/quast/quast_with_reference/basic_stats/NGx_plot.pdf
  Drawing cumulative plot...
    saved to /share/project/mieke/assembly/busco_quast/quast/quast_with_reference/basic_stats/cumulative_plot.pdf
  Drawing GC content plot...
    saved to /share/project/mieke/assembly/busco_quast/quast/quast_with_reference/basic_stats/GC_content_plot.pdf
  Drawing assembly GC content plot...
    saved to /share/project/mieke/assembly/busco_quast/quast/quast_with_reference/basic_stats/assembly_GC_content_plot.pdf
Done.

2026-07-13 09:28:47
Running Contig analyzer...
WARNING: Version of installed minimap2 differs from its version in the QUAST package (2.28). Please make sure that you use an actual version of software.
  assembly
  Logging to files /share/project/mieke/assembly/busco_quast/quast/quast_with_reference/contigs_reports/contigs_report_assembly.stdout and contigs_report_assembly.stderr...
  Aligning contigs to the reference
WARNING: Version of installed minimap2 differs from its version in the QUAST package (2.28). Please make sure that you use an actual version of software.
  /home/mieke/miniconda3/envs/assembly_qc/bin/minimap2 -c -x asm10 -B5 -O4,16 --no-long-join \
  -r 200 -N 50 -s 65 -z 200 --mask-level 0.9 --min-occ 200 -g 2500 --score-N 2 --cs \
  -t 3 quast_with_reference/quast_corrected_input/ref_genome_Bradysia_same_bioproject.fna \
  quast_with_reference/quast_corrected_input/assembly.fasta > quast_with_reference/contigs_reports/minimap_output/assembly.coords_tmp \
  2>> quast_with_reference/contigs_reports/contigs_report_assembly.stderr
  Analysis is finished.

  Creating total report...
    saved to /share/project/mieke/assembly/busco_quast/quast/quast_with_reference/contigs_reports/misassemblies_report.txt, misassemblies_report.tsv, and misassemblies_report.tex
  Transposed version of total report...
    saved to /share/project/mieke/assembly/busco_quast/quast/quast_with_reference/contigs_reports/transposed_report_misassemblies.txt, transposed_report_misassemblies.tsv, and transposed_report_misassemblies.tex
  Creating total report...
    saved to /share/project/mieke/assembly/busco_quast/quast/quast_with_reference/contigs_reports/unaligned_report.txt, unaligned_report.tsv, and unaligned_report.tex
  Drawing misassemblies by types plot...
    saved to /share/project/mieke/assembly/busco_quast/quast/quast_with_reference/contigs_reports/misassemblies_plot.pdf
  Drawing misassemblies FRCurve plot...
    saved to /share/project/mieke/assembly/busco_quast/quast/quast_with_reference/contigs_reports/misassemblies_frcurve_plot.pdf
Done.

2026-07-13 09:31:39
Running NA-NGA calculation...
  assembly, Largest alignment = 6061447, NA50 = 168458, NGA50 = 212454, LA50 = 297, LGA50 = 224
  Drawing cumulative plot...
    saved to /share/project/mieke/assembly/busco_quast/quast/quast_with_reference/aligned_stats/cumulative_plot.pdf
  Drawing NAx plot...
    saved to /share/project/mieke/assembly/busco_quast/quast/quast_with_reference/aligned_stats/NAx_plot.pdf
  Drawing NGAx plot...
    saved to /share/project/mieke/assembly/busco_quast/quast/quast_with_reference/aligned_stats/NGAx_plot.pdf
Done.

2026-07-13 09:31:44
Running Genome analyzer...
  NOTICE: No file with genomic features were provided. Use the --features option if you want to specify it.

  NOTICE: No file with operons were provided. Use the -O option if you want to specify it.
  assembly
  Analysis is finished.
  Skipping drawing Genome fraction, % histogram... (less than 2 columns histogram makes no sense)
Done.

NOTICE: Genes are not predicted by default. Use --gene-finding or --glimmer option to enable it.

2026-07-13 09:32:29
Creating large visual summaries...
This may take a while: press Ctrl-C to skip this step..
  1 of 2: Creating PDF with all tables and plots...
  2 of 2: Creating Icarus viewers...
Done

2026-07-13 09:32:37
RESULTS:
  Text versions of total report are saved to /share/project/mieke/assembly/busco_quast/quast/quast_with_reference/report.txt, report.tsv, and report.tex
  Text versions of transposed total report are saved to /share/project/mieke/assembly/busco_quast/quast/quast_with_reference/transposed_report.txt, transposed_report.tsv, and transposed_report.tex
  HTML version (interactive tables and plots) is saved to /share/project/mieke/assembly/busco_quast/quast/quast_with_reference/report.html
  PDF version (tables and plots) is saved to /share/project/mieke/assembly/busco_quast/quast/quast_with_reference/report.pdf
  Icarus (contig browser) is saved to /share/project/mieke/assembly/busco_quast/quast/quast_with_reference/icarus.html
  Log is saved to /share/project/mieke/assembly/busco_quast/quast/quast_with_reference/quast.log

Finished: 2026-07-13 09:32:37
Elapsed time: 0:04:36.345985
NOTICEs: 4; WARNINGs: 3; non-fatal ERRORs: 0

Thank you for using QUAST!
