QRW27021.1	XP_037038661.1	XP_037038749.1	LOC119076167	NW_023503493.1	6992413	6994341	True	XP_037038749.1|LOC119076167|126
True
XP_037038661.1
XP_037038749.1
XP_037038749.1|LOC119076167|126
XP_037038749_1_LOC119076167_126
Gene: XP_037038749_1_LOC119076167_126
fDOG reference species: BRACO@38358@014529535_1 

Building a consensus sequence
	 ...finished

Searching for orthologs ...
	 ...finished 

Calculating FAS scores ...
	 ...finished 

Error during gene prediction with metaeuk, using miniprot predictions for species BRAPE@1817611@1
No gene predicted with augustus or metaeuk, using miniprot predictions for species BRAPE@1817611@1
Error during gene prediction with metaeuk, using miniprot predictions for species PSEHY@35572@1
No gene predicted with augustus or metaeuk, using miniprot predictions for species PSEHY@35572@1
fDOG-Assembly finished completely in 17.93s ( Group preparation: 0.02s 	Ortholog search: 5.99s 	FAS: 11.85s)
Outputs are saved at /share/project/mieke/fdog_neighbor_regions/XP_037038661.1/output/XP_037038749_1_LOC119076167_126/
