  0%|          | 0/13 [00:00<?, ?it/s]  8%|▊         | 1/13 [00:00<00:09,  1.28it/s] 15%|█▌        | 2/13 [00:01<00:09,  1.14it/s]BLAST Database error: Database memory map file error
BLAST Database error: Database memory map file error
BLAST Database error: Database memory map file error
BLAST Database error: Database memory map file error
BLAST Database error: Database memory map file error
BLAST Database error: Database memory map file error
BLAST Database error: Database memory map file error
BLAST Database error: Database memory map file error
BLAST Database error: Database memory map file error
BLAST Database error: Database memory map file error
BLAST Database error: Database memory map file error
The input files have no entry:  - /share/project/mieke/fdog_neighbor_regions/XP_037035063.1/output/XP_037035084_1_LOC119073612_262/tmp/BRAPE_1817611_1/JBDOHP010001537.1_1.fasta
Please check your input files. Only files in fasta/fastq[.gz|bz2] are supported
The input files have no entry:  - /share/project/mieke/fdog_neighbor_regions/XP_037035063.1/output/XP_037035084_1_LOC119073612_262/tmp/LYCAG_1887995_1/JBDOHN010038552.1_1.fasta
Please check your input files. Only files in fasta/fastq[.gz|bz2] are supported
The input files have no entry:  - /share/project/mieke/fdog_neighbor_regions/XP_037035063.1/output/XP_037035084_1_LOC119073612_262/tmp/BRAOD_1564500_1/JAFDOW010000828.1_1.fasta
Please check your input files. Only files in fasta/fastq[.gz|bz2] are supported
The input files have no entry:  - /share/project/mieke/fdog_neighbor_regions/XP_037035063.1/output/XP_037035084_1_LOC119073612_262/tmp/BRAOC_1260802_1/JBLNJI010001239.1_1.fasta
Please check your input files. Only files in fasta/fastq[.gz|bz2] are supported
The input files have no entry:  - /share/project/mieke/fdog_neighbor_regions/XP_037035063.1/output/XP_037035084_1_LOC119073612_262/tmp/BRAIM_335710_1/OZ247437.1_1.fasta
Please check your input files. Only files in fasta/fastq[.gz|bz2] are supported
The input files have no entry:  - /share/project/mieke/fdog_neighbor_regions/XP_037035063.1/output/XP_037035084_1_LOC119073612_262/tmp/BRAAL_1260807_1/JBLNJJ010049233.1_1.fasta
Please check your input files. Only files in fasta/fastq[.gz|bz2] are supported
The input files have no entry:  - /share/project/mieke/fdog_neighbor_regions/XP_037035063.1/output/XP_037035084_1_LOC119073612_262/tmp/BRACO_1817600_1/JBDOHQ010020048.1_1.fasta
Please check your input files. Only files in fasta/fastq[.gz|bz2] are supported
The input files have no entry:  - /share/project/mieke/fdog_neighbor_regions/XP_037035063.1/output/XP_037035084_1_LOC119073612_262/tmp/LYCIN_767460_1/OZ247516.1_1.fasta
Please check your input files. Only files in fasta/fastq[.gz|bz2] are supported
The input files have no entry:  - /share/project/mieke/fdog_neighbor_regions/XP_037035063.1/output/XP_037035084_1_LOC119073612_262/tmp/PHYFL_1260839_1/JANTFA010081971.1_1.fasta
Please check your input files. Only files in fasta/fastq[.gz|bz2] are supported
The input files have no entry:  - /share/project/mieke/fdog_neighbor_regions/XP_037035063.1/output/XP_037035084_1_LOC119073612_262/tmp/BRADE_3151524_1/JBDOHO010001537.1_1.fasta
Please check your input files. Only files in fasta/fastq[.gz|bz2] are supported
The input files have no entry:  - /share/project/mieke/fdog_neighbor_regions/XP_037035063.1/output/XP_037035084_1_LOC119073612_262/tmp/PSEHY_35572_1/CM055404.1_1.fasta
Please check your input files. Only files in fasta/fastq[.gz|bz2] are supported
BLAST Database error: Database memory map file error
BLAST Database error: Database memory map file error
BLAST Database error: Database memory map file error
BLAST Database error: Database memory map file error
BLAST Database error: Database memory map file error
BLAST Database error: Database memory map file error
BLAST Database error: Database memory map file error
BLAST Database error: Database memory map file error
BLAST Database error: Database memory map file error
BLAST Database error: Database memory map file error
BLAST Database error: Database memory map file error
 23%|██▎       | 3/13 [00:05<00:23,  2.30s/it]100%|██████████| 13/13 [00:05<00:00,  2.25it/s]
