  0%|          | 0/13 [00:00<?, ?it/s]  8%|▊         | 1/13 [00:00<00:04,  2.91it/s] 15%|█▌        | 2/13 [00:01<00:07,  1.53it/s]BLAST Database error: Database memory map file error
BLAST Database error: Database memory map file error
BLAST Database error: Database memory map file error
BLAST Database error: Database memory map file error
BLAST Database error: Database memory map file error
BLAST Database error: Database memory map file error
BLAST Database error: Database memory map file error
BLAST Database error: Database memory map file error
BLAST Database error: Database memory map file error
BLAST Database error: Database memory map file error
BLAST Database error: Database memory map file error
BLAST Database error: Database memory map file error
BLAST Database error: Database memory map file error
BLAST Database error: Database memory map file error
The input files have no entry:  - /share/project/mieke/fdog_neighbor_regions/XP_037035063.1/output/XP_037035181_1_LOC119073677_73/tmp/TRISP_1260884_1/JANVCI010234305.1_1.fasta
Please check your input files. Only files in fasta/fastq[.gz|bz2] are supported
The input files have no entry:  - /share/project/mieke/fdog_neighbor_regions/XP_037035063.1/output/XP_037035181_1_LOC119073677_73/tmp/BRAIM_335710_1/OZ247437.1_1.fasta
Please check your input files. Only files in fasta/fastq[.gz|bz2] are supported
The input files have no entry: The input files have no entry:  - /share/project/mieke/fdog_neighbor_regions/XP_037035063.1/output/XP_037035181_1_LOC119073677_73/tmp/BRACO_1817600_1/JBDOHQ010009767.1_1.fasta
Please check your input files. Only files in fasta/fastq[.gz|bz2] are supported
 - /share/project/mieke/fdog_neighbor_regions/XP_037035063.1/output/XP_037035181_1_LOC119073677_73/tmp/BRAOD_1564500_1/JAFDOW010000828.1_1.fasta
Please check your input files. Only files in fasta/fastq[.gz|bz2] are supported
The input files have no entry:  - /share/project/mieke/fdog_neighbor_regions/XP_037035063.1/output/XP_037035181_1_LOC119073677_73/tmp/BRAAL_1260807_1/JBLNJJ010058528.1_1.fasta
Please check your input files. Only files in fasta/fastq[.gz|bz2] are supported
The input files have no entry:  - /share/project/mieke/fdog_neighbor_regions/XP_037035063.1/output/XP_037035181_1_LOC119073677_73/tmp/LYCIN_767460_1/OZ247516.1_1.fasta
Please check your input files. Only files in fasta/fastq[.gz|bz2] are supported
The input files have no entry:  - /share/project/mieke/fdog_neighbor_regions/XP_037035063.1/output/XP_037035181_1_LOC119073677_73/tmp/LYCAG_1887995_1/JBDOHN010144342.1_1.fasta
Please check your input files. Only files in fasta/fastq[.gz|bz2] are supported
The input files have no entry:  - /share/project/mieke/fdog_neighbor_regions/XP_037035063.1/output/XP_037035181_1_LOC119073677_73/tmp/BRAOC_1260802_1/JBLNJI010018052.1_1.fasta
Please check your input files. Only files in fasta/fastq[.gz|bz2] are supported
The input files have no entry:  - /share/project/mieke/fdog_neighbor_regions/XP_037035063.1/output/XP_037035181_1_LOC119073677_73/tmp/PSEHY_35572_1/CM055404.1_1.fasta
Please check your input files. Only files in fasta/fastq[.gz|bz2] are supported
The input files have no entry:  - /share/project/mieke/fdog_neighbor_regions/XP_037035063.1/output/XP_037035181_1_LOC119073677_73/tmp/BRADE_3151524_1/JBDOHO010017659.1_1.fasta
Please check your input files. Only files in fasta/fastq[.gz|bz2] are supported
The input files have no entry:  - /share/project/mieke/fdog_neighbor_regions/XP_037035063.1/output/XP_037035181_1_LOC119073677_73/tmp/PHYFL_1260839_1/JANTFA010163300.1_1.fasta
Please check your input files. Only files in fasta/fastq[.gz|bz2] are supported
BLAST Database error: Database memory map file error
BLAST Database error: Database memory map file error
BLAST Database error: Database memory map file error
BLAST Database error: Database memory map file error
BLAST Database error: Database memory map file error
BLAST Database error: Database memory map file error
BLAST Database error: Database memory map file error
BLAST Database error: Database memory map file error
The input files have no entry:  - /share/project/mieke/fdog_neighbor_regions/XP_037035063.1/output/XP_037035181_1_LOC119073677_73/tmp/LYCIN_767460_1/OZ247519.1_1.fasta
Please check your input files. Only files in fasta/fastq[.gz|bz2] are supported
 23%|██▎       | 3/13 [00:04<00:19,  1.99s/it]The input files have no entry:  - /share/project/mieke/fdog_neighbor_regions/XP_037035063.1/output/XP_037035181_1_LOC119073677_73/tmp/BRADE_3151524_1/JBDOHO010178039.1_1.fasta
Please check your input files. Only files in fasta/fastq[.gz|bz2] are supported
The input files have no entry:  - /share/project/mieke/fdog_neighbor_regions/XP_037035063.1/output/XP_037035181_1_LOC119073677_73/tmp/PHYFL_1260839_1/JANTFA010141513.1_1.fasta
Please check your input files. Only files in fasta/fastq[.gz|bz2] are supported
BLAST Database error: Database memory map file error
BLAST Database error: Database memory map file error
BLAST Database error: Database memory map file error
 85%|████████▍ | 11/13 [00:05<00:00,  2.33it/s]100%|██████████| 13/13 [00:05<00:00,  2.23it/s]
