  0%|          | 0/13 [00:00<?, ?it/s]  8%|▊         | 1/13 [00:00<00:10,  1.09it/s]BLAST Database error: Database memory map file error
BLAST Database error: Database memory map file error
BLAST Database error: Database memory map file error
BLAST Database error: Database memory map file error
BLAST Database error: Database memory map file error
BLAST Database error: Database memory map file error
BLAST Database error: Database memory map file error
BLAST Database error: Database memory map file error
BLAST Database error: Database memory map file error
BLAST Database error: Database memory map file error
BLAST Database error: Database memory map file error
BLAST Database error: Database memory map file error
The input files have no entry:  - /share/project/mieke/fdog_neighbor_regions/XP_037031339.1/output/XP_037031352_1_LOC119070919_652/tmp/BRAOC_1260802_1/JBLNJI010001549.1_1.fasta
Please check your input files. Only files in fasta/fastq[.gz|bz2] are supported
The input files have no entry:  - /share/project/mieke/fdog_neighbor_regions/XP_037031339.1/output/XP_037031352_1_LOC119070919_652/tmp/BRAIM_335710_1/OZ247435.1_1.fasta
Please check your input files. Only files in fasta/fastq[.gz|bz2] are supported
The input files have no entry:  - /share/project/mieke/fdog_neighbor_regions/XP_037031339.1/output/XP_037031352_1_LOC119070919_652/tmp/LYCIN_767460_1/OZ247514.1_1.fasta
Please check your input files. Only files in fasta/fastq[.gz|bz2] are supported
The input files have no entry:  - /share/project/mieke/fdog_neighbor_regions/XP_037031339.1/output/XP_037031352_1_LOC119070919_652/tmp/BRADE_3151524_1/JBDOHO010036619.1_1.fasta
Please check your input files. Only files in fasta/fastq[.gz|bz2] are supported
The input files have no entry:  - /share/project/mieke/fdog_neighbor_regions/XP_037031339.1/output/XP_037031352_1_LOC119070919_652/tmp/LYCAG_1887995_1/JBDOHN010000179.1_1.fasta
Please check your input files. Only files in fasta/fastq[.gz|bz2] are supported
The input files have no entry:  - /share/project/mieke/fdog_neighbor_regions/XP_037031339.1/output/XP_037031352_1_LOC119070919_652/tmp/BRAPE_1817611_1/JBDOHP010000456.1_1.fasta
Please check your input files. Only files in fasta/fastq[.gz|bz2] are supported
The input files have no entry:  - /share/project/mieke/fdog_neighbor_regions/XP_037031339.1/output/XP_037031352_1_LOC119070919_652/tmp/BRAAL_1260807_1/JBLNJJ010024199.1_1.fasta
Please check your input files. Only files in fasta/fastq[.gz|bz2] are supported
The input files have no entry:  - /share/project/mieke/fdog_neighbor_regions/XP_037031339.1/output/XP_037031352_1_LOC119070919_652/tmp/BRAOD_1564500_1/JAFDOW010001072.1_1.fasta
Please check your input files. Only files in fasta/fastq[.gz|bz2] are supported
The input files have no entry:  - /share/project/mieke/fdog_neighbor_regions/XP_037031339.1/output/XP_037031352_1_LOC119070919_652/tmp/TRISP_1260884_1/JANVCI010197069.1_1.fasta
Please check your input files. Only files in fasta/fastq[.gz|bz2] are supported
The input files have no entry:  - /share/project/mieke/fdog_neighbor_regions/XP_037031339.1/output/XP_037031352_1_LOC119070919_652/tmp/BRACO_1817600_1/JBDOHQ010005647.1_1.fasta
Please check your input files. Only files in fasta/fastq[.gz|bz2] are supported
The input files have no entry:  - /share/project/mieke/fdog_neighbor_regions/XP_037031339.1/output/XP_037031352_1_LOC119070919_652/tmp/PSEHY_35572_1/CM055403.1_1.fasta
Please check your input files. Only files in fasta/fastq[.gz|bz2] are supported
The input files have no entry:  - /share/project/mieke/fdog_neighbor_regions/XP_037031339.1/output/XP_037031352_1_LOC119070919_652/tmp/PHYFL_1260839_1/JANTFA010006387.1_1.fasta
Please check your input files. Only files in fasta/fastq[.gz|bz2] are supported
BLAST Database error: Database memory map file error
BLAST Database error: Database memory map file error
BLAST Database error: Database memory map file error
BLAST Database error: Database memory map file error
BLAST Database error: Database memory map file error
BLAST Database error: Database memory map file error
BLAST Database error: Database memory map file error
BLAST Database error: Database memory map file error
BLAST Database error: Database memory map file error
BLAST Database error: Database memory map file error
 15%|█▌        | 2/13 [00:04<00:27,  2.53s/it]BLAST Database error: Database memory map file error
BLAST Database error: Database memory map file error
100%|██████████| 13/13 [00:04<00:00,  2.81it/s]
