  0%|          | 0/13 [00:00<?, ?it/s]BLAST Database error: Database memory map file error
BLAST Database error: Database memory map file error
BLAST Database error: Database memory map file error
BLAST Database error: Database memory map file error
BLAST Database error: Database memory map file error
BLAST Database error: Database memory map file error
BLAST Database error: Database memory map file error
BLAST Database error: Database memory map file error
BLAST Database error: Database memory map file error
BLAST Database error: Database memory map file error
BLAST Database error: Database memory map file error
BLAST Database error: Database memory map file error
BLAST Database error: Database memory map file error
BLAST Database error: Database memory map file error
BLAST Database error: Database memory map file error
BLAST Database error: Database memory map file error
The input files have no entry:  - /share/project/mieke/fdog_neighbor_regions/XP_037038661.1/output/XP_037038749_1_LOC119076167_126/tmp/LYCAG_1887995_1/JBDOHN010053868.1_1.fasta
Please check your input files. Only files in fasta/fastq[.gz|bz2] are supported
The input files have no entry:  - /share/project/mieke/fdog_neighbor_regions/XP_037038661.1/output/XP_037038749_1_LOC119076167_126/tmp/LYCIN_767460_1/OZ247517.1_1.fasta
Please check your input files. Only files in fasta/fastq[.gz|bz2] are supported
The input files have no entry:  - /share/project/mieke/fdog_neighbor_regions/XP_037038661.1/output/XP_037038749_1_LOC119076167_126/tmp/TRISP_1260884_1/JANVCI010014896.1_1.fasta
Please check your input files. Only files in fasta/fastq[.gz|bz2] are supported
The input files have no entry:  - /share/project/mieke/fdog_neighbor_regions/XP_037038661.1/output/XP_037038749_1_LOC119076167_126/tmp/BRAIM_335710_1/OZ247438.1_1.fasta
Please check your input files. Only files in fasta/fastq[.gz|bz2] are supported
The input files have no entry:  - /share/project/mieke/fdog_neighbor_regions/XP_037038661.1/output/XP_037038749_1_LOC119076167_126/tmp/BRAPE_1817611_1/JBDOHP010072165.1_1.fasta
Please check your input files. Only files in fasta/fastq[.gz|bz2] are supported
The input files have no entry:  - /share/project/mieke/fdog_neighbor_regions/XP_037038661.1/output/XP_037038749_1_LOC119076167_126/tmp/BRAAL_1260807_1/JBLNJJ010110189.1_1.fasta
Please check your input files. Only files in fasta/fastq[.gz|bz2] are supported
The input files have no entry:  - /share/project/mieke/fdog_neighbor_regions/XP_037038661.1/output/XP_037038749_1_LOC119076167_126/tmp/PHYFL_1260839_1/JANTFA010184981.1_1.fasta
Please check your input files. Only files in fasta/fastq[.gz|bz2] are supported
The input files have no entry:  - /share/project/mieke/fdog_neighbor_regions/XP_037038661.1/output/XP_037038749_1_LOC119076167_126/tmp/RHISO_456999_v1/NC_057383.1_1.fasta
Please check your input files. Only files in fasta/fastq[.gz|bz2] are supported
The input files have no entry:  - /share/project/mieke/fdog_neighbor_regions/XP_037038661.1/output/XP_037038749_1_LOC119076167_126/tmp/BRACO_1817600_1/JBDOHQ010007109.1_1.fasta
Please check your input files. Only files in fasta/fastq[.gz|bz2] are supported
The input files have no entry:  - /share/project/mieke/fdog_neighbor_regions/XP_037038661.1/output/XP_037038749_1_LOC119076167_126/tmp/BRAOC_1260802_1/JBLNJI010102727.1_1.fasta
Please check your input files. Only files in fasta/fastq[.gz|bz2] are supported
The input files have no entry:  - /share/project/mieke/fdog_neighbor_regions/XP_037038661.1/output/XP_037038749_1_LOC119076167_126/tmp/BRAOD_1564500_1/JAFDOW010000370.1_1.fasta
Please check your input files. Only files in fasta/fastq[.gz|bz2] are supported
The input files have no entry:  - /share/project/mieke/fdog_neighbor_regions/XP_037038661.1/output/XP_037038749_1_LOC119076167_126/tmp/BRADE_3151524_1/JBDOHO010029649.1_1.fasta
Please check your input files. Only files in fasta/fastq[.gz|bz2] are supported
The input files have no entry:  - /share/project/mieke/fdog_neighbor_regions/XP_037038661.1/output/XP_037038749_1_LOC119076167_126/tmp/PSEHY_35572_1/CM055405.1_1.fasta
Please check your input files. Only files in fasta/fastq[.gz|bz2] are supported
BLAST Database error: Database memory map file error
BLAST Database error: Database memory map file error
BLAST Database error: Database memory map file error
BLAST Database error: Database memory map file error
BLAST Database error: Database memory map file error
BLAST Database error: Database memory map file error
BLAST Database error: Database memory map file error
BLAST Database error: Database memory map file error
BLAST Database error: Database memory map file error
BLAST Database error: Database memory map file error
  8%|▊         | 1/13 [00:04<00:58,  4.91s/it]The input files have no entry:  - /share/project/mieke/fdog_neighbor_regions/XP_037038661.1/output/XP_037038749_1_LOC119076167_126/tmp/BRAOC_1260802_1/JBLNJI010002603.1_1.fasta
Please check your input files. Only files in fasta/fastq[.gz|bz2] are supported
The input files have no entry:  - /share/project/mieke/fdog_neighbor_regions/XP_037038661.1/output/XP_037038749_1_LOC119076167_126/tmp/BRAOD_1564500_1/JAFDOW010000949.1_1.fasta
Please check your input files. Only files in fasta/fastq[.gz|bz2] are supported
The input files have no entry:  - /share/project/mieke/fdog_neighbor_regions/XP_037038661.1/output/XP_037038749_1_LOC119076167_126/tmp/BRADE_3151524_1/JBDOHO010063349.1_1.fasta
Please check your input files. Only files in fasta/fastq[.gz|bz2] are supported
BLAST Database error: Database memory map file error
BLAST Database error: Database memory map file error
BLAST Database error: Database memory map file error
 85%|████████▍ | 11/13 [00:05<00:00,  2.43it/s]100%|██████████| 13/13 [00:05<00:00,  2.21it/s]
