  0%|          | 0/13 [00:00<?, ?it/s]  8%|▊         | 1/13 [00:00<00:10,  1.10it/s]BLAST Database error: Database memory map file error
BLAST Database error: Database memory map file error
BLAST Database error: Database memory map file error
BLAST Database error: Database memory map file error
BLAST Database error: Database memory map file error
BLAST Database error: Database memory map file error
BLAST Database error: Database memory map file error
BLAST Database error: Database memory map file error
BLAST Database error: Database memory map file error
BLAST Database error: Database memory map file error
BLAST Database error: Database memory map file error
BLAST Database error: Database memory map file error
BLAST Database error: Database memory map file error
The input files have no entry:  - /share/project/mieke/fdog_neighbor_regions/XP_037025833.1/output/XP_037025812_1_LOC119067132_615/tmp/BRACO_1817600_1/JBDOHQ010000090.1_1.fasta
Please check your input files. Only files in fasta/fastq[.gz|bz2] are supported
The input files have no entry:  - /share/project/mieke/fdog_neighbor_regions/XP_037025833.1/output/XP_037025812_1_LOC119067132_615/tmp/LYCIN_767460_1/OZ247515.1_1.fasta
Please check your input files. Only files in fasta/fastq[.gz|bz2] are supported
The input files have no entry:  - /share/project/mieke/fdog_neighbor_regions/XP_037025833.1/output/XP_037025812_1_LOC119067132_615/tmp/PHYFL_1260839_1/JANTFA010159793.1_1.fasta
Please check your input files. Only files in fasta/fastq[.gz|bz2] are supported
The input files have no entry:  - /share/project/mieke/fdog_neighbor_regions/XP_037025833.1/output/XP_037025812_1_LOC119067132_615/tmp/TRISP_1260884_1/JANVCI010254970.1_1.fasta
Please check your input files. Only files in fasta/fastq[.gz|bz2] are supported
The input files have no entry:  - /share/project/mieke/fdog_neighbor_regions/XP_037025833.1/output/XP_037025812_1_LOC119067132_615/tmp/BRADE_3151524_1/JBDOHO010000186.1_1.fasta
Please check your input files. Only files in fasta/fastq[.gz|bz2] are supported
The input files have no entry:  - /share/project/mieke/fdog_neighbor_regions/XP_037025833.1/output/XP_037025812_1_LOC119067132_615/tmp/BRAAL_1260807_1/JBLNJJ010000956.1_1.fasta
Please check your input files. Only files in fasta/fastq[.gz|bz2] are supported
The input files have no entry:  - /share/project/mieke/fdog_neighbor_regions/XP_037025833.1/output/XP_037025812_1_LOC119067132_615/tmp/BRAOD_1564500_1/JAFDOW010000598.1_1.fasta
Please check your input files. Only files in fasta/fastq[.gz|bz2] are supported
The input files have no entry:  - /share/project/mieke/fdog_neighbor_regions/XP_037025833.1/output/XP_037025812_1_LOC119067132_615/tmp/BRAPE_1817611_1/JBDOHP010000112.1_1.fasta
Please check your input files. Only files in fasta/fastq[.gz|bz2] are supported
The input files have no entry:  - /share/project/mieke/fdog_neighbor_regions/XP_037025833.1/output/XP_037025812_1_LOC119067132_615/tmp/LYCAG_1887995_1/JBDOHN010007974.1_1.fasta
Please check your input files. Only files in fasta/fastq[.gz|bz2] are supported
The input files have no entry:  - /share/project/mieke/fdog_neighbor_regions/XP_037025833.1/output/XP_037025812_1_LOC119067132_615/tmp/BRAOC_1260802_1/JBLNJI010000071.1_1.fasta
Please check your input files. Only files in fasta/fastq[.gz|bz2] are supported
The input files have no entry:  - /share/project/mieke/fdog_neighbor_regions/XP_037025833.1/output/XP_037025812_1_LOC119067132_615/tmp/PSEHY_35572_1/CM055406.1_1.fasta
Please check your input files. Only files in fasta/fastq[.gz|bz2] are supported
The input files have no entry:  - /share/project/mieke/fdog_neighbor_regions/XP_037025833.1/output/XP_037025812_1_LOC119067132_615/tmp/BRAIM_335710_1/OZ247436.1_1.fasta
Please check your input files. Only files in fasta/fastq[.gz|bz2] are supported
BLAST Database error: Database memory map file error
BLAST Database error: Database memory map file error
 15%|█▌        | 2/13 [00:04<00:29,  2.72s/it]BLAST Database error: Database memory map file error
BLAST Database error: Database memory map file error
BLAST Database error: Database memory map file error
BLAST Database error: Database memory map file error
 31%|███       | 4/13 [00:05<00:09,  1.05s/it]BLAST Database error: Database memory map file error
BLAST Database error: Database memory map file error
BLAST Database error: Database memory map file error
 77%|███████▋  | 10/13 [00:05<00:00,  3.32it/s]BLAST Database error: Database memory map file error
BLAST Database error: Database memory map file error
The input files have no entry:  - /share/project/mieke/fdog_neighbor_regions/XP_037025833.1/output/XP_037025812_1_LOC119067132_615/tmp/BRAIM_335710_1/OZ247434.1_1.fasta
Please check your input files. Only files in fasta/fastq[.gz|bz2] are supported
BLAST Database error: Database memory map file error
100%|██████████| 13/13 [00:07<00:00,  2.15it/s]100%|██████████| 13/13 [00:07<00:00,  1.74it/s]
