  0%|          | 0/13 [00:00<?, ?it/s]BLAST Database error: Database memory map file error
BLAST Database error: Database memory map file error
BLAST Database error: Database memory map file error
BLAST Database error: Database memory map file error
BLAST Database error: Database memory map file error
BLAST Database error: Database memory map file error
BLAST Database error: Database memory map file error
BLAST Database error: Database memory map file error
BLAST Database error: Database memory map file error
BLAST Database error: Database memory map file error
BLAST Database error: Database memory map file error
BLAST Database error: Database memory map file error
BLAST Database error: Database memory map file error
BLAST Database error: Database memory map file error
BLAST Database error: Database memory map file error
The input files have no entry:  - /share/project/mieke/fdog_neighbor_regions/XP_037043383.1/output/XP_037043286_1_LOC119079463_1172/tmp/RHISO_456999_v1/NC_057385.1_1.fasta
Please check your input files. Only files in fasta/fastq[.gz|bz2] are supported
The input files have no entry:  - /share/project/mieke/fdog_neighbor_regions/XP_037043383.1/output/XP_037043286_1_LOC119079463_1172/tmp/TRISP_1260884_1/JANVCI010204107.1_1.fasta
Please check your input files. Only files in fasta/fastq[.gz|bz2] are supported
The input files have no entry:  - /share/project/mieke/fdog_neighbor_regions/XP_037043383.1/output/XP_037043286_1_LOC119079463_1172/tmp/PHYFL_1260839_1/JANTFA010004191.1_1.fasta
Please check your input files. Only files in fasta/fastq[.gz|bz2] are supported
The input files have no entry:  - /share/project/mieke/fdog_neighbor_regions/XP_037043383.1/output/XP_037043286_1_LOC119079463_1172/tmp/BRACO_1817600_1/JBDOHQ010005357.1_1.fasta
Please check your input files. Only files in fasta/fastq[.gz|bz2] are supported
The input files have no entry:  - /share/project/mieke/fdog_neighbor_regions/XP_037043383.1/output/XP_037043286_1_LOC119079463_1172/tmp/BRADE_3151524_1/JBDOHO010101065.1_1.fasta
Please check your input files. Only files in fasta/fastq[.gz|bz2] are supported
The input files have no entry:  - /share/project/mieke/fdog_neighbor_regions/XP_037043383.1/output/XP_037043286_1_LOC119079463_1172/tmp/PSEHY_35572_1/WJQU01002309.1_1.fasta
Please check your input files. Only files in fasta/fastq[.gz|bz2] are supported
The input files have no entry:  - /share/project/mieke/fdog_neighbor_regions/XP_037043383.1/output/XP_037043286_1_LOC119079463_1172/tmp/BRAOD_1564500_1/JAFDOW010001352.1_1.fasta
Please check your input files. Only files in fasta/fastq[.gz|bz2] are supported
The input files have no entry:  - /share/project/mieke/fdog_neighbor_regions/XP_037043383.1/output/XP_037043286_1_LOC119079463_1172/tmp/BRAAL_1260807_1/JBLNJJ010008654.1_1.fasta
Please check your input files. Only files in fasta/fastq[.gz|bz2] are supported
The input files have no entry:  - /share/project/mieke/fdog_neighbor_regions/XP_037043383.1/output/XP_037043286_1_LOC119079463_1172/tmp/LYCAG_1887995_1/JBDOHN010003619.1_1.fasta
Please check your input files. Only files in fasta/fastq[.gz|bz2] are supported
The input files have no entry:  - /share/project/mieke/fdog_neighbor_regions/XP_037043383.1/output/XP_037043286_1_LOC119079463_1172/tmp/BRAPE_1817611_1/JBDOHP010023416.1_1.fasta
Please check your input files. Only files in fasta/fastq[.gz|bz2] are supported
The input files have no entry:  - /share/project/mieke/fdog_neighbor_regions/XP_037043383.1/output/XP_037043286_1_LOC119079463_1172/tmp/BRAIM_335710_1/OZ247437.1_1.fasta
Please check your input files. Only files in fasta/fastq[.gz|bz2] are supported
The input files have no entry:  - /share/project/mieke/fdog_neighbor_regions/XP_037043383.1/output/XP_037043286_1_LOC119079463_1172/tmp/BRAOC_1260802_1/JBLNJI010000726.1_1.fasta
Please check your input files. Only files in fasta/fastq[.gz|bz2] are supported
The input files have no entry:  - /share/project/mieke/fdog_neighbor_regions/XP_037043383.1/output/XP_037043286_1_LOC119079463_1172/tmp/LYCIN_767460_1/OZ247516.1_1.fasta
Please check your input files. Only files in fasta/fastq[.gz|bz2] are supported
BLAST Database error: Database memory map file error
BLAST Database error: Database memory map file error
BLAST Database error: Database memory map file error
  8%|▊         | 1/13 [00:04<00:50,  4.25s/it]BLAST Database error: Database memory map file error
BLAST Database error: Database memory map file error
BLAST Database error: Database memory map file error
BLAST Database error: Database memory map file error
BLAST Database error: Database memory map file error
 62%|██████▏   | 8/13 [00:04<00:02,  2.46it/s]BLAST Database error: Database memory map file error
BLAST Database error: Database memory map file error
BLAST Database error: Database memory map file error
 85%|████████▍ | 11/13 [00:04<00:00,  3.64it/s]The input files have no entry: The input files have no entry:  - /share/project/mieke/fdog_neighbor_regions/XP_037043383.1/output/XP_037043286_1_LOC119079463_1172/tmp/BRADE_3151524_1/JBDOHO010104026.1_1.fasta
 - /share/project/mieke/fdog_neighbor_regions/XP_037043383.1/output/XP_037043286_1_LOC119079463_1172/tmp/TRISP_1260884_1/JANVCI010222125.1_1.fasta
Please check your input files. Only files in fasta/fastq[.gz|bz2] are supported
Please check your input files. Only files in fasta/fastq[.gz|bz2] are supported
BLAST Database error: Database memory map file error
BLAST Database error: Database memory map file error
100%|██████████| 13/13 [00:05<00:00,  2.35it/s]
