  0%|          | 0/13 [00:00<?, ?it/s]  8%|▊         | 1/13 [00:00<00:08,  1.49it/s]BLAST Database error: Database memory map file error
BLAST Database error: Database memory map file error
BLAST Database error: Database memory map file error
BLAST Database error: Database memory map file error
BLAST Database error: Database memory map file error
BLAST Database error: Database memory map file error
BLAST Database error: Database memory map file error
BLAST Database error: Database memory map file error
BLAST Database error: Database memory map file error
BLAST Database error: Database memory map file error
BLAST Database error: Database memory map file error
BLAST Database error: Database memory map file error
BLAST Database error: Database memory map file error
BLAST Database error: Database memory map file error
BLAST Database error: Database memory map file error
BLAST Database error: Database memory map file error
BLAST Database error: Database memory map file error
BLAST Database error: Database memory map file error
BLAST Database error: Database memory map file error
BLAST Database error: Database memory map file error
BLAST Database error: Database memory map file error
BLAST Database error: Database memory map file error
BLAST Database error: Database memory map file error
BLAST Database error: Database memory map file error
BLAST Database error: Database memory map file error
BLAST Database error: Database memory map file error
BLAST Database error: Database memory map file error
BLAST Database error: Database memory map file error
BLAST Database error: Database memory map file error
The input files have no entry:  - /share/project/mieke/fdog_neighbor_regions/XP_037032572.1/output/XP_037032561_1_LOC119071684_535/tmp/BRAAL_1260807_1/JBLNJJ010004906.1_1.fasta
Please check your input files. Only files in fasta/fastq[.gz|bz2] are supported
The input files have no entry:  - /share/project/mieke/fdog_neighbor_regions/XP_037032572.1/output/XP_037032561_1_LOC119071684_535/tmp/BRAOD_1564500_1/JAFDOW010001356.1_1.fasta
Please check your input files. Only files in fasta/fastq[.gz|bz2] are supported
The input files have no entry:  - /share/project/mieke/fdog_neighbor_regions/XP_037032572.1/output/XP_037032561_1_LOC119071684_535/tmp/BRAIM_335710_1/OZ247435.1_1.fasta
Please check your input files. Only files in fasta/fastq[.gz|bz2] are supported
The input files have no entry:  - /share/project/mieke/fdog_neighbor_regions/XP_037032572.1/output/XP_037032561_1_LOC119071684_535/tmp/TRISP_1260884_1/JANVCI010218792.1_1.fasta
Please check your input files. Only files in fasta/fastq[.gz|bz2] are supported
The input files have no entry:  - /share/project/mieke/fdog_neighbor_regions/XP_037032572.1/output/XP_037032561_1_LOC119071684_535/tmp/BRACO_1817600_1/JBDOHQ010008691.1_1.fasta
Please check your input files. Only files in fasta/fastq[.gz|bz2] are supported
The input files have no entry:  - /share/project/mieke/fdog_neighbor_regions/XP_037032572.1/output/XP_037032561_1_LOC119071684_535/tmp/BRAPE_1817611_1/JBDOHP010039912.1_1.fasta
Please check your input files. Only files in fasta/fastq[.gz|bz2] are supported
The input files have no entry:  - /share/project/mieke/fdog_neighbor_regions/XP_037032572.1/output/XP_037032561_1_LOC119071684_535/tmp/BRAOC_1260802_1/JBLNJI010001145.1_1.fasta
Please check your input files. Only files in fasta/fastq[.gz|bz2] are supported
The input files have no entry:  - /share/project/mieke/fdog_neighbor_regions/XP_037032572.1/output/XP_037032561_1_LOC119071684_535/tmp/LYCAG_1887995_1/JBDOHN010001854.1_1.fasta
Please check your input files. Only files in fasta/fastq[.gz|bz2] are supported
The input files have no entry:  - /share/project/mieke/fdog_neighbor_regions/XP_037032572.1/output/XP_037032561_1_LOC119071684_535/tmp/PHYFL_1260839_1/JANTFA010172104.1_1.fasta
Please check your input files. Only files in fasta/fastq[.gz|bz2] are supported
The input files have no entry:  - /share/project/mieke/fdog_neighbor_regions/XP_037032572.1/output/XP_037032561_1_LOC119071684_535/tmp/LYCIN_767460_1/OZ247514.1_1.fasta
Please check your input files. Only files in fasta/fastq[.gz|bz2] are supported
The input files have no entry:  - /share/project/mieke/fdog_neighbor_regions/XP_037032572.1/output/XP_037032561_1_LOC119071684_535/tmp/PSEHY_35572_1/CM055406.1_1.fasta
Please check your input files. Only files in fasta/fastq[.gz|bz2] are supported
The input files have no entry:  - /share/project/mieke/fdog_neighbor_regions/XP_037032572.1/output/XP_037032561_1_LOC119071684_535/tmp/BRADE_3151524_1/JBDOHO010003336.1_1.fasta
Please check your input files. Only files in fasta/fastq[.gz|bz2] are supported
The input files have no entry:  - /share/project/mieke/fdog_neighbor_regions/XP_037032572.1/output/XP_037032561_1_LOC119071684_535/tmp/BRAOD_1564500_1/JAFDOW010000960.1_1.fasta
Please check your input files. Only files in fasta/fastq[.gz|bz2] are supported
The input files have no entry:  - /share/project/mieke/fdog_neighbor_regions/XP_037032572.1/output/XP_037032561_1_LOC119071684_535/tmp/BRAIM_335710_1/OZ247437.1_1.fasta
Please check your input files. Only files in fasta/fastq[.gz|bz2] are supported
The input files have no entry:  - /share/project/mieke/fdog_neighbor_regions/XP_037032572.1/output/XP_037032561_1_LOC119071684_535/tmp/BRAOC_1260802_1/JBLNJI010033730.1_1.fasta
Please check your input files. Only files in fasta/fastq[.gz|bz2] are supported
The input files have no entry:  - /share/project/mieke/fdog_neighbor_regions/XP_037032572.1/output/XP_037032561_1_LOC119071684_535/tmp/BRAAL_1260807_1/JBLNJJ010001098.1_1.fasta
Please check your input files. Only files in fasta/fastq[.gz|bz2] are supported
The input files have no entry:  - /share/project/mieke/fdog_neighbor_regions/XP_037032572.1/output/XP_037032561_1_LOC119071684_535/tmp/BRAPE_1817611_1/JBDOHP010002209.1_1.fasta
Please check your input files. Only files in fasta/fastq[.gz|bz2] are supported
The input files have no entry:  - /share/project/mieke/fdog_neighbor_regions/XP_037032572.1/output/XP_037032561_1_LOC119071684_535/tmp/BRACO_1817600_1/JBDOHQ010004803.1_1.fasta
Please check your input files. Only files in fasta/fastq[.gz|bz2] are supported
The input files have no entry:  - /share/project/mieke/fdog_neighbor_regions/XP_037032572.1/output/XP_037032561_1_LOC119071684_535/tmp/TRISP_1260884_1/JANVCI010025356.1_1.fasta
Please check your input files. Only files in fasta/fastq[.gz|bz2] are supported
The input files have no entry:  - /share/project/mieke/fdog_neighbor_regions/XP_037032572.1/output/XP_037032561_1_LOC119071684_535/tmp/LYCAG_1887995_1/JBDOHN010006620.1_1.fasta
Please check your input files. Only files in fasta/fastq[.gz|bz2] are supported
The input files have no entry:  - /share/project/mieke/fdog_neighbor_regions/XP_037032572.1/output/XP_037032561_1_LOC119071684_535/tmp/PHYFL_1260839_1/JANTFA010130223.1_1.fasta
Please check your input files. Only files in fasta/fastq[.gz|bz2] are supported
The input files have no entry:  - /share/project/mieke/fdog_neighbor_regions/XP_037032572.1/output/XP_037032561_1_LOC119071684_535/tmp/LYCIN_767460_1/OZ247516.1_1.fasta
Please check your input files. Only files in fasta/fastq[.gz|bz2] are supported
The input files have no entry:  - /share/project/mieke/fdog_neighbor_regions/XP_037032572.1/output/XP_037032561_1_LOC119071684_535/tmp/BRADE_3151524_1/JBDOHO010002015.1_1.fasta
Please check your input files. Only files in fasta/fastq[.gz|bz2] are supported
The input files have no entry:  - /share/project/mieke/fdog_neighbor_regions/XP_037032572.1/output/XP_037032561_1_LOC119071684_535/tmp/PSEHY_35572_1/CM055403.1_1.fasta
Please check your input files. Only files in fasta/fastq[.gz|bz2] are supported
BLAST Database error: Database memory map file error
BLAST Database error: Database memory map file error
BLAST Database error: Database memory map file error
BLAST Database error: Database memory map file error
BLAST Database error: Database memory map file error
BLAST Database error: Database memory map file error
BLAST Database error: Database memory map file error
BLAST Database error: Database memory map file error
 15%|█▌        | 2/13 [00:09<00:57,  5.21s/it]The input files have no entry:  - /share/project/mieke/fdog_neighbor_regions/XP_037032572.1/output/XP_037032561_1_LOC119071684_535/tmp/PHYFL_1260839_1/JANTFA010142504.1_1.fasta
Please check your input files. Only files in fasta/fastq[.gz|bz2] are supported
The input files have no entry:  - /share/project/mieke/fdog_neighbor_regions/XP_037032572.1/output/XP_037032561_1_LOC119071684_535/tmp/LYCIN_767460_1/OZ247519.1_1.fasta
Please check your input files. Only files in fasta/fastq[.gz|bz2] are supported
The input files have no entry:  - /share/project/mieke/fdog_neighbor_regions/XP_037032572.1/output/XP_037032561_1_LOC119071684_535/tmp/BRADE_3151524_1/JBDOHO010002179.1_1.fasta
Please check your input files. Only files in fasta/fastq[.gz|bz2] are supported
The input files have no entry:  - /share/project/mieke/fdog_neighbor_regions/XP_037032572.1/output/XP_037032561_1_LOC119071684_535/tmp/PSEHY_35572_1/CM055404.1_1.fasta
Please check your input files. Only files in fasta/fastq[.gz|bz2] are supported
The input files have no entry:  - /share/project/mieke/fdog_neighbor_regions/XP_037032572.1/output/XP_037032561_1_LOC119071684_535/tmp/BRADE_3151524_1/JBDOHO010106404.1_1.fasta
Please check your input files. Only files in fasta/fastq[.gz|bz2] are supported
BLAST Database error: Database memory map file error
BLAST Database error: Database memory map file error
BLAST Database error: Database memory map file error
 77%|███████▋  | 10/13 [00:10<00:02,  1.19it/s]BLAST Database error: Database memory map file error
100%|██████████| 13/13 [00:10<00:00,  1.71it/s]100%|██████████| 13/13 [00:10<00:00,  1.21it/s]
