  0%|          | 0/13 [00:00<?, ?it/s]  8%|▊         | 1/13 [00:01<00:13,  1.15s/it]BLAST Database error: Database memory map file error
BLAST Database error: Database memory map file error
BLAST Database error: Database memory map file error
BLAST Database error: Database memory map file error
BLAST Database error: Database memory map file error
BLAST Database error: Database memory map file error
BLAST Database error: Database memory map file error
BLAST Database error: Database memory map file error
BLAST Database error: Database memory map file error
BLAST Database error: Database memory map file error
BLAST Database error: Database memory map file error
BLAST Database error: Database memory map file error
BLAST Database error: Database memory map file error
BLAST Database error: Database memory map file error
BLAST Database error: Database memory map file error
BLAST Database error: Database memory map file error
BLAST Database error: Database memory map file error
BLAST Database error: Database memory map file error
The input files have no entry:  - /share/project/mieke/fdog_neighbor_regions/XP_037032572.1/output/XP_037032575_1_LOC119071692_154/tmp/PHYFL_1260839_1/JANTFA010076024.1_1.fasta
Please check your input files. Only files in fasta/fastq[.gz|bz2] are supported
The input files have no entry:  - /share/project/mieke/fdog_neighbor_regions/XP_037032572.1/output/XP_037032575_1_LOC119071692_154/tmp/BRAOD_1564500_1/JAFDOW010000954.1_1.fasta
Please check your input files. Only files in fasta/fastq[.gz|bz2] are supported
The input files have no entry:  - /share/project/mieke/fdog_neighbor_regions/XP_037032572.1/output/XP_037032575_1_LOC119071692_154/tmp/LYCAG_1887995_1/JBDOHN010026085.1_1.fasta
Please check your input files. Only files in fasta/fastq[.gz|bz2] are supported
The input files have no entry:  - /share/project/mieke/fdog_neighbor_regions/XP_037032572.1/output/XP_037032575_1_LOC119071692_154/tmp/BRADE_3151524_1/JBDOHO010027853.1_1.fasta
Please check your input files. Only files in fasta/fastq[.gz|bz2] are supported
The input files have no entry:  - /share/project/mieke/fdog_neighbor_regions/XP_037032572.1/output/XP_037032575_1_LOC119071692_154/tmp/BRAIM_335710_1/OZ247435.1_1.fasta
Please check your input files. Only files in fasta/fastq[.gz|bz2] are supported
BLAST Database error: Database memory map file error
BLAST Database error: Database memory map file error
BLAST Database error: Database memory map file error
BLAST Database error: Database memory map file error
BLAST Database error: Database memory map file error
 15%|█▌        | 2/13 [00:04<00:24,  2.21s/it]The input files have no entry:  - /share/project/mieke/fdog_neighbor_regions/XP_037032572.1/output/XP_037032575_1_LOC119071692_154/tmp/BRAAL_1260807_1/JBLNJJ010008180.1_1.fasta
Please check your input files. Only files in fasta/fastq[.gz|bz2] are supported
BLAST Database error: Database memory map file error
The input files have no entry:  - /share/project/mieke/fdog_neighbor_regions/XP_037032572.1/output/XP_037032575_1_LOC119071692_154/tmp/LYCIN_767460_1/OZ247514.1_1.fasta
Please check your input files. Only files in fasta/fastq[.gz|bz2] are supported
 38%|███▊      | 5/13 [00:04<00:05,  1.53it/s]The input files have no entry:  - /share/project/mieke/fdog_neighbor_regions/XP_037032572.1/output/XP_037032575_1_LOC119071692_154/tmp/TRISP_1260884_1/JANVCI010218940.1_1.fasta
Please check your input files. Only files in fasta/fastq[.gz|bz2] are supported
The input files have no entry:  - /share/project/mieke/fdog_neighbor_regions/XP_037032572.1/output/XP_037032575_1_LOC119071692_154/tmp/PSEHY_35572_1/CM055403.1_1.fasta
Please check your input files. Only files in fasta/fastq[.gz|bz2] are supported
The input files have no entry:  - /share/project/mieke/fdog_neighbor_regions/XP_037032572.1/output/XP_037032575_1_LOC119071692_154/tmp/BRAOC_1260802_1/JBLNJI010000963.1_1.fasta
Please check your input files. Only files in fasta/fastq[.gz|bz2] are supported
The input files have no entry:  - /share/project/mieke/fdog_neighbor_regions/XP_037032572.1/output/XP_037032575_1_LOC119071692_154/tmp/BRAIM_335710_1/OZ247435.1_2.fasta
Please check your input files. Only files in fasta/fastq[.gz|bz2] are supported
The input files have no entry:  - /share/project/mieke/fdog_neighbor_regions/XP_037032572.1/output/XP_037032575_1_LOC119071692_154/tmp/BRAPE_1817611_1/JBDOHP010062752.1_1.fasta
Please check your input files. Only files in fasta/fastq[.gz|bz2] are supported
The input files have no entry:  - /share/project/mieke/fdog_neighbor_regions/XP_037032572.1/output/XP_037032575_1_LOC119071692_154/tmp/BRACO_1817600_1/JBDOHQ010008455.1_1.fasta
Please check your input files. Only files in fasta/fastq[.gz|bz2] are supported
The input files have no entry:  - /share/project/mieke/fdog_neighbor_regions/XP_037032572.1/output/XP_037032575_1_LOC119071692_154/tmp/TRISP_1260884_1/JANVCI010204310.1_1.fasta
Please check your input files. Only files in fasta/fastq[.gz|bz2] are supported
The input files have no entry:  - /share/project/mieke/fdog_neighbor_regions/XP_037032572.1/output/XP_037032575_1_LOC119071692_154/tmp/BRAOC_1260802_1/JBLNJI010001025.1_1.fasta
Please check your input files. Only files in fasta/fastq[.gz|bz2] are supported
BLAST Database error: Database memory map file error
BLAST Database error: Database memory map file error
 54%|█████▍    | 7/13 [00:05<00:03,  1.60it/s]BLAST Database error: Database memory map file error
BLAST Database error: Database memory map file error
The input files have no entry:  - /share/project/mieke/fdog_neighbor_regions/XP_037032572.1/output/XP_037032575_1_LOC119071692_154/tmp/BRACO_1817600_1/JBDOHQ010024811.1_1.fasta
Please check your input files. Only files in fasta/fastq[.gz|bz2] are supported
The input files have no entry:  - /share/project/mieke/fdog_neighbor_regions/XP_037032572.1/output/XP_037032575_1_LOC119071692_154/tmp/BRAPE_1817611_1/JBDOHP010002169.1_1.fasta
Please check your input files. Only files in fasta/fastq[.gz|bz2] are supported
The input files have no entry:  - /share/project/mieke/fdog_neighbor_regions/XP_037032572.1/output/XP_037032575_1_LOC119071692_154/tmp/BRACO_1817600_1/JBDOHQ010007609.1_1.fasta
Please check your input files. Only files in fasta/fastq[.gz|bz2] are supported
The input files have no entry:  - /share/project/mieke/fdog_neighbor_regions/XP_037032572.1/output/XP_037032575_1_LOC119071692_154/tmp/BRAPE_1817611_1/JBDOHP010072527.1_1.fasta
Please check your input files. Only files in fasta/fastq[.gz|bz2] are supported
The input files have no entry:  - /share/project/mieke/fdog_neighbor_regions/XP_037032572.1/output/XP_037032575_1_LOC119071692_154/tmp/LYCIN_767460_1/OZ247519.1_1.fasta
Please check your input files. Only files in fasta/fastq[.gz|bz2] are supported
The input files have no entry:  - /share/project/mieke/fdog_neighbor_regions/XP_037032572.1/output/XP_037032575_1_LOC119071692_154/tmp/BRAAL_1260807_1/JBLNJJ010001329.1_1.fasta
Please check your input files. Only files in fasta/fastq[.gz|bz2] are supported
BLAST Database error: Database memory map file error
BLAST Database error: Database memory map file error
BLAST Database error: Database memory map file error
BLAST Database error: Database memory map file error
 77%|███████▋  | 10/13 [00:06<00:01,  1.73it/s]100%|██████████| 13/13 [00:06<00:00,  1.87it/s]
