  0%|          | 0/13 [00:00<?, ?it/s]  8%|▊         | 1/13 [00:00<00:10,  1.15it/s]BLAST Database error: Database memory map file error
BLAST Database error: Database memory map file error
BLAST Database error: Database memory map file error
BLAST Database error: Database memory map file error
BLAST Database error: Database memory map file error
BLAST Database error: Database memory map file error
BLAST Database error: Database memory map file error
BLAST Database error: Database memory map file error
BLAST Database error: Database memory map file error
BLAST Database error: Database memory map file error
BLAST Database error: Database memory map file error
BLAST Database error: Database memory map file error
The input files have no entry:  - /share/project/mieke/fdog_neighbor_regions/XP_037043383.1/output/XP_037043413_1_LOC119079533_251/tmp/LYCIN_767460_1/OZ247516.1_1.fasta
Please check your input files. Only files in fasta/fastq[.gz|bz2] are supported
The input files have no entry:  - /share/project/mieke/fdog_neighbor_regions/XP_037043383.1/output/XP_037043413_1_LOC119079533_251/tmp/BRAIM_335710_1/OZ247437.1_1.fasta
Please check your input files. Only files in fasta/fastq[.gz|bz2] are supported
The input files have no entry:  - /share/project/mieke/fdog_neighbor_regions/XP_037043383.1/output/XP_037043413_1_LOC119079533_251/tmp/BRADE_3151524_1/JBDOHO010006421.1_1.fasta
Please check your input files. Only files in fasta/fastq[.gz|bz2] are supported
The input files have no entry:  - /share/project/mieke/fdog_neighbor_regions/XP_037043383.1/output/XP_037043413_1_LOC119079533_251/tmp/BRAAL_1260807_1/JBLNJJ010025296.1_1.fasta
Please check your input files. Only files in fasta/fastq[.gz|bz2] are supported
The input files have no entry:  - /share/project/mieke/fdog_neighbor_regions/XP_037043383.1/output/XP_037043413_1_LOC119079533_251/tmp/LYCAG_1887995_1/JBDOHN010003000.1_1.fasta
Please check your input files. Only files in fasta/fastq[.gz|bz2] are supported
The input files have no entry:  - /share/project/mieke/fdog_neighbor_regions/XP_037043383.1/output/XP_037043413_1_LOC119079533_251/tmp/BRAOD_1564500_1/JAFDOW010001352.1_1.fasta
Please check your input files. Only files in fasta/fastq[.gz|bz2] are supported
The input files have no entry:  - /share/project/mieke/fdog_neighbor_regions/XP_037043383.1/output/XP_037043413_1_LOC119079533_251/tmp/BRACO_1817600_1/JBDOHQ010011497.1_1.fasta
Please check your input files. Only files in fasta/fastq[.gz|bz2] are supported
The input files have no entry:  - /share/project/mieke/fdog_neighbor_regions/XP_037043383.1/output/XP_037043413_1_LOC119079533_251/tmp/BRAOC_1260802_1/JBLNJI010000444.1_1.fasta
Please check your input files. Only files in fasta/fastq[.gz|bz2] are supported
The input files have no entry:  - /share/project/mieke/fdog_neighbor_regions/XP_037043383.1/output/XP_037043413_1_LOC119079533_251/tmp/BRAPE_1817611_1/JBDOHP010010622.1_1.fasta
Please check your input files. Only files in fasta/fastq[.gz|bz2] are supported
The input files have no entry:  - /share/project/mieke/fdog_neighbor_regions/XP_037043383.1/output/XP_037043413_1_LOC119079533_251/tmp/PHYFL_1260839_1/JANTFA010156226.1_1.fasta
Please check your input files. Only files in fasta/fastq[.gz|bz2] are supported
The input files have no entry:  - /share/project/mieke/fdog_neighbor_regions/XP_037043383.1/output/XP_037043413_1_LOC119079533_251/tmp/TRISP_1260884_1/JANVCI010262590.1_1.fasta
Please check your input files. Only files in fasta/fastq[.gz|bz2] are supported
The input files have no entry:  - /share/project/mieke/fdog_neighbor_regions/XP_037043383.1/output/XP_037043413_1_LOC119079533_251/tmp/PSEHY_35572_1/WJQU01001785.1_1.fasta
Please check your input files. Only files in fasta/fastq[.gz|bz2] are supported
BLAST Database error: Database memory map file error
BLAST Database error: Database memory map file error
BLAST Database error: Database memory map file error
BLAST Database error: Database memory map file error
BLAST Database error: Database memory map file error
BLAST Database error: Database memory map file error
BLAST Database error: Database memory map file error
BLAST Database error: Database memory map file error
BLAST Database error: Database memory map file error
BLAST Database error: Database memory map file error
BLAST Database error: Database memory map file error
BLAST Database error: Database memory map file error
 15%|█▌        | 2/13 [00:04<00:30,  2.77s/it]100%|██████████| 13/13 [00:04<00:00,  2.61it/s]
