QRW27021.1	XP_037043383.1	XP_037043268.1	LOC119079456	NW_023503584.1	3104226	3114401	True	XP_037043268.1|LOC119079456|1774
True
XP_037043383.1
XP_037043268.1
XP_037043268.1|LOC119079456|1774
XP_037043268_1_LOC119079456_1774
Gene: XP_037043268_1_LOC119079456_1774
fDOG reference species: BRACO@38358@014529535_1 

Building a consensus sequence
	 ...finished

Searching for orthologs ...
	 ...finished 

Calculating FAS scores ...
Error running FAS with  fas.run --seed /share/project/mieke/fdog_neighbor_regions/core_orthologs//XP_037043268_1_LOC119079456_1774/XP_037043268_1_LOC119079456_1774.fa --query /share/project/mieke/fdog_neighbor_regions/XP_037043383.1/output/XP_037043268_1_LOC119079456_1774//XP_037043268_1_LOC119079456_1774_og.fa --annotation_dir /share/project/mieke/fdog_neighbor_regions/XP_037043383.1/output/XP_037043268_1_LOC119079456_1774//tmp/anno_dir --bidirectional --tsv --phyloprofile /share/project/mieke/fdog_neighbor_regions/XP_037043383.1/output/XP_037043268_1_LOC119079456_1774//tmp/XP_037043268_1_LOC119079456_1774.mapping.txt --seed_id 'XP_037043268_1_LOC119079456_1774|BRACO@38358@014529535_1|XP_037043269.1' --out_dir /share/project/mieke/fdog_neighbor_regions/XP_037043383.1/output/XP_037043268_1_LOC119079456_1774/ --out_name XP_037043268_1_LOC119079456_1774
Error during gene prediction with metaeuk, using miniprot predictions for species PSEHY@35572@1
No gene predicted with augustus or metaeuk, using miniprot predictions for species PSEHY@35572@1
Error during gene prediction with metaeuk, using miniprot predictions for species BRADE@3151524@1
No gene predicted with augustus or metaeuk, using miniprot predictions for species BRADE@3151524@1
Error during gene prediction with metaeuk, using miniprot predictions for species RHISO@456999@v1
No gene predicted with augustus or metaeuk, using miniprot predictions for species RHISO@456999@v1
Error during gene prediction with metaeuk, using miniprot predictions for species BRAPE@1817611@1
No gene predicted with augustus or metaeuk, using miniprot predictions for species BRAPE@1817611@1
Error during gene prediction with metaeuk, using miniprot predictions for species BRAOC@1260802@1
No gene predicted with augustus or metaeuk, using miniprot predictions for species BRAOC@1260802@1
Error during gene prediction with metaeuk, using miniprot predictions for species PHYFL@1260839@1
No gene predicted with augustus or metaeuk, using miniprot predictions for species PHYFL@1260839@1
Error during gene prediction with metaeuk, using miniprot predictions for species LYCIN@767460@1
No gene predicted with augustus or metaeuk, using miniprot predictions for species LYCIN@767460@1
Error during gene prediction with metaeuk, using miniprot predictions for species BRAAL@1260807@1
Error during gene prediction with metaeuk, using miniprot predictions for species BRAAL@1260807@1
No gene predicted with augustus or metaeuk, using miniprot predictions for species BRAAL@1260807@1
Error during gene prediction with metaeuk, using miniprot predictions for species BRACO@1817600@1
No gene predicted with augustus or metaeuk, using miniprot predictions for species BRACO@1817600@1
