  0%|          | 0/13 [00:00<?, ?it/s]  8%|▊         | 1/13 [00:00<00:11,  1.03it/s]BLAST Database error: Database memory map file error
BLAST Database error: Database memory map file error
BLAST Database error: Database memory map file error
BLAST Database error: Database memory map file error
BLAST Database error: Database memory map file error
BLAST Database error: Database memory map file error
BLAST Database error: Database memory map file error
BLAST Database error: Database memory map file error
BLAST Database error: Database memory map file error
BLAST Database error: Database memory map file error
BLAST Database error: Database memory map file error
BLAST Database error: Database memory map file error
BLAST Database error: Database memory map file error
The input files have no entry:  - /share/project/mieke/fdog_neighbor_regions/XP_037032572.1/output/XP_037032572_1_LOC119071690_612/tmp/BRACO_1817600_1/JBDOHQ010066040.1_1.fasta
Please check your input files. Only files in fasta/fastq[.gz|bz2] are supported
The input files have no entry:  - /share/project/mieke/fdog_neighbor_regions/XP_037032572.1/output/XP_037032572_1_LOC119071690_612/tmp/PSEHY_35572_1/CM055403.1_1.fasta
Please check your input files. Only files in fasta/fastq[.gz|bz2] are supported
The input files have no entry:  - /share/project/mieke/fdog_neighbor_regions/XP_037032572.1/output/XP_037032572_1_LOC119071690_612/tmp/BRADE_3151524_1/JBDOHO010020220.1_1.fasta
Please check your input files. Only files in fasta/fastq[.gz|bz2] are supported
The input files have no entry:  - /share/project/mieke/fdog_neighbor_regions/XP_037032572.1/output/XP_037032572_1_LOC119071690_612/tmp/TRISP_1260884_1/JANVCI010056524.1_1.fasta
Please check your input files. Only files in fasta/fastq[.gz|bz2] are supported
The input files have no entry:  - /share/project/mieke/fdog_neighbor_regions/XP_037032572.1/output/XP_037032572_1_LOC119071690_612/tmp/PHYFL_1260839_1/JANTFA010145787.1_1.fasta
Please check your input files. Only files in fasta/fastq[.gz|bz2] are supported
The input files have no entry: The input files have no entry:  - /share/project/mieke/fdog_neighbor_regions/XP_037032572.1/output/XP_037032572_1_LOC119071690_612/tmp/LYCIN_767460_1/OZ247514.1_1.fasta
Please check your input files. Only files in fasta/fastq[.gz|bz2] are supported
The input files have no entry:  - /share/project/mieke/fdog_neighbor_regions/XP_037032572.1/output/XP_037032572_1_LOC119071690_612/tmp/BRAIM_335710_1/OZ247435.1_1.fasta
Please check your input files. Only files in fasta/fastq[.gz|bz2] are supported
The input files have no entry:  - /share/project/mieke/fdog_neighbor_regions/XP_037032572.1/output/XP_037032572_1_LOC119071690_612/tmp/BRAAL_1260807_1/JBLNJJ010088332.1_1.fasta
Please check your input files. Only files in fasta/fastq[.gz|bz2] are supported
 - /share/project/mieke/fdog_neighbor_regions/XP_037032572.1/output/XP_037032572_1_LOC119071690_612/tmp/BRAOD_1564500_1/JAFDOW010000954.1_1.fasta
Please check your input files. Only files in fasta/fastq[.gz|bz2] are supported
The input files have no entry:  - /share/project/mieke/fdog_neighbor_regions/XP_037032572.1/output/XP_037032572_1_LOC119071690_612/tmp/LYCAG_1887995_1/JBDOHN010004429.1_1.fasta
Please check your input files. Only files in fasta/fastq[.gz|bz2] are supported
The input files have no entry:  - /share/project/mieke/fdog_neighbor_regions/XP_037032572.1/output/XP_037032572_1_LOC119071690_612/tmp/BRAPE_1817611_1/JBDOHP010015937.1_1.fasta
Please check your input files. Only files in fasta/fastq[.gz|bz2] are supported
The input files have no entry:  - /share/project/mieke/fdog_neighbor_regions/XP_037032572.1/output/XP_037032572_1_LOC119071690_612/tmp/BRAOC_1260802_1/JBLNJI010001907.1_1.fasta
Please check your input files. Only files in fasta/fastq[.gz|bz2] are supported
The input files have no entry:  - /share/project/mieke/fdog_neighbor_regions/XP_037032572.1/output/XP_037032572_1_LOC119071690_612/tmp/BRAOC_1260802_1/JBLNJI010001960.1_1.fasta
Please check your input files. Only files in fasta/fastq[.gz|bz2] are supported
BLAST Database error: Database memory map file error
BLAST Database error: Database memory map file error
BLAST Database error: Database memory map file error
BLAST Database error: Database memory map file error
BLAST Database error: Database memory map file error
BLAST Database error: Database memory map file error
BLAST Database error: Database memory map file error
BLAST Database error: Database memory map file error
BLAST Database error: Database memory map file error
BLAST Database error: Database memory map file error
BLAST Database error: Database memory map file error
 15%|█▌        | 2/13 [00:05<00:31,  2.84s/it]BLAST Database error: Database memory map file error
100%|██████████| 13/13 [00:05<00:00,  3.10it/s]100%|██████████| 13/13 [00:05<00:00,  2.29it/s]
