  0%|          | 0/13 [00:00<?, ?it/s]  8%|▊         | 1/13 [00:00<00:09,  1.26it/s]BLAST Database error: Database memory map file error
BLAST Database error: Database memory map file error
BLAST Database error: Database memory map file error
BLAST Database error: Database memory map file error
BLAST Database error: Database memory map file error
BLAST Database error: Database memory map file error
BLAST Database error: Database memory map file error
BLAST Database error: Database memory map file error
BLAST Database error: Database memory map file error
BLAST Database error: Database memory map file error
BLAST Database error: Database memory map file error
BLAST Database error: Database memory map file error
BLAST Database error: Database memory map file error
BLAST Database error: Database memory map file error
BLAST Database error: Database memory map file error
BLAST Database error: Database memory map file error
BLAST Database error: Database memory map file error
BLAST Database error: Database memory map file error
BLAST Database error: Database memory map file error
BLAST Database error: Database memory map file error
BLAST Database error: Database memory map file error
BLAST Database error: Database memory map file error
BLAST Database error: Database memory map file error
BLAST Database error: Database memory map file error
BLAST Database error: Database memory map file error
BLAST Database error: Database memory map file error
BLAST Database error: Database memory map file error
BLAST Database error: Database memory map file error
BLAST Database error: Database memory map file error
BLAST Database error: Database memory map file error
BLAST Database error: Database memory map file error
BLAST Database error: Database memory map file error
BLAST Database error: Database memory map file error
The input files have no entry:  - /share/project/mieke/fdog_neighbor_regions/XP_037031339.1/output/XP_037031378_1_LOC119070938_159/tmp/BRAIM_335710_1/OZ247435.1_1.fasta
Please check your input files. Only files in fasta/fastq[.gz|bz2] are supported
The input files have no entry:  - /share/project/mieke/fdog_neighbor_regions/XP_037031339.1/output/XP_037031378_1_LOC119070938_159/tmp/PSEHY_35572_1/CM055404.1_1.fasta
Please check your input files. Only files in fasta/fastq[.gz|bz2] are supported
The input files have no entry:  - /share/project/mieke/fdog_neighbor_regions/XP_037031339.1/output/XP_037031378_1_LOC119070938_159/tmp/LYCIN_767460_1/OZ247514.1_1.fasta
Please check your input files. Only files in fasta/fastq[.gz|bz2] are supported
The input files have no entry:  - /share/project/mieke/fdog_neighbor_regions/XP_037031339.1/output/XP_037031378_1_LOC119070938_159/tmp/BRAOD_1564500_1/JAFDOW010001072.1_1.fasta
Please check your input files. Only files in fasta/fastq[.gz|bz2] are supported
The input files have no entry:  - /share/project/mieke/fdog_neighbor_regions/XP_037031339.1/output/XP_037031378_1_LOC119070938_159/tmp/LYCAG_1887995_1/JBDOHN010000363.1_1.fasta
Please check your input files. Only files in fasta/fastq[.gz|bz2] are supported
BLAST Database error: Database memory map file error
The input files have no entry:  - /share/project/mieke/fdog_neighbor_regions/XP_037031339.1/output/XP_037031378_1_LOC119070938_159/tmp/BRAPE_1817611_1/JBDOHP010015292.1_1.fasta
Please check your input files. Only files in fasta/fastq[.gz|bz2] are supported
The input files have no entry:  - /share/project/mieke/fdog_neighbor_regions/XP_037031339.1/output/XP_037031378_1_LOC119070938_159/tmp/BRAAL_1260807_1/JBLNJJ010028646.1_1.fasta
Please check your input files. Only files in fasta/fastq[.gz|bz2] are supported
The input files have no entry:  - /share/project/mieke/fdog_neighbor_regions/XP_037031339.1/output/XP_037031378_1_LOC119070938_159/tmp/BRAOC_1260802_1/JBLNJI010003008.1_1.fasta
Please check your input files. Only files in fasta/fastq[.gz|bz2] are supported
The input files have no entry:  - /share/project/mieke/fdog_neighbor_regions/XP_037031339.1/output/XP_037031378_1_LOC119070938_159/tmp/TRISP_1260884_1/JANVCI010231777.1_1.fasta
Please check your input files. Only files in fasta/fastq[.gz|bz2] are supported
The input files have no entry:  - /share/project/mieke/fdog_neighbor_regions/XP_037031339.1/output/XP_037031378_1_LOC119070938_159/tmp/BRACO_1817600_1/JBDOHQ010004537.1_1.fasta
Please check your input files. Only files in fasta/fastq[.gz|bz2] are supported
 15%|█▌        | 2/13 [00:06<00:40,  3.68s/it]The input files have no entry:  - /share/project/mieke/fdog_neighbor_regions/XP_037031339.1/output/XP_037031378_1_LOC119070938_159/tmp/BRADE_3151524_1/JBDOHO010022741.1_1.fasta
Please check your input files. Only files in fasta/fastq[.gz|bz2] are supported
The input files have no entry:  - /share/project/mieke/fdog_neighbor_regions/XP_037031339.1/output/XP_037031378_1_LOC119070938_159/tmp/PHYFL_1260839_1/JANTFA010015533.1_1.fasta
Please check your input files. Only files in fasta/fastq[.gz|bz2] are supported
The input files have no entry:  - /share/project/mieke/fdog_neighbor_regions/XP_037031339.1/output/XP_037031378_1_LOC119070938_159/tmp/BRAIM_335710_1/OZ247437.1_1.fasta
Please check your input files. Only files in fasta/fastq[.gz|bz2] are supported
The input files have no entry:  - /share/project/mieke/fdog_neighbor_regions/XP_037031339.1/output/XP_037031378_1_LOC119070938_159/tmp/LYCIN_767460_1/OZ247516.1_1.fasta
Please check your input files. Only files in fasta/fastq[.gz|bz2] are supported
The input files have no entry:  - /share/project/mieke/fdog_neighbor_regions/XP_037031339.1/output/XP_037031378_1_LOC119070938_159/tmp/BRAOD_1564500_1/JAFDOW010000806.1_1.fasta
Please check your input files. Only files in fasta/fastq[.gz|bz2] are supported
The input files have no entry:  - /share/project/mieke/fdog_neighbor_regions/XP_037031339.1/output/XP_037031378_1_LOC119070938_159/tmp/LYCAG_1887995_1/JBDOHN010034030.1_1.fasta
Please check your input files. Only files in fasta/fastq[.gz|bz2] are supported
The input files have no entry:  - /share/project/mieke/fdog_neighbor_regions/XP_037031339.1/output/XP_037031378_1_LOC119070938_159/tmp/BRAPE_1817611_1/JBDOHP010138451.1_1.fasta
Please check your input files. Only files in fasta/fastq[.gz|bz2] are supported
The input files have no entry:  - /share/project/mieke/fdog_neighbor_regions/XP_037031339.1/output/XP_037031378_1_LOC119070938_159/tmp/BRAOC_1260802_1/JBLNJI010004428.1_1.fasta
Please check your input files. Only files in fasta/fastq[.gz|bz2] are supported
The input files have no entry:  - /share/project/mieke/fdog_neighbor_regions/XP_037031339.1/output/XP_037031378_1_LOC119070938_159/tmp/BRAAL_1260807_1/JBLNJJ010118932.1_1.fasta
Please check your input files. Only files in fasta/fastq[.gz|bz2] are supported
The input files have no entry:  - /share/project/mieke/fdog_neighbor_regions/XP_037031339.1/output/XP_037031378_1_LOC119070938_159/tmp/BRACO_1817600_1/JBDOHQ010095344.1_1.fasta
Please check your input files. Only files in fasta/fastq[.gz|bz2] are supported
The input files have no entry:  - /share/project/mieke/fdog_neighbor_regions/XP_037031339.1/output/XP_037031378_1_LOC119070938_159/tmp/TRISP_1260884_1/JANVCI010272513.1_1.fasta
Please check your input files. Only files in fasta/fastq[.gz|bz2] are supported
The input files have no entry:  - /share/project/mieke/fdog_neighbor_regions/XP_037031339.1/output/XP_037031378_1_LOC119070938_159/tmp/BRADE_3151524_1/JBDOHO010025474.1_1.fasta
Please check your input files. Only files in fasta/fastq[.gz|bz2] are supported
BLAST Database error: Database memory map file error
BLAST Database error: Database memory map file error
BLAST Database error: Database memory map file error
BLAST Database error: Database memory map file error
 23%|██▎       | 3/13 [00:08<00:29,  2.99s/it]The input files have no entry:  - /share/project/mieke/fdog_neighbor_regions/XP_037031339.1/output/XP_037031378_1_LOC119070938_159/tmp/PHYFL_1260839_1/JANTFA010047118.1_1.fasta
Please check your input files. Only files in fasta/fastq[.gz|bz2] are supported
The input files have no entry:  - /share/project/mieke/fdog_neighbor_regions/XP_037031339.1/output/XP_037031378_1_LOC119070938_159/tmp/BRAPE_1817611_1/JBDOHP010049452.1_1.fasta
Please check your input files. Only files in fasta/fastq[.gz|bz2] are supported
The input files have no entry:  - /share/project/mieke/fdog_neighbor_regions/XP_037031339.1/output/XP_037031378_1_LOC119070938_159/tmp/BRAAL_1260807_1/JBLNJJ010074634.1_1.fasta
Please check your input files. Only files in fasta/fastq[.gz|bz2] are supported
The input files have no entry:  - /share/project/mieke/fdog_neighbor_regions/XP_037031339.1/output/XP_037031378_1_LOC119070938_159/tmp/BRACO_1817600_1/JBDOHQ010093305.1_1.fasta
Please check your input files. Only files in fasta/fastq[.gz|bz2] are supported
The input files have no entry:  - /share/project/mieke/fdog_neighbor_regions/XP_037031339.1/output/XP_037031378_1_LOC119070938_159/tmp/BRAOC_1260802_1/JBLNJI010002051.1_1.fasta
Please check your input files. Only files in fasta/fastq[.gz|bz2] are supported
The input files have no entry:  - /share/project/mieke/fdog_neighbor_regions/XP_037031339.1/output/XP_037031378_1_LOC119070938_159/tmp/TRISP_1260884_1/JANVCI010274078.1_1.fasta
Please check your input files. Only files in fasta/fastq[.gz|bz2] are supported
The input files have no entry:  - /share/project/mieke/fdog_neighbor_regions/XP_037031339.1/output/XP_037031378_1_LOC119070938_159/tmp/BRADE_3151524_1/JBDOHO010088991.1_1.fasta
Please check your input files. Only files in fasta/fastq[.gz|bz2] are supported
The input files have no entry:  - /share/project/mieke/fdog_neighbor_regions/XP_037031339.1/output/XP_037031378_1_LOC119070938_159/tmp/PHYFL_1260839_1/JANTFA010175406.1_1.fasta
Please check your input files. Only files in fasta/fastq[.gz|bz2] are supported
The input files have no entry:  - /share/project/mieke/fdog_neighbor_regions/XP_037031339.1/output/XP_037031378_1_LOC119070938_159/tmp/BRADE_3151524_1/JBDOHO010040556.1_1.fasta
Please check your input files. Only files in fasta/fastq[.gz|bz2] are supported
The input files have no entry:  - /share/project/mieke/fdog_neighbor_regions/XP_037031339.1/output/XP_037031378_1_LOC119070938_159/tmp/PHYFL_1260839_1/JANTFA010053805.1_1.fasta
Please check your input files. Only files in fasta/fastq[.gz|bz2] are supported
BLAST Database error: Database memory map file error
BLAST Database error: Database memory map file error
BLAST Database error: Database memory map file error
BLAST Database error: Database memory map file error
BLAST Database error: Database memory map file error
BLAST Database error: Database memory map file error
 54%|█████▍    | 7/13 [00:10<00:06,  1.16s/it]The input files have no entry:  - /share/project/mieke/fdog_neighbor_regions/XP_037031339.1/output/XP_037031378_1_LOC119070938_159/tmp/PHYFL_1260839_1/JANTFA010165676.1_1.fasta
Please check your input files. Only files in fasta/fastq[.gz|bz2] are supported
BLAST Database error: Database memory map file error
100%|██████████| 13/13 [00:11<00:00,  1.69it/s]100%|██████████| 13/13 [00:11<00:00,  1.10it/s]
