QRW25588.1	XP_037025833.1	XP_037026047.1	LOC119067273	NW_023503293.1	4684556	4694650	True	XP_037026047.1|LOC119067273|255
True
XP_037025833.1
XP_037026047.1
XP_037026047.1|LOC119067273|255
XP_037026047_1_LOC119067273_255
Gene: XP_037026047_1_LOC119067273_255
fDOG reference species: BRACO@38358@014529535_1 

Building a consensus sequence
	 ...finished

Searching for orthologs ...
	 ...finished 

Calculating FAS scores ...
	 ...finished 

Error during gene prediction with metaeuk, using miniprot predictions for species PSEHY@35572@1
No gene predicted with augustus or metaeuk, using miniprot predictions for species PSEHY@35572@1
Error during gene prediction with metaeuk, using miniprot predictions for species BRAOD@1564500@1
No gene predicted with augustus or metaeuk, using miniprot predictions for species BRAOD@1564500@1
Error during gene prediction with metaeuk, using miniprot predictions for species TRISP@1260884@1
No gene predicted with augustus or metaeuk, using miniprot predictions for species TRISP@1260884@1
Error during gene prediction with metaeuk, using miniprot predictions for species LYCAG@1887995@1
No gene predicted with augustus or metaeuk, using miniprot predictions for species LYCAG@1887995@1
Error during gene prediction with metaeuk, using miniprot predictions for species LYCIN@767460@1
No gene predicted with augustus or metaeuk, using miniprot predictions for species LYCIN@767460@1
Error during gene prediction with metaeuk, using miniprot predictions for species BRADE@3151524@1
No gene predicted with augustus or metaeuk, using miniprot predictions for species BRADE@3151524@1
Error during gene prediction with metaeuk, using miniprot predictions for species BRAOC@1260802@1
No gene predicted with augustus or metaeuk, using miniprot predictions for species BRAOC@1260802@1
fDOG-Assembly finished completely in 17.99s ( Group preparation: 0.02s 	Ortholog search: 5.72s 	FAS: 12.2s)
Outputs are saved at /share/project/mieke/fdog_neighbor_regions/XP_037025833.1/output/XP_037026047_1_LOC119067273_255/
