QRW25588.1	XP_037039505.1	XP_037039463.1	LOC119076673	NW_023503493.1	12147324	12248859	True	XP_037039463.1|LOC119076673|584
True
XP_037039505.1
XP_037039463.1
XP_037039463.1|LOC119076673|584
XP_037039463_1_LOC119076673_584
Gene: XP_037039463_1_LOC119076673_584
fDOG reference species: BRACO@38358@014529535_1 

Building a consensus sequence
	 ...finished

Searching for orthologs ...
	 ...finished 

Calculating FAS scores ...
	 ...finished 

Error during gene prediction with metaeuk, using miniprot predictions for species BRACO@1817600@1
No gene predicted with augustus or metaeuk, using miniprot predictions for species BRACO@1817600@1
Error during gene prediction with metaeuk, using miniprot predictions for species BRAPE@1817611@1
No gene predicted with augustus or metaeuk, using miniprot predictions for species BRAPE@1817611@1
Error during gene prediction with metaeuk, using miniprot predictions for species PSEHY@35572@1
No gene predicted with augustus or metaeuk, using miniprot predictions for species PSEHY@35572@1
Error during gene prediction with metaeuk, using miniprot predictions for species LYCAG@1887995@1
No gene predicted with augustus or metaeuk, using miniprot predictions for species LYCAG@1887995@1
Error during gene prediction with metaeuk, using miniprot predictions for species BRAAL@1260807@1
Error during gene prediction with metaeuk, using miniprot predictions for species BRAAL@1260807@1
No gene predicted with augustus or metaeuk, using miniprot predictions for species BRAAL@1260807@1
Error during gene prediction with metaeuk, using miniprot predictions for species BRADE@3151524@1
Error during gene prediction with metaeuk, using miniprot predictions for species BRADE@3151524@1
No gene predicted with augustus or metaeuk, using miniprot predictions for species BRADE@3151524@1
Error during gene prediction with metaeuk, using miniprot predictions for species BRAOD@1564500@1
No gene predicted with augustus or metaeuk, using miniprot predictions for species BRAOD@1564500@1
Error during gene prediction with metaeuk, using miniprot predictions for species BRAIM@335710@1
No gene predicted with augustus or metaeuk, using miniprot predictions for species BRAIM@335710@1
Error during gene prediction with metaeuk, using miniprot predictions for species BRAOC@1260802@1
No gene predicted with augustus or metaeuk, using miniprot predictions for species BRAOC@1260802@1
Error during gene prediction with metaeuk, using miniprot predictions for species LYCIN@767460@1
No gene predicted with augustus or metaeuk, using miniprot predictions for species LYCIN@767460@1
fDOG-Assembly finished completely in 19.22s ( Group preparation: 0.05s 	Ortholog search: 6.99s 	FAS: 12.12s)
Outputs are saved at /share/project/mieke/fdog_neighbor_regions/XP_037039505.1/output/XP_037039463_1_LOC119076673_584/
