QRW25588.1	XP_037039505.1	XP_037039483.1	LOC119076686	NW_023503493.1	12337635	12351046	True	XP_037039483.1|LOC119076686|423
True
XP_037039505.1
XP_037039483.1
XP_037039483.1|LOC119076686|423
XP_037039483_1_LOC119076686_423
Gene: XP_037039483_1_LOC119076686_423
fDOG reference species: BRACO@38358@014529535_1 

Building a consensus sequence
	 ...finished

Searching for orthologs ...
	 ...finished 

Calculating FAS scores ...
	 ...finished 

Error during gene prediction with metaeuk, using miniprot predictions for species PSEHY@35572@1
No gene predicted with augustus or metaeuk, using miniprot predictions for species PSEHY@35572@1
Error during gene prediction with metaeuk, using miniprot predictions for species LYCIN@767460@1
No gene predicted with augustus or metaeuk, using miniprot predictions for species LYCIN@767460@1
Error during gene prediction with metaeuk, using miniprot predictions for species BRAAL@1260807@1
No gene predicted with augustus or metaeuk, using miniprot predictions for species BRAAL@1260807@1
Error during gene prediction with metaeuk, using miniprot predictions for species BRAOC@1260802@1
No gene predicted with augustus or metaeuk, using miniprot predictions for species BRAOC@1260802@1
fDOG-Assembly finished completely in 18.7s ( Group preparation: 0.06s 	Ortholog search: 6.27s 	FAS: 12.24s)
Outputs are saved at /share/project/mieke/fdog_neighbor_regions/XP_037039505.1/output/XP_037039483_1_LOC119076686_423/
