  0%|          | 0/13 [00:00<?, ?it/s]  8%|▊         | 1/13 [00:05<01:03,  5.30s/it]BLAST Database error: Database memory map file error
BLAST Database error: Database memory map file error
BLAST Database error: Database memory map file error
BLAST Database error: Database memory map file error
BLAST Database error: Database memory map file error
BLAST Database error: Database memory map file error
BLAST Database error: Database memory map file error
BLAST Database error: Database memory map file error
BLAST Database error: Database memory map file error
BLAST Database error: Database memory map file error
BLAST Database error: Database memory map file error
BLAST Database error: Database memory map file error
BLAST Database error: Database memory map file error
BLAST Database error: Database memory map file error
The input files have no entry:  - /share/project/mieke/fdog_neighbor_regions/XP_037028856.1/output/XP_037029388_1_LOC119069432_150/tmp/LYCAG_1887995_1/JBDOHN010028677.1_1.fasta
Please check your input files. Only files in fasta/fastq[.gz|bz2] are supported
The input files have no entry:  - /share/project/mieke/fdog_neighbor_regions/XP_037028856.1/output/XP_037029388_1_LOC119069432_150/tmp/BRAPE_1817611_1/JBDOHP010018155.1_1.fasta
Please check your input files. Only files in fasta/fastq[.gz|bz2] are supported
The input files have no entry:  - /share/project/mieke/fdog_neighbor_regions/XP_037028856.1/output/XP_037029388_1_LOC119069432_150/tmp/BRADE_3151524_1/JBDOHO010081976.1_1.fasta
Please check your input files. Only files in fasta/fastq[.gz|bz2] are supported
The input files have no entry:  - /share/project/mieke/fdog_neighbor_regions/XP_037028856.1/output/XP_037029388_1_LOC119069432_150/tmp/BRAAL_1260807_1/JBLNJJ010080820.1_1.fasta
Please check your input files. Only files in fasta/fastq[.gz|bz2] are supported
The input files have no entry:  - /share/project/mieke/fdog_neighbor_regions/XP_037028856.1/output/XP_037029388_1_LOC119069432_150/tmp/BRACO_1817600_1/JBDOHQ010011008.1_1.fasta
Please check your input files. Only files in fasta/fastq[.gz|bz2] are supported
BLAST Database error: Database memory map file error
BLAST Database error: Database memory map file error
BLAST Database error: Database memory map file error
BLAST Database error: Database memory map file error
The input files have no entry:  - /share/project/mieke/fdog_neighbor_regions/XP_037028856.1/output/XP_037029388_1_LOC119069432_150/tmp/BRAIM_335710_1/OZ247438.1_1.fasta
Please check your input files. Only files in fasta/fastq[.gz|bz2] are supported
The input files have no entry:  - /share/project/mieke/fdog_neighbor_regions/XP_037028856.1/output/XP_037029388_1_LOC119069432_150/tmp/LYCIN_767460_1/OZ247517.1_1.fasta
Please check your input files. Only files in fasta/fastq[.gz|bz2] are supported
The input files have no entry:  - /share/project/mieke/fdog_neighbor_regions/XP_037028856.1/output/XP_037029388_1_LOC119069432_150/tmp/BRAOC_1260802_1/JBLNJI010006516.1_1.fasta
Please check your input files. Only files in fasta/fastq[.gz|bz2] are supported
 15%|█▌        | 2/13 [00:26<02:41, 14.69s/it]The input files have no entry:  - /share/project/mieke/fdog_neighbor_regions/XP_037028856.1/output/XP_037029388_1_LOC119069432_150/tmp/BRAOD_1564500_1/JAFDOW010000617.1_1.fasta
Please check your input files. Only files in fasta/fastq[.gz|bz2] are supported
The input files have no entry:  - /share/project/mieke/fdog_neighbor_regions/XP_037028856.1/output/XP_037029388_1_LOC119069432_150/tmp/TRISP_1260884_1/JANVCI010234921.1_1.fasta
Please check your input files. Only files in fasta/fastq[.gz|bz2] are supported
BLAST Database error: Database memory map file error
 46%|████▌     | 6/13 [00:26<00:23,  3.41s/it]BLAST Database error: Database memory map file error
BLAST Database error: Database memory map file error
BLAST Database error: Database memory map file error
 62%|██████▏   | 8/13 [00:26<00:11,  2.22s/it]The input files have no entry:  - /share/project/mieke/fdog_neighbor_regions/XP_037028856.1/output/XP_037029388_1_LOC119069432_150/tmp/PHYFL_1260839_1/JANTFA010024880.1_1.fasta
Please check your input files. Only files in fasta/fastq[.gz|bz2] are supported
The input files have no entry:  - /share/project/mieke/fdog_neighbor_regions/XP_037028856.1/output/XP_037029388_1_LOC119069432_150/tmp/PSEHY_35572_1/WJQU01002274.1_1.fasta
Please check your input files. Only files in fasta/fastq[.gz|bz2] are supported
BLAST Database error: Database memory map file error
BLAST Database error: Database memory map file error
The input files have no entry:  - /share/project/mieke/fdog_neighbor_regions/XP_037028856.1/output/XP_037029388_1_LOC119069432_150/tmp/BRAOC_1260802_1/JBLNJI010003086.1_1.fasta
Please check your input files. Only files in fasta/fastq[.gz|bz2] are supported
 77%|███████▋  | 10/13 [00:28<00:05,  1.68s/it]The input files have no entry:  - /share/project/mieke/fdog_neighbor_regions/XP_037028856.1/output/XP_037029388_1_LOC119069432_150/tmp/LYCIN_767460_1/OZ247519.1_1.fasta
Please check your input files. Only files in fasta/fastq[.gz|bz2] are supported
BLAST Database error: Database memory map file error
BLAST Database error: Database memory map file error
 92%|█████████▏| 12/13 [00:29<00:01,  1.31s/it]100%|██████████| 13/13 [00:29<00:00,  2.24s/it]
