QRW19682.1	XP_037035063.1	XP_037035181.1	LOC119073677	NW_023503409.1	2963077	2964359	True	XP_037035181.1|LOC119073677|73
True
XP_037035063.1
XP_037035181.1
XP_037035181.1|LOC119073677|73
XP_037035181_1_LOC119073677_73
Gene: XP_037035181_1_LOC119073677_73
fDOG reference species: BRACO@38358@014529535_1 

Building a consensus sequence
	 ...finished

Searching for orthologs ...
	 ...finished 

Calculating FAS scores ...
	 ...finished 

Error during gene prediction with metaeuk, using miniprot predictions for species BRACO@1817600@1
No gene predicted with augustus or metaeuk, using miniprot predictions for species BRACO@1817600@1
Error during gene prediction with metaeuk, using miniprot predictions for species PSEHY@35572@1
No gene predicted with augustus or metaeuk, using miniprot predictions for species PSEHY@35572@1
fDOG-Assembly finished completely in 18.22s ( Group preparation: 0.03s 	Ortholog search: 5.96s 	FAS: 12.16s)
Outputs are saved at /share/project/mieke/fdog_neighbor_regions/XP_037035063.1/output/XP_037035181_1_LOC119073677_73/
