  0%|          | 0/13 [00:00<?, ?it/s]  8%|▊         | 1/13 [00:00<00:11,  1.05it/s] 15%|█▌        | 2/13 [00:01<00:09,  1.21it/s]BLAST Database error: Database memory map file error
BLAST Database error: Database memory map file error
BLAST Database error: Database memory map file error
BLAST Database error: Database memory map file error
BLAST Database error: Database memory map file error
BLAST Database error: Database memory map file error
BLAST Database error: Database memory map file error
BLAST Database error: Database memory map file error
BLAST Database error: Database memory map file error
BLAST Database error: Database memory map file error
BLAST Database error: Database memory map file error
BLAST Database error: Database memory map file error
BLAST Database error: Database memory map file error
BLAST Database error: Database memory map file error
The input files have no entry:  - /share/project/mieke/fdog_neighbor_regions/XP_037031339.1/output/XP_037031339_1_LOC119070913_2398/tmp/BRACO_1817600_1/JBDOHQ010066040.1_1.fasta
Please check your input files. Only files in fasta/fastq[.gz|bz2] are supported
The input files have no entry:  - /share/project/mieke/fdog_neighbor_regions/XP_037031339.1/output/XP_037031339_1_LOC119070913_2398/tmp/LYCAG_1887995_1/JBDOHN010004429.1_1.fasta
Please check your input files. Only files in fasta/fastq[.gz|bz2] are supported
The input files have no entry:  - /share/project/mieke/fdog_neighbor_regions/XP_037031339.1/output/XP_037031339_1_LOC119070913_2398/tmp/BRADE_3151524_1/JBDOHO010051769.1_1.fasta
Please check your input files. Only files in fasta/fastq[.gz|bz2] are supported
The input files have no entry:  - /share/project/mieke/fdog_neighbor_regions/XP_037031339.1/output/XP_037031339_1_LOC119070913_2398/tmp/BRAOD_1564500_1/JAFDOW010001072.1_1.fasta
Please check your input files. Only files in fasta/fastq[.gz|bz2] are supported
The input files have no entry:  - /share/project/mieke/fdog_neighbor_regions/XP_037031339.1/output/XP_037031339_1_LOC119070913_2398/tmp/TRISP_1260884_1/JANVCI010257586.1_1.fasta
Please check your input files. Only files in fasta/fastq[.gz|bz2] are supported
The input files have no entry:  - /share/project/mieke/fdog_neighbor_regions/XP_037031339.1/output/XP_037031339_1_LOC119070913_2398/tmp/BRAPE_1817611_1/JBDOHP010025055.1_1.fasta
Please check your input files. Only files in fasta/fastq[.gz|bz2] are supported
The input files have no entry:  - /share/project/mieke/fdog_neighbor_regions/XP_037031339.1/output/XP_037031339_1_LOC119070913_2398/tmp/PHYFL_1260839_1/JANTFA010180880.1_1.fasta
Please check your input files. Only files in fasta/fastq[.gz|bz2] are supported
The input files have no entry:  - /share/project/mieke/fdog_neighbor_regions/XP_037031339.1/output/XP_037031339_1_LOC119070913_2398/tmp/BRAIM_335710_1/OZ247435.1_1.fasta
Please check your input files. Only files in fasta/fastq[.gz|bz2] are supported
The input files have no entry:  - /share/project/mieke/fdog_neighbor_regions/XP_037031339.1/output/XP_037031339_1_LOC119070913_2398/tmp/BRAOC_1260802_1/JBLNJI010040943.1_1.fasta
Please check your input files. Only files in fasta/fastq[.gz|bz2] are supported
The input files have no entry:  - /share/project/mieke/fdog_neighbor_regions/XP_037031339.1/output/XP_037031339_1_LOC119070913_2398/tmp/LYCIN_767460_1/OZ247514.1_1.fasta
Please check your input files. Only files in fasta/fastq[.gz|bz2] are supported
The input files have no entry:  - /share/project/mieke/fdog_neighbor_regions/XP_037031339.1/output/XP_037031339_1_LOC119070913_2398/tmp/PSEHY_35572_1/CM055403.1_1.fasta
Please check your input files. Only files in fasta/fastq[.gz|bz2] are supported
The input files have no entry:  - /share/project/mieke/fdog_neighbor_regions/XP_037031339.1/output/XP_037031339_1_LOC119070913_2398/tmp/BRAOC_1260802_1/JBLNJI010001960.1_1.fasta
Please check your input files. Only files in fasta/fastq[.gz|bz2] are supported
The input files have no entry:  - /share/project/mieke/fdog_neighbor_regions/XP_037031339.1/output/XP_037031339_1_LOC119070913_2398/tmp/BRAPE_1817611_1/JBDOHP010015937.1_1.fasta
Please check your input files. Only files in fasta/fastq[.gz|bz2] are supported
BLAST Database error: Database memory map file error
BLAST Database error: Database memory map file error
BLAST Database error: Database memory map file error
BLAST Database error: Database memory map file error
BLAST Database error: Database memory map file error
BLAST Database error: Database memory map file error
BLAST Database error: Database memory map file error
BLAST Database error: Database memory map file error
The input files have no entry:  - /share/project/mieke/fdog_neighbor_regions/XP_037031339.1/output/XP_037031339_1_LOC119070913_2398/tmp/TRISP_1260884_1/JANVCI010199679.1_1.fasta
Please check your input files. Only files in fasta/fastq[.gz|bz2] are supported
 23%|██▎       | 3/13 [00:07<00:32,  3.28s/it]BLAST Database error: Database memory map file error
BLAST Database error: Database memory map file error
BLAST Database error: Database memory map file error
 85%|████████▍ | 11/13 [00:08<00:01,  1.72it/s]100%|██████████| 13/13 [00:08<00:00,  1.54it/s]
