QRW23661.1	XP_037031339.1	XP_037031352.1	LOC119070919	NW_023503372.1	397680	404834	True	XP_037031352.1|LOC119070919|652
True
XP_037031339.1
XP_037031352.1
XP_037031352.1|LOC119070919|652
XP_037031352_1_LOC119070919_652
Gene: XP_037031352_1_LOC119070919_652
fDOG reference species: BRACO@38358@014529535_1 

Building a consensus sequence
	 ...finished

Searching for orthologs ...
	 ...finished 

Calculating FAS scores ...
	 ...finished 

Error during gene prediction with metaeuk, using miniprot predictions for species LYCAG@1887995@1
No gene predicted with augustus or metaeuk, using miniprot predictions for species LYCAG@1887995@1
Error during gene prediction with metaeuk, using miniprot predictions for species BRAOD@1564500@1
No gene predicted with augustus or metaeuk, using miniprot predictions for species BRAOD@1564500@1
Error during gene prediction with metaeuk, using miniprot predictions for species BRAPE@1817611@1
No gene predicted with augustus or metaeuk, using miniprot predictions for species BRAPE@1817611@1
Error during gene prediction with metaeuk, using miniprot predictions for species BRAAL@1260807@1
No gene predicted with augustus or metaeuk, using miniprot predictions for species BRAAL@1260807@1
Error during gene prediction with metaeuk, using miniprot predictions for species TRISP@1260884@1
No gene predicted with augustus or metaeuk, using miniprot predictions for species TRISP@1260884@1
Error during gene prediction with metaeuk, using miniprot predictions for species BRAOC@1260802@1
No gene predicted with augustus or metaeuk, using miniprot predictions for species BRAOC@1260802@1
fDOG-Assembly finished completely in 17.32s ( Group preparation: 0.04s 	Ortholog search: 4.75s 	FAS: 12.48s)
Outputs are saved at /share/project/mieke/fdog_neighbor_regions/XP_037031339.1/output/XP_037031352_1_LOC119070919_652/
