  0%|          | 0/13 [00:00<?, ?it/s]BLAST Database error: Database memory map file error
BLAST Database error: Database memory map file error
BLAST Database error: Database memory map file error
BLAST Database error: Database memory map file error
BLAST Database error: Database memory map file error
BLAST Database error: Database memory map file error
BLAST Database error: Database memory map file error
BLAST Database error: Database memory map file error
BLAST Database error: Database memory map file error
BLAST Database error: Database memory map file error
BLAST Database error: Database memory map file error
BLAST Database error: Database memory map file error
BLAST Database error: Database memory map file error
BLAST Database error: Database memory map file error
BLAST Database error: Database memory map file error
BLAST Database error: Database memory map file error
BLAST Database error: Database memory map file error
BLAST Database error: Database memory map file error
BLAST Database error: Database memory map file error
BLAST Database error: Database memory map file error
The input files have no entry:  - /share/project/mieke/fdog_neighbor_regions/XP_037035063.1/output/XP_037034879_1_LOC119073479_667/tmp/BRAOC_1260802_1/JBLNJI010002706.1_1.fasta
Please check your input files. Only files in fasta/fastq[.gz|bz2] are supported
The input files have no entry:  - /share/project/mieke/fdog_neighbor_regions/XP_037035063.1/output/XP_037034879_1_LOC119073479_667/tmp/BRAIM_335710_1/OZ247437.1_1.fasta
Please check your input files. Only files in fasta/fastq[.gz|bz2] are supported
The input files have no entry:  - /share/project/mieke/fdog_neighbor_regions/XP_037035063.1/output/XP_037034879_1_LOC119073479_667/tmp/BRAOD_1564500_1/JAFDOW010000828.1_1.fasta
Please check your input files. Only files in fasta/fastq[.gz|bz2] are supported
The input files have no entry:  - /share/project/mieke/fdog_neighbor_regions/XP_037035063.1/output/XP_037034879_1_LOC119073479_667/tmp/BRAAL_1260807_1/JBLNJJ010020338.1_1.fasta
Please check your input files. Only files in fasta/fastq[.gz|bz2] are supported
The input files have no entry:  - /share/project/mieke/fdog_neighbor_regions/XP_037035063.1/output/XP_037034879_1_LOC119073479_667/tmp/BRADE_3151524_1/JBDOHO010050162.1_1.fasta
Please check your input files. Only files in fasta/fastq[.gz|bz2] are supported
The input files have no entry:  - /share/project/mieke/fdog_neighbor_regions/XP_037035063.1/output/XP_037034879_1_LOC119073479_667/tmp/LYCIN_767460_1/OZ247516.1_1.fasta
Please check your input files. Only files in fasta/fastq[.gz|bz2] are supported
The input files have no entry:  - /share/project/mieke/fdog_neighbor_regions/XP_037035063.1/output/XP_037034879_1_LOC119073479_667/tmp/BRAPE_1817611_1/JBDOHP010018351.1_1.fasta
Please check your input files. Only files in fasta/fastq[.gz|bz2] are supported
The input files have no entry:  - /share/project/mieke/fdog_neighbor_regions/XP_037035063.1/output/XP_037034879_1_LOC119073479_667/tmp/LYCAG_1887995_1/JBDOHN010065659.1_1.fasta
Please check your input files. Only files in fasta/fastq[.gz|bz2] are supported
The input files have no entry:  - /share/project/mieke/fdog_neighbor_regions/XP_037035063.1/output/XP_037034879_1_LOC119073479_667/tmp/RHISO_456999_v1/NC_057379.1_1.fasta
Please check your input files. Only files in fasta/fastq[.gz|bz2] are supported
The input files have no entry:  - /share/project/mieke/fdog_neighbor_regions/XP_037035063.1/output/XP_037034879_1_LOC119073479_667/tmp/BRACO_1817600_1/JBDOHQ010071097.1_1.fasta
Please check your input files. Only files in fasta/fastq[.gz|bz2] are supported
The input files have no entry:  - /share/project/mieke/fdog_neighbor_regions/XP_037035063.1/output/XP_037034879_1_LOC119073479_667/tmp/TRISP_1260884_1/JANVCI010177735.1_1.fasta
Please check your input files. Only files in fasta/fastq[.gz|bz2] are supported
The input files have no entry:  - /share/project/mieke/fdog_neighbor_regions/XP_037035063.1/output/XP_037034879_1_LOC119073479_667/tmp/PSEHY_35572_1/CM055404.1_1.fasta
Please check your input files. Only files in fasta/fastq[.gz|bz2] are supported
The input files have no entry:  - /share/project/mieke/fdog_neighbor_regions/XP_037035063.1/output/XP_037034879_1_LOC119073479_667/tmp/PHYFL_1260839_1/JANTFA010173089.1_1.fasta
Please check your input files. Only files in fasta/fastq[.gz|bz2] are supported
BLAST Database error: Database memory map file error
BLAST Database error: Database memory map file error
BLAST Database error: Database memory map file error
BLAST Database error: Database memory map file error
BLAST Database error: Database memory map file error
BLAST Database error: Database memory map file error
BLAST Database error: Database memory map file error
  8%|▊         | 1/13 [00:05<01:09,  5.83s/it]The input files have no entry:  - /share/project/mieke/fdog_neighbor_regions/XP_037035063.1/output/XP_037034879_1_LOC119073479_667/tmp/RHISO_456999_v1/NC_057374.1_1.fasta
Please check your input files. Only files in fasta/fastq[.gz|bz2] are supported
The input files have no entry:  - /share/project/mieke/fdog_neighbor_regions/XP_037035063.1/output/XP_037034879_1_LOC119073479_667/tmp/BRACO_1817600_1/JBDOHQ010005588.1_1.fasta
Please check your input files. Only files in fasta/fastq[.gz|bz2] are supported
The input files have no entry:  - /share/project/mieke/fdog_neighbor_regions/XP_037035063.1/output/XP_037034879_1_LOC119073479_667/tmp/PHYFL_1260839_1/JANTFA010161316.1_1.fasta
Please check your input files. Only files in fasta/fastq[.gz|bz2] are supported
The input files have no entry:  - /share/project/mieke/fdog_neighbor_regions/XP_037035063.1/output/XP_037034879_1_LOC119073479_667/tmp/TRISP_1260884_1/JANVCI010027372.1_1.fasta
Please check your input files. Only files in fasta/fastq[.gz|bz2] are supported
The input files have no entry:  - /share/project/mieke/fdog_neighbor_regions/XP_037035063.1/output/XP_037034879_1_LOC119073479_667/tmp/BRAPE_1817611_1/JBDOHP010034410.1_1.fasta
Please check your input files. Only files in fasta/fastq[.gz|bz2] are supported
The input files have no entry:  - /share/project/mieke/fdog_neighbor_regions/XP_037035063.1/output/XP_037034879_1_LOC119073479_667/tmp/LYCAG_1887995_1/JBDOHN010049743.1_1.fasta
Please check your input files. Only files in fasta/fastq[.gz|bz2] are supported
The input files have no entry:  - /share/project/mieke/fdog_neighbor_regions/XP_037035063.1/output/XP_037034879_1_LOC119073479_667/tmp/PHYFL_1260839_1/JANTFA010057228.1_1.fasta
Please check your input files. Only files in fasta/fastq[.gz|bz2] are supported
BLAST Database error: Database memory map file error
BLAST Database error: Database memory map file error
BLAST Database error: Database memory map file error
BLAST Database error: Database memory map file error
BLAST Database error: Database memory map file error
BLAST Database error: Database memory map file error
 62%|██████▏   | 8/13 [00:06<00:03,  1.49it/s]100%|██████████| 13/13 [00:06<00:00,  1.87it/s]
