  0%|          | 0/13 [00:00<?, ?it/s]  8%|▊         | 1/13 [00:01<00:14,  1.18s/it]BLAST Database error: Database memory map file error
BLAST Database error: Database memory map file error
BLAST Database error: Database memory map file error
BLAST Database error: Database memory map file error
BLAST Database error: Database memory map file error
BLAST Database error: Database memory map file error
BLAST Database error: Database memory map file error
BLAST Database error: Database memory map file error
BLAST Database error: Database memory map file error
BLAST Database error: Database memory map file error
BLAST Database error: Database memory map file error
BLAST Database error: Database memory map file error
BLAST Database error: Database memory map file error
BLAST Database error: Database memory map file error
The input files have no entry:  - /share/project/mieke/fdog_neighbor_regions/XP_037031339.1/output/XP_037031342_1_LOC119070914_1066/tmp/TRISP_1260884_1/JANVCI010139043.1_1.fasta
Please check your input files. Only files in fasta/fastq[.gz|bz2] are supported
The input files have no entry:  - /share/project/mieke/fdog_neighbor_regions/XP_037031339.1/output/XP_037031342_1_LOC119070914_1066/tmp/BRAOC_1260802_1/JBLNJI010011072.1_1.fasta
Please check your input files. Only files in fasta/fastq[.gz|bz2] are supported
The input files have no entry:  - /share/project/mieke/fdog_neighbor_regions/XP_037031339.1/output/XP_037031342_1_LOC119070914_1066/tmp/BRAAL_1260807_1/JBLNJJ010063510.1_1.fasta
Please check your input files. Only files in fasta/fastq[.gz|bz2] are supported
The input files have no entry:  - /share/project/mieke/fdog_neighbor_regions/XP_037031339.1/output/XP_037031342_1_LOC119070914_1066/tmp/BRAIM_335710_1/OZ247435.1_1.fasta
Please check your input files. Only files in fasta/fastq[.gz|bz2] are supported
The input files have no entry:  - /share/project/mieke/fdog_neighbor_regions/XP_037031339.1/output/XP_037031342_1_LOC119070914_1066/tmp/LYCAG_1887995_1/JBDOHN010000632.1_1.fasta
Please check your input files. Only files in fasta/fastq[.gz|bz2] are supported
The input files have no entry:  - /share/project/mieke/fdog_neighbor_regions/XP_037031339.1/output/XP_037031342_1_LOC119070914_1066/tmp/BRACO_1817600_1/JBDOHQ010001935.1_1.fasta
Please check your input files. Only files in fasta/fastq[.gz|bz2] are supported
The input files have no entry:  - /share/project/mieke/fdog_neighbor_regions/XP_037031339.1/output/XP_037031342_1_LOC119070914_1066/tmp/BRADE_3151524_1/JBDOHO010043118.1_1.fasta
Please check your input files. Only files in fasta/fastq[.gz|bz2] are supported
The input files have no entry:  - /share/project/mieke/fdog_neighbor_regions/XP_037031339.1/output/XP_037031342_1_LOC119070914_1066/tmp/BRAOD_1564500_1/JAFDOW010001072.1_1.fasta
Please check your input files. Only files in fasta/fastq[.gz|bz2] are supported
The input files have no entry:  - /share/project/mieke/fdog_neighbor_regions/XP_037031339.1/output/XP_037031342_1_LOC119070914_1066/tmp/PSEHY_35572_1/CM055403.1_1.fasta
Please check your input files. Only files in fasta/fastq[.gz|bz2] are supported
The input files have no entry:  - /share/project/mieke/fdog_neighbor_regions/XP_037031339.1/output/XP_037031342_1_LOC119070914_1066/tmp/BRAPE_1817611_1/JBDOHP010042797.1_1.fasta
Please check your input files. Only files in fasta/fastq[.gz|bz2] are supported
The input files have no entry:  - /share/project/mieke/fdog_neighbor_regions/XP_037031339.1/output/XP_037031342_1_LOC119070914_1066/tmp/PHYFL_1260839_1/JANTFA010139495.1_1.fasta
Please check your input files. Only files in fasta/fastq[.gz|bz2] are supported
The input files have no entry:  - /share/project/mieke/fdog_neighbor_regions/XP_037031339.1/output/XP_037031342_1_LOC119070914_1066/tmp/LYCIN_767460_1/OZ247514.1_1.fasta
Please check your input files. Only files in fasta/fastq[.gz|bz2] are supported
The input files have no entry:  - /share/project/mieke/fdog_neighbor_regions/XP_037031339.1/output/XP_037031342_1_LOC119070914_1066/tmp/BRAPE_1817611_1/JBDOHP010142473.1_1.fasta
Please check your input files. Only files in fasta/fastq[.gz|bz2] are supported
The input files have no entry:  - /share/project/mieke/fdog_neighbor_regions/XP_037031339.1/output/XP_037031342_1_LOC119070914_1066/tmp/LYCIN_767460_1/OZ247518.1_1.fasta
Please check your input files. Only files in fasta/fastq[.gz|bz2] are supported
BLAST Database error: Database memory map file error
BLAST Database error: Database memory map file error
BLAST Database error: Database memory map file error
BLAST Database error: Database memory map file error
BLAST Database error: Database memory map file error
BLAST Database error: Database memory map file error
BLAST Database error: Database memory map file error
BLAST Database error: Database memory map file error
BLAST Database error: Database memory map file error
BLAST Database error: Database memory map file error
BLAST Database error: Database memory map file error
 15%|█▌        | 2/13 [00:05<00:33,  3.06s/it]BLAST Database error: Database memory map file error
100%|██████████| 13/13 [00:05<00:00,  2.32it/s]
