  0%|          | 0/13 [00:00<?, ?it/s]  8%|▊         | 1/13 [00:00<00:09,  1.23it/s]BLAST Database error: Database memory map file error
BLAST Database error: Database memory map file error
BLAST Database error: Database memory map file error
BLAST Database error: Database memory map file error
BLAST Database error: Database memory map file error
BLAST Database error: Database memory map file error
BLAST Database error: Database memory map file error
BLAST Database error: Database memory map file error
BLAST Database error: Database memory map file error
BLAST Database error: Database memory map file error
BLAST Database error: Database memory map file error
BLAST Database error: Database memory map file error
BLAST Database error: Database memory map file error
The input files have no entry:  - /share/project/mieke/fdog_neighbor_regions/XP_037038661.1/output/XP_037038641_1_LOC119076091_395/tmp/PSEHY_35572_1/CM055405.1_1.fasta
Please check your input files. Only files in fasta/fastq[.gz|bz2] are supported
The input files have no entry:  - /share/project/mieke/fdog_neighbor_regions/XP_037038661.1/output/XP_037038641_1_LOC119076091_395/tmp/PHYFL_1260839_1/JANTFA010174348.1_1.fasta
Please check your input files. Only files in fasta/fastq[.gz|bz2] are supported
The input files have no entry:  - /share/project/mieke/fdog_neighbor_regions/XP_037038661.1/output/XP_037038641_1_LOC119076091_395/tmp/LYCAG_1887995_1/JBDOHN010026103.1_1.fasta
Please check your input files. Only files in fasta/fastq[.gz|bz2] are supported
The input files have no entry:  - /share/project/mieke/fdog_neighbor_regions/XP_037038661.1/output/XP_037038641_1_LOC119076091_395/tmp/LYCIN_767460_1/OZ247517.1_1.fasta
Please check your input files. Only files in fasta/fastq[.gz|bz2] are supported
The input files have no entry:  - /share/project/mieke/fdog_neighbor_regions/XP_037038661.1/output/XP_037038641_1_LOC119076091_395/tmp/BRACO_1817600_1/JBDOHQ010092642.1_1.fasta
Please check your input files. Only files in fasta/fastq[.gz|bz2] are supported
The input files have no entry:  - /share/project/mieke/fdog_neighbor_regions/XP_037038661.1/output/XP_037038641_1_LOC119076091_395/tmp/BRAOC_1260802_1/JBLNJI010002603.1_1.fasta
Please check your input files. Only files in fasta/fastq[.gz|bz2] are supported
The input files have no entry:  - /share/project/mieke/fdog_neighbor_regions/XP_037038661.1/output/XP_037038641_1_LOC119076091_395/tmp/BRADE_3151524_1/JBDOHO010039477.1_1.fasta
Please check your input files. Only files in fasta/fastq[.gz|bz2] are supported
The input files have no entry:  - /share/project/mieke/fdog_neighbor_regions/XP_037038661.1/output/XP_037038641_1_LOC119076091_395/tmp/BRAPE_1817611_1/JBDOHP010028545.1_1.fasta
Please check your input files. Only files in fasta/fastq[.gz|bz2] are supported
The input files have no entry:  - /share/project/mieke/fdog_neighbor_regions/XP_037038661.1/output/XP_037038641_1_LOC119076091_395/tmp/BRAIM_335710_1/OZ247438.1_1.fasta
Please check your input files. Only files in fasta/fastq[.gz|bz2] are supported
The input files have no entry:  - /share/project/mieke/fdog_neighbor_regions/XP_037038661.1/output/XP_037038641_1_LOC119076091_395/tmp/BRAOD_1564500_1/JAFDOW010000525.1_1.fasta
Please check your input files. Only files in fasta/fastq[.gz|bz2] are supported
The input files have no entry:  - /share/project/mieke/fdog_neighbor_regions/XP_037038661.1/output/XP_037038641_1_LOC119076091_395/tmp/BRAAL_1260807_1/JBLNJJ010032526.1_1.fasta
Please check your input files. Only files in fasta/fastq[.gz|bz2] are supported
The input files have no entry:  - /share/project/mieke/fdog_neighbor_regions/XP_037038661.1/output/XP_037038641_1_LOC119076091_395/tmp/TRISP_1260884_1/JANVCI010002133.1_1.fasta
Please check your input files. Only files in fasta/fastq[.gz|bz2] are supported
BLAST Database error: Database memory map file error
BLAST Database error: Database memory map file error
BLAST Database error: Database memory map file error
BLAST Database error: Database memory map file error
BLAST Database error: Database memory map file error
BLAST Database error: Database memory map file error
 15%|█▌        | 2/13 [00:05<00:33,  3.01s/it]BLAST Database error: Database memory map file error
 62%|██████▏   | 8/13 [00:05<00:02,  1.93it/s]BLAST Database error: Database memory map file error
BLAST Database error: Database memory map file error
The input files have no entry:  - /share/project/mieke/fdog_neighbor_regions/XP_037038661.1/output/XP_037038641_1_LOC119076091_395/tmp/BRADE_3151524_1/JBDOHO010083845.1_1.fasta
Please check your input files. Only files in fasta/fastq[.gz|bz2] are supported
BLAST Database error: Database memory map file error
BLAST Database error: Database memory map file error
 85%|████████▍ | 11/13 [00:05<00:00,  2.95it/s]BLAST Database error: Database memory map file error
100%|██████████| 13/13 [00:06<00:00,  2.16it/s]
