  0%|          | 0/13 [00:00<?, ?it/s]  8%|▊         | 1/13 [00:00<00:09,  1.24it/s]BLAST Database error: Database memory map file error
BLAST Database error: Database memory map file error
BLAST Database error: Database memory map file error
BLAST Database error: Database memory map file error
BLAST Database error: Database memory map file error
BLAST Database error: Database memory map file error
BLAST Database error: Database memory map file error
BLAST Database error: Database memory map file error
BLAST Database error: Database memory map file error
BLAST Database error: Database memory map file error
BLAST Database error: Database memory map file error
BLAST Database error: Database memory map file error
BLAST Database error: Database memory map file error
The input files have no entry:  - /share/project/mieke/fdog_neighbor_regions/XP_037025833.1/output/XP_037025840_1_LOC119067147_94/tmp/BRAOD_1564500_1/JAFDOW010000598.1_1.fasta
Please check your input files. Only files in fasta/fastq[.gz|bz2] are supported
The input files have no entry:  - /share/project/mieke/fdog_neighbor_regions/XP_037025833.1/output/XP_037025840_1_LOC119067147_94/tmp/BRAAL_1260807_1/JBLNJJ010000221.1_1.fasta
Please check your input files. Only files in fasta/fastq[.gz|bz2] are supported
The input files have no entry:  - /share/project/mieke/fdog_neighbor_regions/XP_037025833.1/output/XP_037025840_1_LOC119067147_94/tmp/BRACO_1817600_1/JBDOHQ010024425.1_1.fasta
The input files have no entry: Please check your input files. Only files in fasta/fastq[.gz|bz2] are supported
The input files have no entry:  - /share/project/mieke/fdog_neighbor_regions/XP_037025833.1/output/XP_037025840_1_LOC119067147_94/tmp/BRAOC_1260802_1/JBLNJI010000071.1_1.fasta
Please check your input files. Only files in fasta/fastq[.gz|bz2] are supported
 - /share/project/mieke/fdog_neighbor_regions/XP_037025833.1/output/XP_037025840_1_LOC119067147_94/tmp/LYCIN_767460_1/OZ247515.1_1.fasta
The input files have no entry: Please check your input files. Only files in fasta/fastq[.gz|bz2] are supported
The input files have no entry:  - /share/project/mieke/fdog_neighbor_regions/XP_037025833.1/output/XP_037025840_1_LOC119067147_94/tmp/BRADE_3151524_1/JBDOHO010000120.1_1.fasta
Please check your input files. Only files in fasta/fastq[.gz|bz2] are supported
The input files have no entry:  - /share/project/mieke/fdog_neighbor_regions/XP_037025833.1/output/XP_037025840_1_LOC119067147_94/tmp/PHYFL_1260839_1/JANTFA010089760.1_1.fasta
Please check your input files. Only files in fasta/fastq[.gz|bz2] are supported
 - /share/project/mieke/fdog_neighbor_regions/XP_037025833.1/output/XP_037025840_1_LOC119067147_94/tmp/LYCAG_1887995_1/JBDOHN010014375.1_1.fasta
Please check your input files. Only files in fasta/fastq[.gz|bz2] are supported
The input files have no entry:  - /share/project/mieke/fdog_neighbor_regions/XP_037025833.1/output/XP_037025840_1_LOC119067147_94/tmp/BRAPE_1817611_1/JBDOHP010014302.1_1.fasta
Please check your input files. Only files in fasta/fastq[.gz|bz2] are supported
The input files have no entry:  - /share/project/mieke/fdog_neighbor_regions/XP_037025833.1/output/XP_037025840_1_LOC119067147_94/tmp/PSEHY_35572_1/CM055406.1_1.fasta
Please check your input files. Only files in fasta/fastq[.gz|bz2] are supported
The input files have no entry:  - /share/project/mieke/fdog_neighbor_regions/XP_037025833.1/output/XP_037025840_1_LOC119067147_94/tmp/TRISP_1260884_1/JANVCI010224687.1_1.fasta
Please check your input files. Only files in fasta/fastq[.gz|bz2] are supported
The input files have no entry:  - /share/project/mieke/fdog_neighbor_regions/XP_037025833.1/output/XP_037025840_1_LOC119067147_94/tmp/BRAIM_335710_1/OZ247436.1_1.fasta
Please check your input files. Only files in fasta/fastq[.gz|bz2] are supported
The input files have no entry:  - /share/project/mieke/fdog_neighbor_regions/XP_037025833.1/output/XP_037025840_1_LOC119067147_94/tmp/BRAIM_335710_1/OZ247434.1_1.fasta
Please check your input files. Only files in fasta/fastq[.gz|bz2] are supported
BLAST Database error: Database memory map file error
BLAST Database error: Database memory map file error
BLAST Database error: Database memory map file error
BLAST Database error: Database memory map file error
BLAST Database error: Database memory map file error
BLAST Database error: Database memory map file error
BLAST Database error: Database memory map file error
BLAST Database error: Database memory map file error
BLAST Database error: Database memory map file error
BLAST Database error: Database memory map file error
BLAST Database error: Database memory map file error
 15%|█▌        | 2/13 [00:05<00:32,  2.91s/it]The input files have no entry:  - /share/project/mieke/fdog_neighbor_regions/XP_037025833.1/output/XP_037025840_1_LOC119067147_94/tmp/BRAIM_335710_1/OZ247434.1_2.fasta
Please check your input files. Only files in fasta/fastq[.gz|bz2] are supported
BLAST Database error: Database memory map file error
100%|██████████| 13/13 [00:06<00:00,  2.55it/s]100%|██████████| 13/13 [00:06<00:00,  1.99it/s]
