  0%|          | 0/13 [00:00<?, ?it/s]BLAST Database error: Database memory map file error
BLAST Database error: Database memory map file error
BLAST Database error: Database memory map file error
BLAST Database error: Database memory map file error
BLAST Database error: Database memory map file error
BLAST Database error: Database memory map file error
BLAST Database error: Database memory map file error
BLAST Database error: Database memory map file error
BLAST Database error: Database memory map file error
BLAST Database error: Database memory map file error
BLAST Database error: Database memory map file error
BLAST Database error: Database memory map file error
BLAST Database error: Database memory map file error
BLAST Database error: Database memory map file error
The input files have no entry:  - /share/project/mieke/fdog_neighbor_regions/XP_037039505.1/output/XP_037039481_1_LOC119076684_457/tmp/BRAAL_1260807_1/JBLNJJ010059037.1_1.fasta
Please check your input files. Only files in fasta/fastq[.gz|bz2] are supported
The input files have no entry:  - /share/project/mieke/fdog_neighbor_regions/XP_037039505.1/output/XP_037039481_1_LOC119076684_457/tmp/BRAPE_1817611_1/JBDOHP010001416.1_1.fasta
Please check your input files. Only files in fasta/fastq[.gz|bz2] are supported
The input files have no entry:  - /share/project/mieke/fdog_neighbor_regions/XP_037039505.1/output/XP_037039481_1_LOC119076684_457/tmp/TRISP_1260884_1/JANVCI010263707.1_1.fasta
Please check your input files. Only files in fasta/fastq[.gz|bz2] are supported
The input files have no entry:  - /share/project/mieke/fdog_neighbor_regions/XP_037039505.1/output/XP_037039481_1_LOC119076684_457/tmp/RHISO_456999_v1/NC_057385.1_1.fasta
Please check your input files. Only files in fasta/fastq[.gz|bz2] are supported
The input files have no entry:  - /share/project/mieke/fdog_neighbor_regions/XP_037039505.1/output/XP_037039481_1_LOC119076684_457/tmp/BRAOD_1564500_1/JAFDOW010001479.1_1.fasta
Please check your input files. Only files in fasta/fastq[.gz|bz2] are supported
The input files have no entry:  - /share/project/mieke/fdog_neighbor_regions/XP_037039505.1/output/XP_037039481_1_LOC119076684_457/tmp/BRAIM_335710_1/OZ247438.1_1.fasta
Please check your input files. Only files in fasta/fastq[.gz|bz2] are supported
The input files have no entry: The input files have no entry:  - /share/project/mieke/fdog_neighbor_regions/XP_037039505.1/output/XP_037039481_1_LOC119076684_457/tmp/BRAOC_1260802_1/JBLNJI010018452.1_1.fasta
Please check your input files. Only files in fasta/fastq[.gz|bz2] are supported
 - /share/project/mieke/fdog_neighbor_regions/XP_037039505.1/output/XP_037039481_1_LOC119076684_457/tmp/PHYFL_1260839_1/JANTFA010025854.1_1.fasta
Please check your input files. Only files in fasta/fastq[.gz|bz2] are supported
The input files have no entry:  - /share/project/mieke/fdog_neighbor_regions/XP_037039505.1/output/XP_037039481_1_LOC119076684_457/tmp/BRACO_1817600_1/JBDOHQ010025695.1_1.fasta
Please check your input files. Only files in fasta/fastq[.gz|bz2] are supported
The input files have no entry:  - /share/project/mieke/fdog_neighbor_regions/XP_037039505.1/output/XP_037039481_1_LOC119076684_457/tmp/LYCIN_767460_1/OZ247517.1_1.fasta
Please check your input files. Only files in fasta/fastq[.gz|bz2] are supported
The input files have no entry:  - /share/project/mieke/fdog_neighbor_regions/XP_037039505.1/output/XP_037039481_1_LOC119076684_457/tmp/LYCAG_1887995_1/JBDOHN010026789.1_1.fasta
Please check your input files. Only files in fasta/fastq[.gz|bz2] are supported
The input files have no entry:  - /share/project/mieke/fdog_neighbor_regions/XP_037039505.1/output/XP_037039481_1_LOC119076684_457/tmp/PSEHY_35572_1/CM055405.1_1.fasta
Please check your input files. Only files in fasta/fastq[.gz|bz2] are supported
The input files have no entry:  - /share/project/mieke/fdog_neighbor_regions/XP_037039505.1/output/XP_037039481_1_LOC119076684_457/tmp/BRADE_3151524_1/JBDOHO010021675.1_1.fasta
Please check your input files. Only files in fasta/fastq[.gz|bz2] are supported
BLAST Database error: Database memory map file error
BLAST Database error: Database memory map file error
BLAST Database error: Database memory map file error
BLAST Database error: Database memory map file error
BLAST Database error: Database memory map file error
BLAST Database error: Database memory map file error
BLAST Database error: Database memory map file error
BLAST Database error: Database memory map file error
BLAST Database error: Database memory map file error
BLAST Database error: Database memory map file error
BLAST Database error: Database memory map file error
BLAST Database error: Database memory map file error
  8%|▊         | 1/13 [00:05<01:10,  5.90s/it]The input files have no entry:  - /share/project/mieke/fdog_neighbor_regions/XP_037039505.1/output/XP_037039481_1_LOC119076684_457/tmp/BRADE_3151524_1/JBDOHO010094398.1_1.fasta
Please check your input files. Only files in fasta/fastq[.gz|bz2] are supported
BLAST Database error: Database memory map file error
100%|██████████| 13/13 [00:07<00:00,  2.28it/s]100%|██████████| 13/13 [00:07<00:00,  1.77it/s]
