QRW18479.1	XP_037028856.1	XP_037028494.1	LOC119068826	NC_050735.1	6070700	6075293	True	XP_037028494.1|LOC119068826|1300
True
XP_037028856.1
XP_037028494.1
XP_037028494.1|LOC119068826|1300
XP_037028494_1_LOC119068826_1300
Gene: XP_037028494_1_LOC119068826_1300
fDOG reference species: BRACO@38358@014529535_1 

Building a consensus sequence
	 ...finished

Searching for orthologs ...
	 ...finished 

Calculating FAS scores ...
Error running FAS with  fas.run --seed /share/project/mieke/fdog_neighbor_regions/core_orthologs//XP_037028494_1_LOC119068826_1300/XP_037028494_1_LOC119068826_1300.fa --query /share/project/mieke/fdog_neighbor_regions/XP_037028856.1/output/XP_037028494_1_LOC119068826_1300//XP_037028494_1_LOC119068826_1300_og.fa --annotation_dir /share/project/mieke/fdog_neighbor_regions/XP_037028856.1/output/XP_037028494_1_LOC119068826_1300//tmp/anno_dir --bidirectional --tsv --phyloprofile /share/project/mieke/fdog_neighbor_regions/XP_037028856.1/output/XP_037028494_1_LOC119068826_1300//tmp/XP_037028494_1_LOC119068826_1300.mapping.txt --seed_id 'XP_037028494_1_LOC119068826_1300|BRACO@38358@014529535_1|XP_037028494.1' --out_dir /share/project/mieke/fdog_neighbor_regions/XP_037028856.1/output/XP_037028494_1_LOC119068826_1300/ --out_name XP_037028494_1_LOC119068826_1300
Error during gene prediction with metaeuk, using miniprot predictions for species RHISO@456999@v1
No gene predicted with augustus or metaeuk, using miniprot predictions for species RHISO@456999@v1
Error during gene prediction with metaeuk, using miniprot predictions for species BRAAL@1260807@1
No gene predicted with augustus or metaeuk, using miniprot predictions for species BRAAL@1260807@1
Error during gene prediction with metaeuk, using miniprot predictions for species BRADE@3151524@1
No gene predicted with augustus or metaeuk, using miniprot predictions for species BRADE@3151524@1
Error during gene prediction with metaeuk, using miniprot predictions for species TRISP@1260884@1
No gene predicted with augustus or metaeuk, using miniprot predictions for species TRISP@1260884@1
Error during gene prediction with metaeuk, using miniprot predictions for species LYCIN@767460@1
Error during gene prediction with metaeuk, using miniprot predictions for species LYCIN@767460@1
Error during gene prediction with metaeuk, using miniprot predictions for species LYCIN@767460@1
No gene predicted with augustus or metaeuk, using miniprot predictions for species LYCIN@767460@1
Error during gene prediction with metaeuk, using miniprot predictions for species BRAOD@1564500@1
Error during gene prediction with metaeuk, using miniprot predictions for species BRAOD@1564500@1
No gene predicted with augustus or metaeuk, using miniprot predictions for species BRAOD@1564500@1
Error during gene prediction with metaeuk, using miniprot predictions for species BRACO@1817600@1
No gene predicted with augustus or metaeuk, using miniprot predictions for species BRACO@1817600@1
Error during gene prediction with metaeuk, using miniprot predictions for species BRAIM@335710@1
Error during gene prediction with metaeuk, using miniprot predictions for species BRAIM@335710@1
No gene predicted with augustus or metaeuk, using miniprot predictions for species BRAIM@335710@1
Error during gene prediction with metaeuk, using miniprot predictions for species PSEHY@35572@1
No gene predicted with augustus or metaeuk, using miniprot predictions for species PSEHY@35572@1
Error during gene prediction with metaeuk, using miniprot predictions for species BRAPE@1817611@1
Error during gene prediction with metaeuk, using miniprot predictions for species BRAPE@1817611@1
No gene predicted with augustus or metaeuk, using miniprot predictions for species BRAPE@1817611@1
Error during gene prediction with metaeuk, using miniprot predictions for species BRAOC@1260802@1
Error during gene prediction with metaeuk, using miniprot predictions for species BRAOC@1260802@1
Error during gene prediction with metaeuk, using miniprot predictions for species BRAOC@1260802@1
No gene predicted with augustus or metaeuk, using miniprot pred