  0%|          | 0/13 [00:00<?, ?it/s]  8%|▊         | 1/13 [00:00<00:07,  1.53it/s]BLAST Database error: Database memory map file error
BLAST Database error: Database memory map file error
BLAST Database error: Database memory map file error
BLAST Database error: Database memory map file error
BLAST Database error: Database memory map file error
BLAST Database error: Database memory map file error
BLAST Database error: Database memory map file error
BLAST Database error: Database memory map file error
BLAST Database error: Database memory map file error
BLAST Database error: Database memory map file error
BLAST Database error: Database memory map file error
BLAST Database error: Database memory map file error
BLAST Database error: Database memory map file error
BLAST Database error: Database memory map file error
BLAST Database error: Database memory map file error
The input files have no entry:  - /share/project/mieke/fdog_neighbor_regions/XP_037039505.1/output/XP_037039505_1_LOC119076699_345/tmp/BRAAL_1260807_1/JBLNJJ010001476.1_1.fasta
Please check your input files. Only files in fasta/fastq[.gz|bz2] are supported
The input files have no entry:  - /share/project/mieke/fdog_neighbor_regions/XP_037039505.1/output/XP_037039505_1_LOC119076699_345/tmp/BRADE_3151524_1/JBDOHO010032336.1_1.fasta
Please check your input files. Only files in fasta/fastq[.gz|bz2] are supported
The input files have no entry:  - /share/project/mieke/fdog_neighbor_regions/XP_037039505.1/output/XP_037039505_1_LOC119076699_345/tmp/BRAPE_1817611_1/JBDOHP010010557.1_1.fasta
Please check your input files. Only files in fasta/fastq[.gz|bz2] are supported
The input files have no entry:  - /share/project/mieke/fdog_neighbor_regions/XP_037039505.1/output/XP_037039505_1_LOC119076699_345/tmp/LYCAG_1887995_1/JBDOHN010001989.1_1.fasta
Please check your input files. Only files in fasta/fastq[.gz|bz2] are supported
The input files have no entry:  - /share/project/mieke/fdog_neighbor_regions/XP_037039505.1/output/XP_037039505_1_LOC119076699_345/tmp/BRAOC_1260802_1/JBLNJI010000071.1_1.fasta
Please check your input files. Only files in fasta/fastq[.gz|bz2] are supported
The input files have no entry:  - /share/project/mieke/fdog_neighbor_regions/XP_037039505.1/output/XP_037039505_1_LOC119076699_345/tmp/TRISP_1260884_1/JANVCI010048691.1_1.fasta
Please check your input files. Only files in fasta/fastq[.gz|bz2] are supported
The input files have no entry:  - /share/project/mieke/fdog_neighbor_regions/XP_037039505.1/output/XP_037039505_1_LOC119076699_345/tmp/BRACO_1817600_1/JBDOHQ010024002.1_1.fasta
Please check your input files. Only files in fasta/fastq[.gz|bz2] are supported
The input files have no entry:  - /share/project/mieke/fdog_neighbor_regions/XP_037039505.1/output/XP_037039505_1_LOC119076699_345/tmp/PHYFL_1260839_1/JANTFA010179953.1_1.fasta
Please check your input files. Only files in fasta/fastq[.gz|bz2] are supported
The input files have no entry:  - /share/project/mieke/fdog_neighbor_regions/XP_037039505.1/output/XP_037039505_1_LOC119076699_345/tmp/BRAOD_1564500_1/JAFDOW010001479.1_1.fasta
Please check your input files. Only files in fasta/fastq[.gz|bz2] are supported
The input files have no entry:  - /share/project/mieke/fdog_neighbor_regions/XP_037039505.1/output/XP_037039505_1_LOC119076699_345/tmp/PSEHY_35572_1/CM055405.1_1.fasta
Please check your input files. Only files in fasta/fastq[.gz|bz2] are supported
The input files have no entry:  - /share/project/mieke/fdog_neighbor_regions/XP_037039505.1/output/XP_037039505_1_LOC119076699_345/tmp/LYCIN_767460_1/OZ247516.1_1.fasta
Please check your input files. Only files in fasta/fastq[.gz|bz2] are supported
The input files have no entry:  - /share/project/mieke/fdog_neighbor_regions/XP_037039505.1/output/XP_037039505_1_LOC119076699_345/tmp/BRAIM_335710_1/OZ247438.1_1.fasta
Please check your input files. Only files in fasta/fastq[.gz|bz2] are supported
BLAST Database error: Database memory map file error
BLAST Database error: Database memory map file error
BLAST Database error: Database memory map file error
BLAST Database error: Database memory map file error
BLAST Database error: Database memory map file error
BLAST Database error: Database memory map file error
BLAST Database error: Database memory map file error
BLAST Database error: Database memory map file error
BLAST Database error: Database memory map file error
BLAST Database error: Database memory map file error
 15%|█▌        | 2/13 [00:05<00:36,  3.35s/it]The input files have no entry:  - /share/project/mieke/fdog_neighbor_regions/XP_037039505.1/output/XP_037039505_1_LOC119076699_345/tmp/LYCIN_767460_1/OZ247515.1_1.fasta
Please check your input files. Only files in fasta/fastq[.gz|bz2] are supported
The input files have no entry:  - /share/project/mieke/fdog_neighbor_regions/XP_037039505.1/output/XP_037039505_1_LOC119076699_345/tmp/BRAIM_335710_1/OZ247436.1_1.fasta
Please check your input files. Only files in fasta/fastq[.gz|bz2] are supported
BLAST Database error: Database memory map file error
 92%|█████████▏| 12/13 [00:07<00:00,  2.06it/s]The input files have no entry:  - /share/project/mieke/fdog_neighbor_regions/XP_037039505.1/output/XP_037039505_1_LOC119076699_345/tmp/BRAIM_335710_1/OZ247434.1_1.fasta
Please check your input files. Only files in fasta/fastq[.gz|bz2] are supported
BLAST Database error: Database memory map file error
100%|██████████| 13/13 [00:09<00:00,  1.47it/s]100%|██████████| 13/13 [00:09<00:00,  1.36it/s]
