QRW23661.1, QRW26843.1	XP_037032572.1	XP_037032575.1	LOC119071692	NW_023503374.1	8630575	8631483	True	XP_037032575.1|LOC119071692|154
True
XP_037032572.1
XP_037032575.1
XP_037032575.1|LOC119071692|154
XP_037032575_1_LOC119071692_154
Gene: XP_037032575_1_LOC119071692_154
fDOG reference species: BRACO@38358@014529535_1 

Building a consensus sequence
	 ...finished

Searching for orthologs ...
	 ...finished 

Calculating FAS scores ...
	 ...finished 

Error during gene prediction with metaeuk, using miniprot predictions for species LYCAG@1887995@1
No gene predicted with augustus or metaeuk, using miniprot predictions for species LYCAG@1887995@1
Error during gene prediction with metaeuk, using miniprot predictions for species PHYFL@1260839@1
No gene predicted with augustus or metaeuk, using miniprot predictions for species PHYFL@1260839@1
Error during gene prediction with metaeuk, using miniprot predictions for species BRADE@3151524@1
No gene predicted with augustus or metaeuk, using miniprot predictions for species BRADE@3151524@1
Error during gene prediction with metaeuk, using miniprot predictions for species BRAOD@1564500@1
No gene predicted with augustus or metaeuk, using miniprot predictions for species BRAOD@1564500@1
Error during gene prediction with metaeuk, using miniprot predictions for species BRAIM@335710@1
Error during gene prediction with metaeuk, using miniprot predictions for species BRAIM@335710@1
No gene predicted with augustus or metaeuk, using miniprot predictions for species BRAIM@335710@1
Error during gene prediction with metaeuk, using miniprot predictions for species BRAPE@1817611@1
Error during gene prediction with metaeuk, using miniprot predictions for species BRAPE@1817611@1
Error during gene prediction with metaeuk, using miniprot predictions for species BRAPE@1817611@1
No gene predicted with augustus or metaeuk, using miniprot predictions for species BRAPE@1817611@1
Error during gene prediction with metaeuk, using miniprot predictions for species LYCIN@767460@1
Error during gene prediction with metaeuk, using miniprot predictions for species LYCIN@767460@1
No gene predicted with augustus or metaeuk, using miniprot predictions for species LYCIN@767460@1
fDOG-Assembly finished completely in 20.48s ( Group preparation: 0.05s 	Ortholog search: 7.08s 	FAS: 13.27s)
Outputs are saved at /share/project/mieke/fdog_neighbor_regions/XP_037032572.1/output/XP_037032575_1_LOC119071692_154/
