  0%|          | 0/13 [00:00<?, ?it/s]  8%|▊         | 1/13 [00:00<00:09,  1.33it/s] 15%|█▌        | 2/13 [00:01<00:06,  1.70it/s] 38%|███▊      | 5/13 [00:01<00:02,  3.99it/s] 54%|█████▍    | 7/13 [00:01<00:01,  5.16it/s] 62%|██████▏   | 8/13 [00:02<00:01,  4.92it/s]BLAST Database error: Database memory map file error
BLAST Database error: Database memory map file error
BLAST Database error: Database memory map file error
BLAST Database error: Database memory map file error
BLAST Database error: Database memory map file error
The input files have no entry:  - /share/project/mieke/fdog_neighbor_regions/XP_037028856.1/output/XP_037045951_1_LOC119081269_224/tmp/BRAOC_1260802_1/JBLNJI010017717.1_1.fasta
Please check your input files. Only files in fasta/fastq[.gz|bz2] are supported
The input files have no entry:  - /share/project/mieke/fdog_neighbor_regions/XP_037028856.1/output/XP_037045951_1_LOC119081269_224/tmp/BRAAL_1260807_1/JBLNJJ010060446.1_1.fasta
Please check your input files. Only files in fasta/fastq[.gz|bz2] are supported
The input files have no entry:  - /share/project/mieke/fdog_neighbor_regions/XP_037028856.1/output/XP_037045951_1_LOC119081269_224/tmp/BRAPE_1817611_1/JBDOHP010011351.1_1.fasta
Please check your input files. Only files in fasta/fastq[.gz|bz2] are supported
The input files have no entry:  - /share/project/mieke/fdog_neighbor_regions/XP_037028856.1/output/XP_037045951_1_LOC119081269_224/tmp/BRAOD_1564500_1/JAFDOW010001343.1_1.fasta
Please check your input files. Only files in fasta/fastq[.gz|bz2] are supported
BLAST Database error: Database memory map file error
BLAST Database error: Database memory map file error
BLAST Database error: Database memory map file error
 69%|██████▉   | 9/13 [00:03<00:02,  2.00it/s]BLAST Database error: Database memory map file error
BLAST Database error: Database memory map file error
The input files have no entry:  - /share/project/mieke/fdog_neighbor_regions/XP_037028856.1/output/XP_037045951_1_LOC119081269_224/tmp/PHYFL_1260839_1/JANTFA010013531.1_1.fasta
Please check your input files. Only files in fasta/fastq[.gz|bz2] are supported
The input files have no entry:  - /share/project/mieke/fdog_neighbor_regions/XP_037028856.1/output/XP_037045951_1_LOC119081269_224/tmp/PHYFL_1260839_1/JANTFA010171067.1_1.fasta
Please check your input files. Only files in fasta/fastq[.gz|bz2] are supported
BLAST Database error: Database memory map file error
100%|██████████| 13/13 [00:05<00:00,  1.82it/s]100%|██████████| 13/13 [00:05<00:00,  2.24it/s]
