  0%|          | 0/13 [00:00<?, ?it/s]  8%|▊         | 1/13 [00:00<00:08,  1.36it/s]BLAST Database error: Database memory map file error
BLAST Database error: Database memory map file error
BLAST Database error: Database memory map file error
BLAST Database error: Database memory map file error
BLAST Database error: Database memory map file error
BLAST Database error: Database memory map file error
BLAST Database error: Database memory map file error
BLAST Database error: Database memory map file error
BLAST Database error: Database memory map file error
BLAST Database error: Database memory map file error
BLAST Database error: Database memory map file error
BLAST Database error: Database memory map file error
BLAST Database error: Database memory map file error
BLAST Database error: Database memory map file error
BLAST Database error: Database memory map file error
The input files have no entry:  - /share/project/mieke/fdog_neighbor_regions/XP_037031339.1/output/XP_037031376_1_LOC119070933_98/tmp/BRAPE_1817611_1/JBDOHP010000456.1_1.fasta
Please check your input files. Only files in fasta/fastq[.gz|bz2] are supported
The input files have no entry:  - /share/project/mieke/fdog_neighbor_regions/XP_037031339.1/output/XP_037031376_1_LOC119070933_98/tmp/BRADE_3151524_1/JBDOHO010067783.1_1.fasta
Please check your input files. Only files in fasta/fastq[.gz|bz2] are supported
The input files have no entry:  - /share/project/mieke/fdog_neighbor_regions/XP_037031339.1/output/XP_037031376_1_LOC119070933_98/tmp/PHYFL_1260839_1/JANTFA010017842.1_1.fasta
Please check your input files. Only files in fasta/fastq[.gz|bz2] are supported
The input files have no entry:  - /share/project/mieke/fdog_neighbor_regions/XP_037031339.1/output/XP_037031376_1_LOC119070933_98/tmp/LYCIN_767460_1/OZ247514.1_1.fasta
Please check your input files. Only files in fasta/fastq[.gz|bz2] are supported
The input files have no entry:  - /share/project/mieke/fdog_neighbor_regions/XP_037031339.1/output/XP_037031376_1_LOC119070933_98/tmp/TRISP_1260884_1/JANVCI010245622.1_1.fasta
Please check your input files. Only files in fasta/fastq[.gz|bz2] are supported
The input files have no entry:  - /share/project/mieke/fdog_neighbor_regions/XP_037031339.1/output/XP_037031376_1_LOC119070933_98/tmp/BRAAL_1260807_1/JBLNJJ010007589.1_1.fasta
Please check your input files. Only files in fasta/fastq[.gz|bz2] are supported
The input files have no entry:  - /share/project/mieke/fdog_neighbor_regions/XP_037031339.1/output/XP_037031376_1_LOC119070933_98/tmp/BRACO_1817600_1/JBDOHQ010015242.1_1.fasta
Please check your input files. Only files in fasta/fastq[.gz|bz2] are supported
The input files have no entry:  - /share/project/mieke/fdog_neighbor_regions/XP_037031339.1/output/XP_037031376_1_LOC119070933_98/tmp/BRAOD_1564500_1/JAFDOW010001072.1_1.fasta
Please check your input files. Only files in fasta/fastq[.gz|bz2] are supported
The input files have no entry:  - /share/project/mieke/fdog_neighbor_regions/XP_037031339.1/output/XP_037031376_1_LOC119070933_98/tmp/PSEHY_35572_1/CM055404.1_1.fasta
Please check your input files. Only files in fasta/fastq[.gz|bz2] are supported
The input files have no entry:  - /share/project/mieke/fdog_neighbor_regions/XP_037031339.1/output/XP_037031376_1_LOC119070933_98/tmp/BRAIM_335710_1/OZ247435.1_1.fasta
Please check your input files. Only files in fasta/fastq[.gz|bz2] are supported
BLAST Database error: Database memory map file error
BLAST Database error: Database memory map file error
BLAST Database error: Database memory map file error
BLAST Database error: Database memory map file error
BLAST Database error: Database memory map file error
BLAST Database error: Database memory map file error
BLAST Database error: Database memory map file error
BLAST Database error: Database memory map file error
 15%|█▌        | 2/13 [00:03<00:24,  2.19s/it]BLAST Database error: Database memory map file error
BLAST Database error: Database memory map file error
BLAST Database error: Database memory map file error
The input files have no entry:  - /share/project/mieke/fdog_neighbor_regions/XP_037031339.1/output/XP_037031376_1_LOC119070933_98/tmp/BRAIM_335710_1/OZ247438.1_1.fasta
Please check your input files. Only files in fasta/fastq[.gz|bz2] are supported
The input files have no entry:  - /share/project/mieke/fdog_neighbor_regions/XP_037031339.1/output/XP_037031376_1_LOC119070933_98/tmp/BRAOC_1260802_1/JBLNJI010006396.1_1.fasta
Please check your input files. Only files in fasta/fastq[.gz|bz2] are supported
The input files have no entry:  - /share/project/mieke/fdog_neighbor_regions/XP_037031339.1/output/XP_037031376_1_LOC119070933_98/tmp/LYCAG_1887995_1/JBDOHN010000179.1_1.fasta
Please check your input files. Only files in fasta/fastq[.gz|bz2] are supported
BLAST Database error: Database memory map file error
 85%|████████▍ | 11/13 [00:05<00:00,  2.51it/s]The input files have no entry:  - /share/project/mieke/fdog_neighbor_regions/XP_037031339.1/output/XP_037031376_1_LOC119070933_98/tmp/LYCAG_1887995_1/JBDOHN010030862.1_1.fasta
Please check your input files. Only files in fasta/fastq[.gz|bz2] are supported
The input files have no entry:  - /share/project/mieke/fdog_neighbor_regions/XP_037031339.1/output/XP_037031376_1_LOC119070933_98/tmp/BRAOC_1260802_1/JBLNJI010003770.1_1.fasta
Please check your input files. Only files in fasta/fastq[.gz|bz2] are supported
The input files have no entry:  - /share/project/mieke/fdog_neighbor_regions/XP_037031339.1/output/XP_037031376_1_LOC119070933_98/tmp/LYCAG_1887995_1/JBDOHN010004709.1_1.fasta
Please check your input files. Only files in fasta/fastq[.gz|bz2] are supported
The input files have no entry:  - /share/project/mieke/fdog_neighbor_regions/XP_037031339.1/output/XP_037031376_1_LOC119070933_98/tmp/BRAOC_1260802_1/JBLNJI010000408.1_1.fasta
Please check your input files. Only files in fasta/fastq[.gz|bz2] are supported
BLAST Database error: Database memory map file error
BLAST Database error: Database memory map file error
 92%|█████████▏| 12/13 [00:09<00:00,  1.12it/s]100%|██████████| 13/13 [00:09<00:00,  1.32it/s]
