  0%|          | 0/13 [00:00<?, ?it/s]  8%|▊         | 1/13 [00:00<00:08,  1.38it/s] 15%|█▌        | 2/13 [00:01<00:11,  1.01s/it]BLAST Database error: Database memory map file error
BLAST Database error: Database memory map file error
BLAST Database error: Database memory map file error
BLAST Database error: Database memory map file error
BLAST Database error: Database memory map file error
BLAST Database error: Database memory map file error
BLAST Database error: Database memory map file error
BLAST Database error: Database memory map file error
BLAST Database error: Database memory map file error
BLAST Database error: Database memory map file error
BLAST Database error: Database memory map file error
BLAST Database error: Database memory map file error
The input files have no entry:  - /share/project/mieke/fdog_neighbor_regions/XP_037025833.1/output/XP_037026047_1_LOC119067273_255/tmp/BRAOD_1564500_1/JAFDOW010000598.1_1.fasta
Please check your input files. Only files in fasta/fastq[.gz|bz2] are supported
The input files have no entry:  - /share/project/mieke/fdog_neighbor_regions/XP_037025833.1/output/XP_037026047_1_LOC119067273_255/tmp/LYCAG_1887995_1/JBDOHN010004582.1_1.fasta
Please check your input files. Only files in fasta/fastq[.gz|bz2] are supported
The input files have no entry:  - /share/project/mieke/fdog_neighbor_regions/XP_037025833.1/output/XP_037026047_1_LOC119067273_255/tmp/BRAOC_1260802_1/JBLNJI010000251.1_1.fasta
Please check your input files. Only files in fasta/fastq[.gz|bz2] are supported
The input files have no entry:  - /share/project/mieke/fdog_neighbor_regions/XP_037025833.1/output/XP_037026047_1_LOC119067273_255/tmp/TRISP_1260884_1/JANVCI010103052.1_1.fasta
Please check your input files. Only files in fasta/fastq[.gz|bz2] are supported
The input files have no entry:  - /share/project/mieke/fdog_neighbor_regions/XP_037025833.1/output/XP_037026047_1_LOC119067273_255/tmp/BRADE_3151524_1/JBDOHO010000478.1_1.fasta
Please check your input files. Only files in fasta/fastq[.gz|bz2] are supported
The input files have no entry:  - /share/project/mieke/fdog_neighbor_regions/XP_037025833.1/output/XP_037026047_1_LOC119067273_255/tmp/BRAAL_1260807_1/JBLNJJ010001476.1_1.fasta
Please check your input files. Only files in fasta/fastq[.gz|bz2] are supported
The input files have no entry:  - /share/project/mieke/fdog_neighbor_regions/XP_037025833.1/output/XP_037026047_1_LOC119067273_255/tmp/LYCIN_767460_1/OZ247515.1_1.fasta
Please check your input files. Only files in fasta/fastq[.gz|bz2] are supported
The input files have no entry:  - /share/project/mieke/fdog_neighbor_regions/XP_037025833.1/output/XP_037026047_1_LOC119067273_255/tmp/PSEHY_35572_1/CM055406.1_1.fasta
Please check your input files. Only files in fasta/fastq[.gz|bz2] are supported
The input files have no entry:  - /share/project/mieke/fdog_neighbor_regions/XP_037025833.1/output/XP_037026047_1_LOC119067273_255/tmp/BRACO_1817600_1/JBDOHQ010030098.1_1.fasta
Please check your input files. Only files in fasta/fastq[.gz|bz2] are supported
The input files have no entry:  - /share/project/mieke/fdog_neighbor_regions/XP_037025833.1/output/XP_037026047_1_LOC119067273_255/tmp/PHYFL_1260839_1/JANTFA010209897.1_1.fasta
Please check your input files. Only files in fasta/fastq[.gz|bz2] are supported
The input files have no entry:  - /share/project/mieke/fdog_neighbor_regions/XP_037025833.1/output/XP_037026047_1_LOC119067273_255/tmp/BRAIM_335710_1/OZ247436.1_1.fasta
Please check your input files. Only files in fasta/fastq[.gz|bz2] are supported
The input files have no entry:  - /share/project/mieke/fdog_neighbor_regions/XP_037025833.1/output/XP_037026047_1_LOC119067273_255/tmp/BRAIM_335710_1/OZ247434.1_1.fasta
Please check your input files. Only files in fasta/fastq[.gz|bz2] are supported
BLAST Database error: Database memory map file error
BLAST Database error: Database memory map file error
BLAST Database error: Database memory map file error
BLAST Database error: Database memory map file error
BLAST Database error: Database memory map file error
BLAST Database error: Database memory map file error
BLAST Database error: Database memory map file error
BLAST Database error: Database memory map file error
BLAST Database error: Database memory map file error
BLAST Database error: Database memory map file error
 23%|██▎       | 3/13 [00:05<00:21,  2.10s/it]BLAST Database error: Database memory map file error
100%|██████████| 13/13 [00:05<00:00,  3.29it/s]100%|██████████| 13/13 [00:05<00:00,  2.31it/s]
