  0%|          | 0/13 [00:00<?, ?it/s]  8%|▊         | 1/13 [00:01<00:19,  1.65s/it]BLAST Database error: Database memory map file error
BLAST Database error: Database memory map file error
BLAST Database error: Database memory map file error
BLAST Database error: Database memory map file error
BLAST Database error: Database memory map file error
BLAST Database error: Database memory map file error
BLAST Database error: Database memory map file error
BLAST Database error: Database memory map file error
BLAST Database error: Database memory map file error
BLAST Database error: Database memory map file error
BLAST Database error: Database memory map file error
BLAST Database error: Database memory map file error
BLAST Database error: Database memory map file error
The input files have no entry:  - /share/project/mieke/fdog_neighbor_regions/XP_037025833.1/output/XP_037025810_1_LOC119067131_1302/tmp/TRISP_1260884_1/JANVCI010124935.1_1.fasta
Please check your input files. Only files in fasta/fastq[.gz|bz2] are supported
The input files have no entry:  - /share/project/mieke/fdog_neighbor_regions/XP_037025833.1/output/XP_037025810_1_LOC119067131_1302/tmp/BRACO_1817600_1/JBDOHQ010003939.1_1.fasta
Please check your input files. Only files in fasta/fastq[.gz|bz2] are supported
The input files have no entry:  - /share/project/mieke/fdog_neighbor_regions/XP_037025833.1/output/XP_037025810_1_LOC119067131_1302/tmp/BRAOD_1564500_1/JAFDOW010000598.1_1.fasta
Please check your input files. Only files in fasta/fastq[.gz|bz2] are supported
The input files have no entry:  - /share/project/mieke/fdog_neighbor_regions/XP_037025833.1/output/XP_037025810_1_LOC119067131_1302/tmp/BRAAL_1260807_1/JBLNJJ010000103.1_1.fasta
Please check your input files. Only files in fasta/fastq[.gz|bz2] are supported
The input files have no entry: The input files have no entry:  - /share/project/mieke/fdog_neighbor_regions/XP_037025833.1/output/XP_037025810_1_LOC119067131_1302/tmp/PHYFL_1260839_1/JANTFA010050895.1_1.fasta
Please check your input files. Only files in fasta/fastq[.gz|bz2] are supported
 - /share/project/mieke/fdog_neighbor_regions/XP_037025833.1/output/XP_037025810_1_LOC119067131_1302/tmp/PSEHY_35572_1/CM055406.1_1.fasta
Please check your input files. Only files in fasta/fastq[.gz|bz2] are supported
The input files have no entry:  - /share/project/mieke/fdog_neighbor_regions/XP_037025833.1/output/XP_037025810_1_LOC119067131_1302/tmp/BRADE_3151524_1/JBDOHO010000478.1_1.fasta
Please check your input files. Only files in fasta/fastq[.gz|bz2] are supported
The input files have no entry:  - /share/project/mieke/fdog_neighbor_regions/XP_037025833.1/output/XP_037025810_1_LOC119067131_1302/tmp/BRAPE_1817611_1/JBDOHP010001162.1_1.fasta
Please check your input files. Only files in fasta/fastq[.gz|bz2] are supported
The input files have no entry:  - /share/project/mieke/fdog_neighbor_regions/XP_037025833.1/output/XP_037025810_1_LOC119067131_1302/tmp/BRAOC_1260802_1/JBLNJI010000251.1_1.fasta
Please check your input files. Only files in fasta/fastq[.gz|bz2] are supported
The input files have no entry:  - /share/project/mieke/fdog_neighbor_regions/XP_037025833.1/output/XP_037025810_1_LOC119067131_1302/tmp/LYCIN_767460_1/OZ247515.1_1.fasta
Please check your input files. Only files in fasta/fastq[.gz|bz2] are supported
The input files have no entry:  - /share/project/mieke/fdog_neighbor_regions/XP_037025833.1/output/XP_037025810_1_LOC119067131_1302/tmp/LYCAG_1887995_1/JBDOHN010005444.1_1.fasta
Please check your input files. Only files in fasta/fastq[.gz|bz2] are supported
The input files have no entry:  - /share/project/mieke/fdog_neighbor_regions/XP_037025833.1/output/XP_037025810_1_LOC119067131_1302/tmp/BRAIM_335710_1/OZ247436.1_1.fasta
Please check your input files. Only files in fasta/fastq[.gz|bz2] are supported
BLAST Database error: Database memory map file error
BLAST Database error: Database memory map file error
BLAST Database error: Database memory map file error
BLAST Database error: Database memory map file error
BLAST Database error: Database memory map file error
BLAST Database error: Database memory map file error
BLAST Database error: Database memory map file error
BLAST Database error: Database memory map file error
 15%|█▌        | 2/13 [00:08<00:54,  5.00s/it]BLAST Database error: Database memory map file error
BLAST Database error: Database memory map file error
BLAST Database error: Database memory map file error
The input files have no entry:  - /share/project/mieke/fdog_neighbor_regions/XP_037025833.1/output/XP_037025810_1_LOC119067131_1302/tmp/BRAIM_335710_1/OZ247434.1_1.fasta
Please check your input files. Only files in fasta/fastq[.gz|bz2] are supported
The input files have no entry:  - /share/project/mieke/fdog_neighbor_regions/XP_037025833.1/output/XP_037025810_1_LOC119067131_1302/tmp/BRAIM_335710_1/OZ247434.1_2.fasta
Please check your input files. Only files in fasta/fastq[.gz|bz2] are supported
BLAST Database error: Database memory map file error
100%|██████████| 13/13 [00:11<00:00,  1.52it/s]100%|██████████| 13/13 [00:11<00:00,  1.17it/s]
