QRW23661.1	XP_037031339.1	XP_037031378.1	LOC119070938	NW_023503372.1	483034	483825	True	XP_037031378.1|LOC119070938|159
True
XP_037031339.1
XP_037031378.1
XP_037031378.1|LOC119070938|159
XP_037031378_1_LOC119070938_159
Gene: XP_037031378_1_LOC119070938_159
fDOG reference species: BRACO@38358@014529535_1 

Building a consensus sequence
	 ...finished

Searching for orthologs ...
	 ...finished 

Calculating FAS scores ...
	 ...finished 

Error during gene prediction with metaeuk, using miniprot predictions for species PSEHY@35572@1
No gene predicted with augustus or metaeuk, using miniprot predictions for species PSEHY@35572@1
Error during gene prediction with metaeuk, using miniprot predictions for species LYCIN@767460@1
Error during gene prediction with metaeuk, using miniprot predictions for species LYCIN@767460@1
No gene predicted with augustus or metaeuk, using miniprot predictions for species LYCIN@767460@1
Error during gene prediction with metaeuk, using miniprot predictions for species LYCAG@1887995@1
Error during gene prediction with metaeuk, using miniprot predictions for species LYCAG@1887995@1
No gene predicted with augustus or metaeuk, using miniprot predictions for species LYCAG@1887995@1
Error during gene prediction with metaeuk, using miniprot predictions for species BRAOD@1564500@1
Error during gene prediction with metaeuk, using miniprot predictions for species BRAOD@1564500@1
No gene predicted with augustus or metaeuk, using miniprot predictions for species BRAOD@1564500@1
Error during gene prediction with metaeuk, using miniprot predictions for species BRAIM@335710@1
Error during gene prediction with metaeuk, using miniprot predictions for species BRAIM@335710@1
No gene predicted with augustus or metaeuk, using miniprot predictions for species BRAIM@335710@1
Error during gene prediction with metaeuk, using miniprot predictions for species BRAAL@1260807@1
Error during gene prediction with metaeuk, using miniprot predictions for species BRAAL@1260807@1
Error during gene prediction with metaeuk, using miniprot predictions for species BRAAL@1260807@1
No gene predicted with augustus or metaeuk, using miniprot predictions for species BRAAL@1260807@1
fDOG-Assembly finished completely in 24.48s ( Group preparation: 0.04s 	Ortholog search: 11.96s 	FAS: 12.41s)
Outputs are saved at /share/project/mieke/fdog_neighbor_regions/XP_037031339.1/output/XP_037031378_1_LOC119070938_159/
