  0%|          | 0/13 [00:00<?, ?it/s]  8%|▊         | 1/13 [00:01<00:12,  1.07s/it]BLAST Database error: Database memory map file error
BLAST Database error: Database memory map file error
BLAST Database error: Database memory map file error
BLAST Database error: Database memory map file error
BLAST Database error: Database memory map file error
BLAST Database error: Database memory map file error
BLAST Database error: Database memory map file error
BLAST Database error: Database memory map file error
BLAST Database error: Database memory map file error
BLAST Database error: Database memory map file error
BLAST Database error: Database memory map file error
BLAST Database error: Database memory map file error
BLAST Database error: Database memory map file error
The input files have no entry:  - /share/project/mieke/fdog_neighbor_regions/XP_037025833.1/output/XP_037025795_1_LOC119067126_337/tmp/BRAAL_1260807_1/JBLNJJ010000484.1_1.fasta
Please check your input files. Only files in fasta/fastq[.gz|bz2] are supported
The input files have no entry:  - /share/project/mieke/fdog_neighbor_regions/XP_037025833.1/output/XP_037025795_1_LOC119067126_337/tmp/BRAOC_1260802_1/JBLNJI010002952.1_1.fasta
Please check your input files. Only files in fasta/fastq[.gz|bz2] are supported
The input files have no entry:  - /share/project/mieke/fdog_neighbor_regions/XP_037025833.1/output/XP_037025795_1_LOC119067126_337/tmp/BRAPE_1817611_1/JBDOHP010000230.1_1.fasta
Please check your input files. Only files in fasta/fastq[.gz|bz2] are supported
The input files have no entry:  - /share/project/mieke/fdog_neighbor_regions/XP_037025833.1/output/XP_037025795_1_LOC119067126_337/tmp/LYCIN_767460_1/OZ247515.1_1.fasta
Please check your input files. Only files in fasta/fastq[.gz|bz2] are supported
The input files have no entry:  - /share/project/mieke/fdog_neighbor_regions/XP_037025833.1/output/XP_037025795_1_LOC119067126_337/tmp/LYCAG_1887995_1/JBDOHN010022254.1_1.fasta
Please check your input files. Only files in fasta/fastq[.gz|bz2] are supported
The input files have no entry:  - /share/project/mieke/fdog_neighbor_regions/XP_037025833.1/output/XP_037025795_1_LOC119067126_337/tmp/BRAOD_1564500_1/JAFDOW010000598.1_1.fasta
Please check your input files. Only files in fasta/fastq[.gz|bz2] are supported
The input files have no entry:  - /share/project/mieke/fdog_neighbor_regions/XP_037025833.1/output/XP_037025795_1_LOC119067126_337/tmp/BRADE_3151524_1/JBDOHO010098890.1_1.fasta
Please check your input files. Only files in fasta/fastq[.gz|bz2] are supported
The input files have no entry:  - /share/project/mieke/fdog_neighbor_regions/XP_037025833.1/output/XP_037025795_1_LOC119067126_337/tmp/TRISP_1260884_1/JANVCI010223208.1_1.fasta
Please check your input files. Only files in fasta/fastq[.gz|bz2] are supported
The input files have no entry:  - /share/project/mieke/fdog_neighbor_regions/XP_037025833.1/output/XP_037025795_1_LOC119067126_337/tmp/BRACO_1817600_1/JBDOHQ010010591.1_1.fasta
Please check your input files. Only files in fasta/fastq[.gz|bz2] are supported
The input files have no entry:  - /share/project/mieke/fdog_neighbor_regions/XP_037025833.1/output/XP_037025795_1_LOC119067126_337/tmp/PHYFL_1260839_1/JANTFA010007453.1_1.fasta
Please check your input files. Only files in fasta/fastq[.gz|bz2] are supported
The input files have no entry:  - /share/project/mieke/fdog_neighbor_regions/XP_037025833.1/output/XP_037025795_1_LOC119067126_337/tmp/PSEHY_35572_1/CM055406.1_1.fasta
Please check your input files. Only files in fasta/fastq[.gz|bz2] are supported
The input files have no entry:  - /share/project/mieke/fdog_neighbor_regions/XP_037025833.1/output/XP_037025795_1_LOC119067126_337/tmp/BRAIM_335710_1/OZ247434.1_1.fasta
Please check your input files. Only files in fasta/fastq[.gz|bz2] are supported
The input files have no entry:  - /share/project/mieke/fdog_neighbor_regions/XP_037025833.1/output/XP_037025795_1_LOC119067126_337/tmp/BRAIM_335710_1/OZ247434.1_2.fasta
Please check your input files. Only files in fasta/fastq[.gz|bz2] are supported
BLAST Database error: Database memory map file error
BLAST Database error: Database memory map file error
BLAST Database error: Database memory map file error
BLAST Database error: Database memory map file error
BLAST Database error: Database memory map file error
BLAST Database error: Database memory map file error
BLAST Database error: Database memory map file error
BLAST Database error: Database memory map file error
BLAST Database error: Database memory map file error
BLAST Database error: Database memory map file error
BLAST Database error: Database memory map file error
 15%|█▌        | 2/13 [00:05<00:32,  2.96s/it]The input files have no entry:  - /share/project/mieke/fdog_neighbor_regions/XP_037025833.1/output/XP_037025795_1_LOC119067126_337/tmp/BRAIM_335710_1/OZ247434.1_3.fasta
Please check your input files. Only files in fasta/fastq[.gz|bz2] are supported
The input files have no entry:  - /share/project/mieke/fdog_neighbor_regions/XP_037025833.1/output/XP_037025795_1_LOC119067126_337/tmp/BRAIM_335710_1/OZ247436.1_1.fasta
Please check your input files. Only files in fasta/fastq[.gz|bz2] are supported
BLAST Database error: Database memory map file error
100%|██████████| 13/13 [00:07<00:00,  2.15it/s]100%|██████████| 13/13 [00:07<00:00,  1.74it/s]
