  0%|          | 0/13 [00:00<?, ?it/s]BLAST Database error: Database memory map file error
BLAST Database error: Database memory map file error
BLAST Database error: Database memory map file error
BLAST Database error: Database memory map file error
BLAST Database error: Database memory map file error
BLAST Database error: Database memory map file error
BLAST Database error: Database memory map file error
BLAST Database error: Database memory map file error
BLAST Database error: Database memory map file error
BLAST Database error: Database memory map file error
BLAST Database error: Database memory map file error
BLAST Database error: Database memory map file error
BLAST Database error: Database memory map file error
The input files have no entry:  - /share/project/mieke/fdog_neighbor_regions/XP_037028856.1/output/XP_037028676_1_LOC119068915_903/tmp/RHISO_456999_v1/NC_057379.1_1.fasta
Please check your input files. Only files in fasta/fastq[.gz|bz2] are supported
The input files have no entry:  - /share/project/mieke/fdog_neighbor_regions/XP_037028856.1/output/XP_037028676_1_LOC119068915_903/tmp/LYCAG_1887995_1/JBDOHN010114469.1_1.fasta
Please check your input files. Only files in fasta/fastq[.gz|bz2] are supported
The input files have no entry:  - /share/project/mieke/fdog_neighbor_regions/XP_037028856.1/output/XP_037028676_1_LOC119068915_903/tmp/BRADE_3151524_1/JBDOHO010025215.1_1.fasta
Please check your input files. Only files in fasta/fastq[.gz|bz2] are supported
The input files have no entry:  - /share/project/mieke/fdog_neighbor_regions/XP_037028856.1/output/XP_037028676_1_LOC119068915_903/tmp/BRAPE_1817611_1/JBDOHP010010136.1_1.fasta
Please check your input files. Only files in fasta/fastq[.gz|bz2] are supported
The input files have no entry:  - /share/project/mieke/fdog_neighbor_regions/XP_037028856.1/output/XP_037028676_1_LOC119068915_903/tmp/BRAAL_1260807_1/JBLNJJ010010153.1_1.fasta
Please check your input files. Only files in fasta/fastq[.gz|bz2] are supported
The input files have no entry:  - /share/project/mieke/fdog_neighbor_regions/XP_037028856.1/output/XP_037028676_1_LOC119068915_903/tmp/LYCIN_767460_1/OZ247517.1_1.fasta
Please check your input files. Only files in fasta/fastq[.gz|bz2] are supported
The input files have no entry:  - /share/project/mieke/fdog_neighbor_regions/XP_037028856.1/output/XP_037028676_1_LOC119068915_903/tmp/BRAOC_1260802_1/JBLNJI010021078.1_1.fasta
Please check your input files. Only files in fasta/fastq[.gz|bz2] are supported
The input files have no entry:  - /share/project/mieke/fdog_neighbor_regions/XP_037028856.1/output/XP_037028676_1_LOC119068915_903/tmp/BRACO_1817600_1/JBDOHQ010032907.1_1.fasta
Please check your input files. Only files in fasta/fastq[.gz|bz2] are supported
BLAST Database error: Database memory map file error
BLAST Database error: Database memory map file error
BLAST Database error: Database memory map file error
BLAST Database error: Database memory map file error
BLAST Database error: Database memory map file error
The input files have no entry: The input files have no entry:  - /share/project/mieke/fdog_neighbor_regions/XP_037028856.1/output/XP_037028676_1_LOC119068915_903/tmp/BRAOD_1564500_1/JAFDOW010000617.1_1.fasta
 - /share/project/mieke/fdog_neighbor_regions/XP_037028856.1/output/XP_037028676_1_LOC119068915_903/tmp/BRAIM_335710_1/OZ247438.1_1.fasta
Please check your input files. Only files in fasta/fastq[.gz|bz2] are supported
Please check your input files. Only files in fasta/fastq[.gz|bz2] are supported
  8%|▊         | 1/13 [00:16<03:16, 16.37s/it]The input files have no entry:  - /share/project/mieke/fdog_neighbor_regions/XP_037028856.1/output/XP_037028676_1_LOC119068915_903/tmp/TRISP_1260884_1/JANVCI010108434.1_1.fasta
Please check your input files. Only files in fasta/fastq[.gz|bz2] are supported
BLAST Database error: Database memory map file error
BLAST Database error: Database memory map file error
 46%|████▌     | 6/13 [00:16<00:14,  2.03s/it]BLAST Database error: Database memory map file error
BLAST Database error: Database memory map file error
BLAST Database error: Database memory map file error
BLAST Database error: Database memory map file error
 85%|████████▍ | 11/13 [00:16<00:01,  1.08it/s]The input files have no entry:  - /share/project/mieke/fdog_neighbor_regions/XP_037028856.1/output/XP_037028676_1_LOC119068915_903/tmp/PHYFL_1260839_1/JANTFA010000809.1_1.fasta
Please check your input files. Only files in fasta/fastq[.gz|bz2] are supported
The input files have no entry:  - /share/project/mieke/fdog_neighbor_regions/XP_037028856.1/output/XP_037028676_1_LOC119068915_903/tmp/PSEHY_35572_1/CM055405.1_1.fasta
Please check your input files. Only files in fasta/fastq[.gz|bz2] are supported
BLAST Database error: Database memory map file error
BLAST Database error: Database memory map file error
100%|██████████| 13/13 [00:17<00:00,  1.38s/it]
