  0%|          | 0/13 [00:00<?, ?it/s]BLAST Database error: Database memory map file error
BLAST Database error: Database memory map file error
BLAST Database error: Database memory map file error
BLAST Database error: Database memory map file error
BLAST Database error: Database memory map file error
BLAST Database error: Database memory map file error
BLAST Database error: Database memory map file error
BLAST Database error: Database memory map file error
BLAST Database error: Database memory map file error
BLAST Database error: Database memory map file error
BLAST Database error: Database memory map file error
BLAST Database error: Database memory map file error
BLAST Database error: Database memory map file error
BLAST Database error: Database memory map file error
BLAST Database error: Database memory map file error
BLAST Database error: Database memory map file error
BLAST Database error: Database memory map file error
BLAST Database error: Database memory map file error
BLAST Database error: Database memory map file error
BLAST Database error: Database memory map file error
The input files have no entry:  - /share/project/mieke/fdog_neighbor_regions/XP_037032572.1/output/XP_037032569_1_LOC119071686_628/tmp/BRAOD_1564500_1/JAFDOW010000954.1_1.fasta
Please check your input files. Only files in fasta/fastq[.gz|bz2] are supported
The input files have no entry:  - /share/project/mieke/fdog_neighbor_regions/XP_037032572.1/output/XP_037032569_1_LOC119071686_628/tmp/PSEHY_35572_1/CM055403.1_1.fasta
Please check your input files. Only files in fasta/fastq[.gz|bz2] are supported
The input files have no entry:  - /share/project/mieke/fdog_neighbor_regions/XP_037032572.1/output/XP_037032569_1_LOC119071686_628/tmp/PHYFL_1260839_1/JANTFA010172104.1_1.fasta
Please check your input files. Only files in fasta/fastq[.gz|bz2] are supported
The input files have no entry:  - /share/project/mieke/fdog_neighbor_regions/XP_037032572.1/output/XP_037032569_1_LOC119071686_628/tmp/BRAOC_1260802_1/JBLNJI010001054.1_1.fasta
Please check your input files. Only files in fasta/fastq[.gz|bz2] are supported
The input files have no entry:  - /share/project/mieke/fdog_neighbor_regions/XP_037032572.1/output/XP_037032569_1_LOC119071686_628/tmp/RHISO_456999_v1/NC_057374.1_1.fasta
Please check your input files. Only files in fasta/fastq[.gz|bz2] are supported
The input files have no entry:  - /share/project/mieke/fdog_neighbor_regions/XP_037032572.1/output/XP_037032569_1_LOC119071686_628/tmp/BRADE_3151524_1/JBDOHO010035874.1_1.fasta
Please check your input files. Only files in fasta/fastq[.gz|bz2] are supported
The input files have no entry:  - /share/project/mieke/fdog_neighbor_regions/XP_037032572.1/output/XP_037032569_1_LOC119071686_628/tmp/BRAPE_1817611_1/JBDOHP010004507.1_1.fasta
Please check your input files. Only files in fasta/fastq[.gz|bz2] are supported
The input files have no entry:  - /share/project/mieke/fdog_neighbor_regions/XP_037032572.1/output/XP_037032569_1_LOC119071686_628/tmp/LYCAG_1887995_1/JBDOHN010087698.1_1.fasta
Please check your input files. Only files in fasta/fastq[.gz|bz2] are supported
The input files have no entry:  - /share/project/mieke/fdog_neighbor_regions/XP_037032572.1/output/XP_037032569_1_LOC119071686_628/tmp/BRAAL_1260807_1/JBLNJJ010006513.1_1.fasta
Please check your input files. Only files in fasta/fastq[.gz|bz2] are supported
The input files have no entry:  - /share/project/mieke/fdog_neighbor_regions/XP_037032572.1/output/XP_037032569_1_LOC119071686_628/tmp/BRAIM_335710_1/OZ247435.1_1.fasta
Please check your input files. Only files in fasta/fastq[.gz|bz2] are supported
The input files have no entry:  - /share/project/mieke/fdog_neighbor_regions/XP_037032572.1/output/XP_037032569_1_LOC119071686_628/tmp/LYCIN_767460_1/OZ247514.1_1.fasta
Please check your input files. Only files in fasta/fastq[.gz|bz2] are supported
The input files have no entry:  - /share/project/mieke/fdog_neighbor_regions/XP_037032572.1/output/XP_037032569_1_LOC119071686_628/tmp/BRACO_1817600_1/JBDOHQ010016740.1_1.fasta
Please check your input files. Only files in fasta/fastq[.gz|bz2] are supported
The input files have no entry:  - /share/project/mieke/fdog_neighbor_regions/XP_037032572.1/output/XP_037032569_1_LOC119071686_628/tmp/TRISP_1260884_1/JANVCI010202935.1_1.fasta
Please check your input files. Only files in fasta/fastq[.gz|bz2] are supported
BLAST Database error: Database memory map file error
BLAST Database error: Database memory map file error
BLAST Database error: Database memory map file error
BLAST Database error: Database memory map file error
BLAST Database error: Database memory map file error
  8%|▊         | 1/13 [00:06<01:21,  6.82s/it]BLAST Database error: Database memory map file error
The input files have no entry:  - /share/project/mieke/fdog_neighbor_regions/XP_037032572.1/output/XP_037032569_1_LOC119071686_628/tmp/BRAAL_1260807_1/JBLNJJ010009130.1_1.fasta
Please check your input files. Only files in fasta/fastq[.gz|bz2] are supported
The input files have no entry:  - /share/project/mieke/fdog_neighbor_regions/XP_037032572.1/output/XP_037032569_1_LOC119071686_628/tmp/BRACO_1817600_1/JBDOHQ010000697.1_1.fasta
Please check your input files. Only files in fasta/fastq[.gz|bz2] are supported
The input files have no entry:  - /share/project/mieke/fdog_neighbor_regions/XP_037032572.1/output/XP_037032569_1_LOC119071686_628/tmp/LYCIN_767460_1/OZ247517.1_1.fasta
Please check your input files. Only files in fasta/fastq[.gz|bz2] are supported
The input files have no entry:  - /share/project/mieke/fdog_neighbor_regions/XP_037032572.1/output/XP_037032569_1_LOC119071686_628/tmp/PHYFL_1260839_1/JANTFA010072416.1_1.fasta
Please check your input files. Only files in fasta/fastq[.gz|bz2] are supported
The input files have no entry:  - /share/project/mieke/fdog_neighbor_regions/XP_037032572.1/output/XP_037032569_1_LOC119071686_628/tmp/BRAOD_1564500_1/JAFDOW010001479.1_1.fasta
Please check your input files. Only files in fasta/fastq[.gz|bz2] are supported
The input files have no entry:  - /share/project/mieke/fdog_neighbor_regions/XP_037032572.1/output/XP_037032569_1_LOC119071686_628/tmp/PSEHY_35572_1/WJQU01002040.1_1.fasta
Please check your input files. Only files in fasta/fastq[.gz|bz2] are supported
The input files have no entry:  - /share/project/mieke/fdog_neighbor_regions/XP_037032572.1/output/XP_037032569_1_LOC119071686_628/tmp/BRAIM_335710_1/OZ247438.1_1.fasta
Please check your input files. Only files in fasta/fastq[.gz|bz2] are supported
BLAST Database error: Database memory map file error
BLAST Database error: Database memory map file error
BLAST Database error: Database memory map file error
BLAST Database error: Database memory map file error
 54%|█████▍    | 7/13 [00:08<00:05,  1.11it/s]BLAST Database error: Database memory map file error
BLAST Database error: Database memory map file error
 92%|█████████▏| 12/13 [00:08<00:00,  2.22it/s]BLAST Database error: Database memory map file error
100%|██████████| 13/13 [00:08<00:00,  1.57it/s]
