  0%|          | 0/13 [00:00<?, ?it/s]  8%|▊         | 1/13 [00:01<00:16,  1.38s/it]BLAST Database error: Database memory map file error
BLAST Database error: Database memory map file error
BLAST Database error: Database memory map file error
BLAST Database error: Database memory map file error
BLAST Database error: Database memory map file error
BLAST Database error: Database memory map file error
BLAST Database error: Database memory map file error
BLAST Database error: Database memory map file error
BLAST Database error: Database memory map file error
BLAST Database error: Database memory map file error
BLAST Database error: Database memory map file error
BLAST Database error: Database memory map file error
BLAST Database error: Database memory map file error
BLAST Database error: Database memory map file error
The input files have no entry:  - /share/project/mieke/fdog_neighbor_regions/XP_037039505.1/output/XP_037039445_1_LOC119076662_1258/tmp/PHYFL_1260839_1/JANTFA010044563.1_1.fasta
Please check your input files. Only files in fasta/fastq[.gz|bz2] are supported
The input files have no entry:  - /share/project/mieke/fdog_neighbor_regions/XP_037039505.1/output/XP_037039445_1_LOC119076662_1258/tmp/BRAIM_335710_1/OZ247438.1_1.fasta
Please check your input files. Only files in fasta/fastq[.gz|bz2] are supported
The input files have no entry:  - /share/project/mieke/fdog_neighbor_regions/XP_037039505.1/output/XP_037039445_1_LOC119076662_1258/tmp/LYCIN_767460_1/OZ247517.1_1.fasta
Please check your input files. Only files in fasta/fastq[.gz|bz2] are supported
The input files have no entry:  - /share/project/mieke/fdog_neighbor_regions/XP_037039505.1/output/XP_037039445_1_LOC119076662_1258/tmp/BRADE_3151524_1/JBDOHO010012008.1_1.fasta
Please check your input files. Only files in fasta/fastq[.gz|bz2] are supported
The input files have no entry:  - /share/project/mieke/fdog_neighbor_regions/XP_037039505.1/output/XP_037039445_1_LOC119076662_1258/tmp/BRACO_1817600_1/JBDOHQ010012361.1_1.fasta
Please check your input files. Only files in fasta/fastq[.gz|bz2] are supported
The input files have no entry:  - /share/project/mieke/fdog_neighbor_regions/XP_037039505.1/output/XP_037039445_1_LOC119076662_1258/tmp/BRAOD_1564500_1/JAFDOW010001479.1_1.fasta
Please check your input files. Only files in fasta/fastq[.gz|bz2] are supported
The input files have no entry:  - /share/project/mieke/fdog_neighbor_regions/XP_037039505.1/output/XP_037039445_1_LOC119076662_1258/tmp/PSEHY_35572_1/CM055405.1_1.fasta
Please check your input files. Only files in fasta/fastq[.gz|bz2] are supported
BLAST Database error: Database memory map file error
BLAST Database error: Database memory map file error
BLAST Database error: Database memory map file error
BLAST Database error: Database memory map file error
BLAST Database error: Database memory map file error
 15%|█▌        | 2/13 [00:04<00:29,  2.65s/it]The input files have no entry:  - /share/project/mieke/fdog_neighbor_regions/XP_037039505.1/output/XP_037039445_1_LOC119076662_1258/tmp/BRAOC_1260802_1/JBLNJI010016490.1_1.fasta
Please check your input files. Only files in fasta/fastq[.gz|bz2] are supported
The input files have no entry:  - /share/project/mieke/fdog_neighbor_regions/XP_037039505.1/output/XP_037039445_1_LOC119076662_1258/tmp/LYCAG_1887995_1/JBDOHN010098011.1_1.fasta
Please check your input files. Only files in fasta/fastq[.gz|bz2] are supported
The input files have no entry:  - /share/project/mieke/fdog_neighbor_regions/XP_037039505.1/output/XP_037039445_1_LOC119076662_1258/tmp/BRAAL_1260807_1/JBLNJJ010009163.1_1.fasta
Please check your input files. Only files in fasta/fastq[.gz|bz2] are supported
The input files have no entry:  - /share/project/mieke/fdog_neighbor_regions/XP_037039505.1/output/XP_037039445_1_LOC119076662_1258/tmp/BRAPE_1817611_1/JBDOHP010026224.1_1.fasta
Please check your input files. Only files in fasta/fastq[.gz|bz2] are supported
The input files have no entry:  - /share/project/mieke/fdog_neighbor_regions/XP_037039505.1/output/XP_037039445_1_LOC119076662_1258/tmp/TRISP_1260884_1/JANVCI010221994.1_1.fasta
Please check your input files. Only files in fasta/fastq[.gz|bz2] are supported
The input files have no entry:  - /share/project/mieke/fdog_neighbor_regions/XP_037039505.1/output/XP_037039445_1_LOC119076662_1258/tmp/BRADE_3151524_1/JBDOHO010005632.1_1.fasta
Please check your input files. Only files in fasta/fastq[.gz|bz2] are supported
The input files have no entry:  - /share/project/mieke/fdog_neighbor_regions/XP_037039505.1/output/XP_037039445_1_LOC119076662_1258/tmp/BRACO_1817600_1/JBDOHQ010014499.1_1.fasta
Please check your input files. Only files in fasta/fastq[.gz|bz2] are supported
BLAST Database error: Database memory map file error
BLAST Database error: Database memory map file error
BLAST Database error: Database memory map file error
BLAST Database error: Database memory map file error
BLAST Database error: Database memory map file error
 54%|█████▍    | 7/13 [00:06<00:04,  1.33it/s]BLAST Database error: Database memory map file error
BLAST Database error: Database memory map file error
100%|██████████| 13/13 [00:06<00:00,  3.01it/s]100%|██████████| 13/13 [00:06<00:00,  1.97it/s]
