  0%|          | 0/13 [00:00<?, ?it/s]  8%|▊         | 1/13 [00:00<00:09,  1.29it/s]BLAST Database error: Database memory map file error
BLAST Database error: Database memory map file error
BLAST Database error: Database memory map file error
BLAST Database error: Database memory map file error
BLAST Database error: Database memory map file error
BLAST Database error: Database memory map file error
BLAST Database error: Database memory map file error
BLAST Database error: Database memory map file error
BLAST Database error: Database memory map file error
BLAST Database error: Database memory map file error
BLAST Database error: Database memory map file error
BLAST Database error: Database memory map file error
BLAST Database error: Database memory map file error
BLAST Database error: Database memory map file error
BLAST Database error: Database memory map file error
BLAST Database error: Database memory map file error
BLAST Database error: Database memory map file error
BLAST Database error: Database memory map file error
BLAST Database error: Database memory map file error
BLAST Database error: Database memory map file error
BLAST Database error: Database memory map file error
BLAST Database error: Database memory map file error
The input files have no entry:  - /share/project/mieke/fdog_neighbor_regions/XP_037038661.1/output/XP_037038661_1_LOC119076106_349/tmp/BRAAL_1260807_1/JBLNJJ010129080.1_1.fasta
Please check your input files. Only files in fasta/fastq[.gz|bz2] are supported
The input files have no entry:  - /share/project/mieke/fdog_neighbor_regions/XP_037038661.1/output/XP_037038661_1_LOC119076106_349/tmp/BRACO_1817600_1/JBDOHQ010004202.1_1.fasta
Please check your input files. Only files in fasta/fastq[.gz|bz2] are supported
The input files have no entry:  - /share/project/mieke/fdog_neighbor_regions/XP_037038661.1/output/XP_037038661_1_LOC119076106_349/tmp/TRISP_1260884_1/JANVCI010276791.1_1.fasta
Please check your input files. Only files in fasta/fastq[.gz|bz2] are supported
The input files have no entry:  - /share/project/mieke/fdog_neighbor_regions/XP_037038661.1/output/XP_037038661_1_LOC119076106_349/tmp/BRADE_3151524_1/JBDOHO010098083.1_1.fasta
Please check your input files. Only files in fasta/fastq[.gz|bz2] are supported
The input files have no entry:  - /share/project/mieke/fdog_neighbor_regions/XP_037038661.1/output/XP_037038661_1_LOC119076106_349/tmp/BRAOD_1564500_1/JAFDOW010000370.1_1.fasta
Please check your input files. Only files in fasta/fastq[.gz|bz2] are supported
The input files have no entry:  - /share/project/mieke/fdog_neighbor_regions/XP_037038661.1/output/XP_037038661_1_LOC119076106_349/tmp/BRAPE_1817611_1/JBDOHP010113782.1_1.fasta
Please check your input files. Only files in fasta/fastq[.gz|bz2] are supported
The input files have no entry:  - /share/project/mieke/fdog_neighbor_regions/XP_037038661.1/output/XP_037038661_1_LOC119076106_349/tmp/LYCAG_1887995_1/JBDOHN010054830.1_1.fasta
Please check your input files. Only files in fasta/fastq[.gz|bz2] are supported
The input files have no entry:  - /share/project/mieke/fdog_neighbor_regions/XP_037038661.1/output/XP_037038661_1_LOC119076106_349/tmp/PSEHY_35572_1/CM055405.1_1.fasta
Please check your input files. Only files in fasta/fastq[.gz|bz2] are supported
The input files have no entry:  - /share/project/mieke/fdog_neighbor_regions/XP_037038661.1/output/XP_037038661_1_LOC119076106_349/tmp/LYCIN_767460_1/OZ247517.1_1.fasta
Please check your input files. Only files in fasta/fastq[.gz|bz2] are supported
The input files have no entry:  - /share/project/mieke/fdog_neighbor_regions/XP_037038661.1/output/XP_037038661_1_LOC119076106_349/tmp/BRAIM_335710_1/OZ247438.1_1.fasta
Please check your input files. Only files in fasta/fastq[.gz|bz2] are supported
The input files have no entry:  - /share/project/mieke/fdog_neighbor_regions/XP_037038661.1/output/XP_037038661_1_LOC119076106_349/tmp/BRAOC_1260802_1/JBLNJI010002603.1_1.fasta
Please check your input files. Only files in fasta/fastq[.gz|bz2] are supported
The input files have no entry:  - /share/project/mieke/fdog_neighbor_regions/XP_037038661.1/output/XP_037038661_1_LOC119076106_349/tmp/PHYFL_1260839_1/JANTFA010145563.1_1.fasta
Please check your input files. Only files in fasta/fastq[.gz|bz2] are supported
BLAST Database error: Database memory map file error
BLAST Database error: Database memory map file error
BLAST Database error: Database memory map file error
BLAST Database error: Database memory map file error
 15%|█▌        | 2/13 [00:05<00:32,  2.97s/it]The input files have no entry:  - /share/project/mieke/fdog_neighbor_regions/XP_037038661.1/output/XP_037038661_1_LOC119076106_349/tmp/BRAOD_1564500_1/JAFDOW010001352.1_1.fasta
Please check your input files. Only files in fasta/fastq[.gz|bz2] are supported
The input files have no entry:  - /share/project/mieke/fdog_neighbor_regions/XP_037038661.1/output/XP_037038661_1_LOC119076106_349/tmp/BRAPE_1817611_1/JBDOHP010119223.1_1.fasta
Please check your input files. Only files in fasta/fastq[.gz|bz2] are supported
The input files have no entry:  - /share/project/mieke/fdog_neighbor_regions/XP_037038661.1/output/XP_037038661_1_LOC119076106_349/tmp/LYCAG_1887995_1/JBDOHN010003000.1_1.fasta
Please check your input files. Only files in fasta/fastq[.gz|bz2] are supported
The input files have no entry:  - /share/project/mieke/fdog_neighbor_regions/XP_037038661.1/output/XP_037038661_1_LOC119076106_349/tmp/PSEHY_35572_1/WJQU01001785.1_1.fasta
Please check your input files. Only files in fasta/fastq[.gz|bz2] are supported
The input files have no entry:  - /share/project/mieke/fdog_neighbor_regions/XP_037038661.1/output/XP_037038661_1_LOC119076106_349/tmp/LYCIN_767460_1/OZ247516.1_1.fasta
Please check your input files. Only files in fasta/fastq[.gz|bz2] are supported
The input files have no entry:  - /share/project/mieke/fdog_neighbor_regions/XP_037038661.1/output/XP_037038661_1_LOC119076106_349/tmp/BRAIM_335710_1/OZ247437.1_1.fasta
Please check your input files. Only files in fasta/fastq[.gz|bz2] are supported
The input files have no entry:  - /share/project/mieke/fdog_neighbor_regions/XP_037038661.1/output/XP_037038661_1_LOC119076106_349/tmp/PHYFL_1260839_1/JANTFA010169976.1_1.fasta
Please check your input files. Only files in fasta/fastq[.gz|bz2] are supported
The input files have no entry:  - /share/project/mieke/fdog_neighbor_regions/XP_037038661.1/output/XP_037038661_1_LOC119076106_349/tmp/BRAOC_1260802_1/JBLNJI010005397.1_1.fasta
Please check your input files. Only files in fasta/fastq[.gz|bz2] are supported
The input files have no entry:  - /share/project/mieke/fdog_neighbor_regions/XP_037038661.1/output/XP_037038661_1_LOC119076106_349/tmp/BRAOC_1260802_1/JBLNJI010003147.1_1.fasta
Please check your input files. Only files in fasta/fastq[.gz|bz2] are supported
The input files have no entry:  - /share/project/mieke/fdog_neighbor_regions/XP_037038661.1/output/XP_037038661_1_LOC119076106_349/tmp/PHYFL_1260839_1/JANTFA010149406.1_1.fasta
Please check your input files. Only files in fasta/fastq[.gz|bz2] are supported
BLAST Database error: Database memory map file error
BLAST Database error: Database memory map file error
BLAST Database error: Database memory map file error
BLAST Database error: Database memory map file error
BLAST Database error: Database memory map file error
BLAST Database error: Database memory map file error
 46%|████▌     | 6/13 [00:06<00:06,  1.06it/s]BLAST Database error: Database memory map file error
 92%|█████████▏| 12/13 [00:06<00:00,  2.71it/s]BLAST Database error: Database memory map file error
100%|██████████| 13/13 [00:06<00:00,  1.90it/s]
