QRW19682.1	XP_037035063.1	XP_037035084.1	LOC119073612	NW_023503409.1	2925036	2926305	True	XP_037035084.1|LOC119073612|262
True
XP_037035063.1
XP_037035084.1
XP_037035084.1|LOC119073612|262
XP_037035084_1_LOC119073612_262
Gene: XP_037035084_1_LOC119073612_262
fDOG reference species: BRACO@38358@014529535_1 

Building a consensus sequence
	 ...finished

Searching for orthologs ...
	 ...finished 

Calculating FAS scores ...
	 ...finished 

Error during gene prediction with metaeuk, using miniprot predictions for species BRACO@1817600@1
No gene predicted with augustus or metaeuk, using miniprot predictions for species BRACO@1817600@1
Error during gene prediction with metaeuk, using miniprot predictions for species BRAPE@1817611@1
No gene predicted with augustus or metaeuk, using miniprot predictions for species BRAPE@1817611@1
Error during gene prediction with metaeuk, using miniprot predictions for species BRAAL@1260807@1
No gene predicted with augustus or metaeuk, using miniprot predictions for species BRAAL@1260807@1
Error during gene prediction with metaeuk, using miniprot predictions for species BRADE@3151524@1
No gene predicted with augustus or metaeuk, using miniprot predictions for species BRADE@3151524@1
fDOG-Assembly finished completely in 18.51s ( Group preparation: 0.03s 	Ortholog search: 5.91s 	FAS: 12.49s)
Outputs are saved at /share/project/mieke/fdog_neighbor_regions/XP_037035063.1/output/XP_037035084_1_LOC119073612_262/
