QRW27021.1	XP_037038661.1	XP_037038615.1	LOC119076072	NW_023503493.1	6977110	6983442	True	XP_037038615.1|LOC119076072|474
True
XP_037038661.1
XP_037038615.1
XP_037038615.1|LOC119076072|474
XP_037038615_1_LOC119076072_474
Gene: XP_037038615_1_LOC119076072_474
fDOG reference species: BRACO@38358@014529535_1 

Building a consensus sequence
	 ...finished

Searching for orthologs ...
	 ...finished 

Calculating FAS scores ...
	 ...finished 

Error during gene prediction with metaeuk, using miniprot predictions for species BRADE@3151524@1
No gene predicted with augustus or metaeuk, using miniprot predictions for species BRADE@3151524@1
Error during gene prediction with metaeuk, using miniprot predictions for species TRISP@1260884@1
No gene predicted with augustus or metaeuk, using miniprot predictions for species TRISP@1260884@1
Error during gene prediction with metaeuk, using miniprot predictions for species BRACO@1817600@1
No gene predicted with augustus or metaeuk, using miniprot predictions for species BRACO@1817600@1
Error during gene prediction with metaeuk, using miniprot predictions for species LYCAG@1887995@1
No gene predicted with augustus or metaeuk, using miniprot predictions for species LYCAG@1887995@1
Error during gene prediction with metaeuk, using miniprot predictions for species LYCIN@767460@1
Error during gene prediction with metaeuk, using miniprot predictions for species LYCIN@767460@1
No gene predicted with augustus or metaeuk, using miniprot predictions for species LYCIN@767460@1
Error during gene prediction with metaeuk, using miniprot predictions for species PSEHY@35572@1
No gene predicted with augustus or metaeuk, using miniprot predictions for species PSEHY@35572@1
fDOG-Assembly finished completely in 18.5s ( Group preparation: 0.1s 	Ortholog search: 6.14s 	FAS: 12.19s)
Outputs are saved at /share/project/mieke/fdog_neighbor_regions/XP_037038661.1/output/XP_037038615_1_LOC119076072_474/
