  0%|          | 0/13 [00:00<?, ?it/s]  8%|▊         | 1/13 [00:00<00:08,  1.34it/s] 15%|█▌        | 2/13 [00:01<00:11,  1.04s/it]BLAST Database error: Database memory map file error
BLAST Database error: Database memory map file error
BLAST Database error: Database memory map file error
BLAST Database error: Database memory map file error
BLAST Database error: Database memory map file error
BLAST Database error: Database memory map file error
BLAST Database error: Database memory map file error
BLAST Database error: Database memory map file error
BLAST Database error: Database memory map file error
BLAST Database error: Database memory map file error
BLAST Database error: Database memory map file error
BLAST Database error: Database memory map file error
BLAST Database error: Database memory map file error
The input files have no entry:  - /share/project/mieke/fdog_neighbor_regions/XP_037039505.1/output/XP_037039483_1_LOC119076686_423/tmp/BRADE_3151524_1/JBDOHO010007692.1_1.fasta
Please check your input files. Only files in fasta/fastq[.gz|bz2] are supported
The input files have no entry:  - /share/project/mieke/fdog_neighbor_regions/XP_037039505.1/output/XP_037039483_1_LOC119076686_423/tmp/BRAOC_1260802_1/JBLNJI010003215.1_1.fasta
Please check your input files. Only files in fasta/fastq[.gz|bz2] are supported
The input files have no entry:  - /share/project/mieke/fdog_neighbor_regions/XP_037039505.1/output/XP_037039483_1_LOC119076686_423/tmp/BRAPE_1817611_1/JBDOHP010010557.1_1.fasta
Please check your input files. Only files in fasta/fastq[.gz|bz2] are supported
The input files have no entry:  - /share/project/mieke/fdog_neighbor_regions/XP_037039505.1/output/XP_037039483_1_LOC119076686_423/tmp/BRAIM_335710_1/OZ247438.1_1.fasta
Please check your input files. Only files in fasta/fastq[.gz|bz2] are supported
The input files have no entry:  - /share/project/mieke/fdog_neighbor_regions/XP_037039505.1/output/XP_037039483_1_LOC119076686_423/tmp/BRAOD_1564500_1/JAFDOW010001479.1_1.fasta
Please check your input files. Only files in fasta/fastq[.gz|bz2] are supported
The input files have no entry:  - /share/project/mieke/fdog_neighbor_regions/XP_037039505.1/output/XP_037039483_1_LOC119076686_423/tmp/BRACO_1817600_1/JBDOHQ010024002.1_1.fasta
Please check your input files. Only files in fasta/fastq[.gz|bz2] are supported
The input files have no entry:  - /share/project/mieke/fdog_neighbor_regions/XP_037039505.1/output/XP_037039483_1_LOC119076686_423/tmp/BRAAL_1260807_1/JBLNJJ010015025.1_1.fasta
Please check your input files. Only files in fasta/fastq[.gz|bz2] are supported
The input files have no entry:  - /share/project/mieke/fdog_neighbor_regions/XP_037039505.1/output/XP_037039483_1_LOC119076686_423/tmp/LYCIN_767460_1/OZ247517.1_1.fasta
Please check your input files. Only files in fasta/fastq[.gz|bz2] are supported
The input files have no entry:  - /share/project/mieke/fdog_neighbor_regions/XP_037039505.1/output/XP_037039483_1_LOC119076686_423/tmp/PSEHY_35572_1/CM055405.1_1.fasta
Please check your input files. Only files in fasta/fastq[.gz|bz2] are supported
The input files have no entry:  - /share/project/mieke/fdog_neighbor_regions/XP_037039505.1/output/XP_037039483_1_LOC119076686_423/tmp/LYCAG_1887995_1/JBDOHN010031884.1_1.fasta
Please check your input files. Only files in fasta/fastq[.gz|bz2] are supported
The input files have no entry:  - /share/project/mieke/fdog_neighbor_regions/XP_037039505.1/output/XP_037039483_1_LOC119076686_423/tmp/PHYFL_1260839_1/JANTFA010140572.1_1.fasta
Please check your input files. Only files in fasta/fastq[.gz|bz2] are supported
BLAST Database error: Database memory map file error
BLAST Database error: Database memory map file error
BLAST Database error: Database memory map file error
BLAST Database error: Database memory map file error
BLAST Database error: Database memory map file error
BLAST Database error: Database memory map file error
BLAST Database error: Database memory map file error
BLAST Database error: Database memory map file error
BLAST Database error: Database memory map file error
The input files have no entry:  - /share/project/mieke/fdog_neighbor_regions/XP_037039505.1/output/XP_037039483_1_LOC119076686_423/tmp/LYCAG_1887995_1/JBDOHN010013743.1_1.fasta
Please check your input files. Only files in fasta/fastq[.gz|bz2] are supported
 23%|██▎       | 3/13 [00:05<00:20,  2.03s/it]BLAST Database error: Database memory map file error
The input files have no entry:  - /share/project/mieke/fdog_neighbor_regions/XP_037039505.1/output/XP_037039483_1_LOC119076686_423/tmp/PHYFL_1260839_1/JANTFA010001799.1_1.fasta
Please check your input files. Only files in fasta/fastq[.gz|bz2] are supported
 92%|█████████▏| 12/13 [00:05<00:00,  2.93it/s]BLAST Database error: Database memory map file error
100%|██████████| 13/13 [00:06<00:00,  2.80it/s]100%|██████████| 13/13 [00:06<00:00,  2.11it/s]
