  0%|          | 0/13 [00:00<?, ?it/s]BLAST Database error: Database memory map file error
BLAST Database error: Database memory map file error
BLAST Database error: Database memory map file error
BLAST Database error: Database memory map file error
BLAST Database error: Database memory map file error
BLAST Database error: Database memory map file error
BLAST Database error: Database memory map file error
BLAST Database error: Database memory map file error
BLAST Database error: Database memory map file error
BLAST Database error: Database memory map file error
BLAST Database error: Database memory map file error
BLAST Database error: Database memory map file error
BLAST Database error: Database memory map file error
BLAST Database error: Database memory map file error
BLAST Database error: Database memory map file error
BLAST Database error: Database memory map file error
BLAST Database error: Database memory map file error
BLAST Database error: Database memory map file error
BLAST Database error: Database memory map file error
BLAST Database error: Database memory map file error
BLAST Database error: Database memory map file error
BLAST Database error: Database memory map file error
The input files have no entry:  - /share/project/mieke/fdog_neighbor_regions/XP_037028856.1/output/XP_037028494_1_LOC119068826_1300/tmp/RHISO_456999_v1/NC_057374.1_1.fasta
Please check your input files. Only files in fasta/fastq[.gz|bz2] are supported
The input files have no entry:  - /share/project/mieke/fdog_neighbor_regions/XP_037028856.1/output/XP_037028494_1_LOC119068826_1300/tmp/BRAAL_1260807_1/JBLNJJ010003457.1_1.fasta
Please check your input files. Only files in fasta/fastq[.gz|bz2] are supported
The input files have no entry:  - /share/project/mieke/fdog_neighbor_regions/XP_037028856.1/output/XP_037028494_1_LOC119068826_1300/tmp/LYCAG_1887995_1/JBDOHN010091239.1_1.fasta
Please check your input files. Only files in fasta/fastq[.gz|bz2] are supported
The input files have no entry:  - /share/project/mieke/fdog_neighbor_regions/XP_037028856.1/output/XP_037028494_1_LOC119068826_1300/tmp/BRADE_3151524_1/JBDOHO010013558.1_1.fasta
Please check your input files. Only files in fasta/fastq[.gz|bz2] are supported
BLAST Database error: Database memory map file error
The input files have no entry:  - /share/project/mieke/fdog_neighbor_regions/XP_037028856.1/output/XP_037028494_1_LOC119068826_1300/tmp/BRAPE_1817611_1/JBDOHP010085080.1_1.fasta
Please check your input files. Only files in fasta/fastq[.gz|bz2] are supported
  8%|▊         | 1/13 [00:23<04:42, 23.52s/it]BLAST Database error: Database memory map file error
 15%|█▌        | 2/13 [00:23<01:47,  9.77s/it]BLAST Database error: Database memory map file error
The input files have no entry:  - /share/project/mieke/fdog_neighbor_regions/XP_037028856.1/output/XP_037028494_1_LOC119068826_1300/tmp/BRACO_1817600_1/JBDOHQ010058202.1_1.fasta
Please check your input files. Only files in fasta/fastq[.gz|bz2] are supported
The input files have no entry:  - /share/project/mieke/fdog_neighbor_regions/XP_037028856.1/output/XP_037028494_1_LOC119068826_1300/tmp/LYCIN_767460_1/OZ247516.1_1.fasta
Please check your input files. Only files in fasta/fastq[.gz|bz2] are supported
The input files have no entry:  - /share/project/mieke/fdog_neighbor_regions/XP_037028856.1/output/XP_037028494_1_LOC119068826_1300/tmp/BRAOC_1260802_1/JBLNJI010008769.1_1.fasta
Please check your input files. Only files in fasta/fastq[.gz|bz2] are supported
The input files have no entry:  - /share/project/mieke/fdog_neighbor_regions/XP_037028856.1/output/XP_037028494_1_LOC119068826_1300/tmp/TRISP_1260884_1/JANVCI010002009.1_1.fasta
Please check your input files. Only files in fasta/fastq[.gz|bz2] are supported
The input files have no entry:  - /share/project/mieke/fdog_neighbor_regions/XP_037028856.1/output/XP_037028494_1_LOC119068826_1300/tmp/BRAOD_1564500_1/JAFDOW010000617.1_1.fasta
Please check your input files. Only files in fasta/fastq[.gz|bz2] are supported
The input files have no entry:  - /share/project/mieke/fdog_neighbor_regions/XP_037028856.1/output/XP_037028494_1_LOC119068826_1300/tmp/BRAIM_335710_1/OZ247438.1_1.fasta
Please check your input files. Only files in fasta/fastq[.gz|bz2] are supported
BLAST Database error: Database memory map file error
BLAST Database error: Database memory map file error
 31%|███       | 4/13 [00:24<00:36,  4.03s/it]The input files have no entry:  - /share/project/mieke/fdog_neighbor_regions/XP_037028856.1/output/XP_037028494_1_LOC119068826_1300/tmp/PHYFL_1260839_1/JANTFA010198499.1_1.fasta
Please check your input files. Only files in fasta/fastq[.gz|bz2] are supported
The input files have no entry:  - /share/project/mieke/fdog_neighbor_regions/XP_037028856.1/output/XP_037028494_1_LOC119068826_1300/tmp/PSEHY_35572_1/CM055403.1_1.fasta
Please check your input files. Only files in fasta/fastq[.gz|bz2] are supported
The input files have no entry:  - /share/project/mieke/fdog_neighbor_regions/XP_037028856.1/output/XP_037028494_1_LOC119068826_1300/tmp/LYCAG_1887995_1/JBDOHN010008298.1_1.fasta
Please check your input files. Only files in fasta/fastq[.gz|bz2] are supported
The input files have no entry:  - /share/project/mieke/fdog_neighbor_regions/XP_037028856.1/output/XP_037028494_1_LOC119068826_1300/tmp/BRAPE_1817611_1/JBDOHP010003076.1_1.fasta
Please check your input files. Only files in fasta/fastq[.gz|bz2] are supported
The input files have no entry:  - /share/project/mieke/fdog_neighbor_regions/XP_037028856.1/output/XP_037028494_1_LOC119068826_1300/tmp/LYCIN_767460_1/OZ247516.1_2.fasta
Please check your input files. Only files in fasta/fastq[.gz|bz2] are supported
The input files have no entry:  - /share/project/mieke/fdog_neighbor_regions/XP_037028856.1/output/XP_037028494_1_LOC119068826_1300/tmp/BRAOC_1260802_1/JBLNJI010000548.1_1.fasta
Please check your input files. Only files in fasta/fastq[.gz|bz2] are supported
BLAST Database error: Database memory map file error
The input files have no entry:  - /share/project/mieke/fdog_neighbor_regions/XP_037028856.1/output/XP_037028494_1_LOC119068826_1300/tmp/BRAOD_1564500_1/JAFDOW010001362.1_1.fasta
Please check your input files. Only files in fasta/fastq[.gz|bz2] are supported
The input files have no entry:  - /share/project/mieke/fdog_neighbor_regions/XP_037028856.1/output/XP_037028494_1_LOC119068826_1300/tmp/BRAIM_335710_1/OZ247436.1_1.fasta
Please check your input files. Only files in fasta/fastq[.gz|bz2] are supported
 46%|████▌     | 6/13 [00:26<00:17,  2.45s/it]BLAST Database error: Database memory map file error
BLAST Database error: Database memory map file error
BLAST Database error: Database memory map file error
The input files have no entry:  - /share/project/mieke/fdog_neighbor_regions/XP_037028856.1/output/XP_037028494_1_LOC119068826_1300/tmp/PHYFL_1260839_1/JANTFA010181446.1_1.fasta
Please check your input files. Only files in fasta/fastq[.gz|bz2] are supported
 62%|██████▏   | 8/13 [00:26<00:07,  1.56s/it]The input files have no entry:  - /share/project/mieke/fdog_neighbor_regions/XP_037028856.1/output/XP_037028494_1_LOC119068826_1300/tmp/LYCAG_1887995_1/JBDOHN010075296.1_1.fasta
Please check your input files. Only files in fasta/fastq[.gz|bz2] are supported
The input files have no entry:  - /share/project/mieke/fdog_neighbor_regions/XP_037028856.1/output/XP_037028494_1_LOC119068826_1300/tmp/BRAOC_1260802_1/JBLNJI010002195.1_1.fasta
Please check your input files. Only files in fasta/fastq[.gz|bz2] are supported
The input files have no entry:  - /share/project/mieke/fdog_neighbor_regions/XP_037028856.1/output/XP_037028494_1_LOC119068826_1300/tmp/LYCIN_767460_1/OZ247516.1_3.fasta
Please check your input files. Only files in fasta/fastq[.gz|bz2] are supported
The input files have no entry:  - /share/project/mieke/fdog_neighbor_regions/XP_037028856.1/output/XP_037028494_1_LOC119068826_1300/tmp/PHYFL_1260839_1/JANTFA010135224.1_1.fasta
Please check your input files. Only files in fasta/fastq[.gz|bz2] are supported
BLAST Database error: Database memory map file error
BLAST Database error: Database memory map file error
BLAST Database error: Database memory map file error
BLAST Database error: Database memory map file error
 77%|███████▋  | 10/13 [00:27<00:03,  1.21s/it]100%|██████████| 13/13 [00:27<00:00,  2.15s/it]
