QRW27021.1	XP_037038661.1	XP_037038641.1	LOC119076091	NW_023503493.1	6972950	6975223	True	XP_037038641.1|LOC119076091|395
True
XP_037038661.1
XP_037038641.1
XP_037038641.1|LOC119076091|395
XP_037038641_1_LOC119076091_395
Gene: XP_037038641_1_LOC119076091_395
fDOG reference species: BRACO@38358@014529535_1 

Building a consensus sequence
	 ...finished

Searching for orthologs ...
	 ...finished 

Calculating FAS scores ...
	 ...finished 

Error during gene prediction with metaeuk, using miniprot predictions for species PHYFL@1260839@1
No gene predicted with augustus or metaeuk, using miniprot predictions for species PHYFL@1260839@1
Error during gene prediction with metaeuk, using miniprot predictions for species BRACO@1817600@1
No gene predicted with augustus or metaeuk, using miniprot predictions for species BRACO@1817600@1
Error during gene prediction with metaeuk, using miniprot predictions for species LYCAG@1887995@1
No gene predicted with augustus or metaeuk, using miniprot predictions for species LYCAG@1887995@1
Error during gene prediction with metaeuk, using miniprot predictions for species PSEHY@35572@1
No gene predicted with augustus or metaeuk, using miniprot predictions for species PSEHY@35572@1
fDOG-Assembly finished completely in 18.24s ( Group preparation: 0.03s 	Ortholog search: 6.14s 	FAS: 11.97s)
Outputs are saved at /share/project/mieke/fdog_neighbor_regions/XP_037038661.1/output/XP_037038641_1_LOC119076091_395/
