QRW25588.1	XP_037039505.1	XP_037039445.1	LOC119076662	NW_023503493.1	12267601	12312252	True	XP_037039445.1|LOC119076662|1258
True
XP_037039505.1
XP_037039445.1
XP_037039445.1|LOC119076662|1258
XP_037039445_1_LOC119076662_1258
Gene: XP_037039445_1_LOC119076662_1258
fDOG reference species: BRACO@38358@014529535_1 

Building a consensus sequence
	 ...finished

Searching for orthologs ...
	 ...finished 

Calculating FAS scores ...
Error running FAS with  fas.run --seed /share/project/mieke/fdog_neighbor_regions/core_orthologs//XP_037039445_1_LOC119076662_1258/XP_037039445_1_LOC119076662_1258.fa --query /share/project/mieke/fdog_neighbor_regions/XP_037039505.1/output/XP_037039445_1_LOC119076662_1258//XP_037039445_1_LOC119076662_1258_og.fa --annotation_dir /share/project/mieke/fdog_neighbor_regions/XP_037039505.1/output/XP_037039445_1_LOC119076662_1258//tmp/anno_dir --bidirectional --tsv --phyloprofile /share/project/mieke/fdog_neighbor_regions/XP_037039505.1/output/XP_037039445_1_LOC119076662_1258//tmp/XP_037039445_1_LOC119076662_1258.mapping.txt --seed_id 'XP_037039445_1_LOC119076662_1258|BRACO@38358@014529535_1|XP_037039445.1' --out_dir /share/project/mieke/fdog_neighbor_regions/XP_037039505.1/output/XP_037039445_1_LOC119076662_1258/ --out_name XP_037039445_1_LOC119076662_1258
Error during gene prediction with metaeuk, using miniprot predictions for species LYCIN@767460@1
No gene predicted with augustus or metaeuk, using miniprot predictions for species LYCIN@767460@1
Error during gene prediction with metaeuk, using miniprot predictions for species BRAIM@335710@1
No gene predicted with augustus or metaeuk, using miniprot predictions for species BRAIM@335710@1
Error during gene prediction with metaeuk, using miniprot predictions for species TRISP@1260884@1
No gene predicted with augustus or metaeuk, using miniprot predictions for species TRISP@1260884@1
Error during gene prediction with metaeuk, using miniprot predictions for species BRAOD@1564500@1
No gene predicted with augustus or metaeuk, using miniprot predictions for species BRAOD@1564500@1
Error during gene prediction with metaeuk, using miniprot predictions for species LYCAG@1887995@1
No gene predicted with augustus or metaeuk, using miniprot predictions for species LYCAG@1887995@1
Error during gene prediction with metaeuk, using miniprot predictions for species PSEHY@35572@1
No gene predicted with augustus or metaeuk, using miniprot predictions for species PSEHY@35572@1
Error during gene prediction with metaeuk, using miniprot predictions for species BRAPE@1817611@1
No gene predicted with augustus or metaeuk, using miniprot predictions for species BRAPE@1817611@1
Error during gene prediction with metaeuk, using miniprot predictions for species PHYFL@1260839@1
No gene predicted with augustus or metaeuk, using miniprot predictions for species PHYFL@1260839@1
Error during gene prediction with metaeuk, using miniprot predictions for species BRAAL@1260807@1
No gene predicted with augustus or metaeuk, using miniprot predictions for species BRAAL@1260807@1
Error during gene prediction with metaeuk, using miniprot predictions for species BRAOC@1260802@1
No gene predicted with augustus or metaeuk, using miniprot predictions for species BRAOC@1260802@1
Error during gene prediction with metaeuk, using miniprot predictions for species BRADE@3151524@1
Error during gene prediction with metaeuk, using miniprot predictions for species BRADE@3151524@1
No gene predicted with augustus or metaeuk, using miniprot predictions for species BRADE@3151524@1
Error during gene prediction with metaeuk, using miniprot predictions for species BRACO@1817600@1
Error during gene prediction with metaeuk, using miniprot predictions for species BRACO@1817600@1
No gene predicted with augustus or metaeuk, using miniprot predictions for species BRACO@1817600@1
