  0%|          | 0/13 [00:00<?, ?it/s]  8%|▊         | 1/13 [00:00<00:02,  4.19it/s]BLAST Database error: Database memory map file error
BLAST Database error: Database memory map file error
BLAST Database error: Database memory map file error
BLAST Database error: Database memory map file error
BLAST Database error: Database memory map file error
BLAST Database error: Database memory map file error
BLAST Database error: Database memory map file error
BLAST Database error: Database memory map file error
BLAST Database error: Database memory map file error
BLAST Database error: Database memory map file error
BLAST Database error: Database memory map file error
BLAST Database error: Database memory map file error
BLAST Database error: Database memory map file error
BLAST Database error: Database memory map file error
BLAST Database error: Database memory map file error
The input files have no entry:  - /share/project/mieke/fdog_neighbor_regions/XP_037035063.1/output/XP_037035177_1_LOC119073676_79/tmp/LYCAG_1887995_1/JBDOHN010126690.1_1.fasta
Please check your input files. Only files in fasta/fastq[.gz|bz2] are supported
The input files have no entry:  - /share/project/mieke/fdog_neighbor_regions/XP_037035063.1/output/XP_037035177_1_LOC119073676_79/tmp/TRISP_1260884_1/JANVCI010262107.1_1.fasta
Please check your input files. Only files in fasta/fastq[.gz|bz2] are supported
The input files have no entry:  - /share/project/mieke/fdog_neighbor_regions/XP_037035063.1/output/XP_037035177_1_LOC119073676_79/tmp/BRAOD_1564500_1/JAFDOW010000828.1_1.fasta
Please check your input files. Only files in fasta/fastq[.gz|bz2] are supported
The input files have no entry:  - /share/project/mieke/fdog_neighbor_regions/XP_037035063.1/output/XP_037035177_1_LOC119073676_79/tmp/BRAAL_1260807_1/JBLNJJ010040141.1_1.fasta
Please check your input files. Only files in fasta/fastq[.gz|bz2] are supported
The input files have no entry:  - /share/project/mieke/fdog_neighbor_regions/XP_037035063.1/output/XP_037035177_1_LOC119073676_79/tmp/BRAPE_1817611_1/JBDOHP010007032.1_1.fasta
Please check your input files. Only files in fasta/fastq[.gz|bz2] are supported
The input files have no entry:  - /share/project/mieke/fdog_neighbor_regions/XP_037035063.1/output/XP_037035177_1_LOC119073676_79/tmp/BRAOC_1260802_1/JBLNJI010018052.1_1.fasta
Please check your input files. Only files in fasta/fastq[.gz|bz2] are supported
The input files have no entry:  - /share/project/mieke/fdog_neighbor_regions/XP_037035063.1/output/XP_037035177_1_LOC119073676_79/tmp/BRADE_3151524_1/JBDOHO010120003.1_1.fasta
Please check your input files. Only files in fasta/fastq[.gz|bz2] are supported
The input files have no entry:  - /share/project/mieke/fdog_neighbor_regions/XP_037035063.1/output/XP_037035177_1_LOC119073676_79/tmp/BRACO_1817600_1/JBDOHQ010009767.1_1.fasta
Please check your input files. Only files in fasta/fastq[.gz|bz2] are supported
The input files have no entry:  - /share/project/mieke/fdog_neighbor_regions/XP_037035063.1/output/XP_037035177_1_LOC119073676_79/tmp/PSEHY_35572_1/CM055404.1_1.fasta
Please check your input files. Only files in fasta/fastq[.gz|bz2] are supported
The input files have no entry:  - /share/project/mieke/fdog_neighbor_regions/XP_037035063.1/output/XP_037035177_1_LOC119073676_79/tmp/PHYFL_1260839_1/JANTFA010163300.1_1.fasta
Please check your input files. Only files in fasta/fastq[.gz|bz2] are supported
The input files have no entry:  - /share/project/mieke/fdog_neighbor_regions/XP_037035063.1/output/XP_037035177_1_LOC119073676_79/tmp/LYCIN_767460_1/OZ247519.1_1.fasta
Please check your input files. Only files in fasta/fastq[.gz|bz2] are supported
The input files have no entry:  - /share/project/mieke/fdog_neighbor_regions/XP_037035063.1/output/XP_037035177_1_LOC119073676_79/tmp/BRAIM_335710_1/OZ247437.1_1.fasta
Please check your input files. Only files in fasta/fastq[.gz|bz2] are supported
BLAST Database error: Database memory map file error
BLAST Database error: Database memory map file error
BLAST Database error: Database memory map file error
BLAST Database error: Database memory map file error
BLAST Database error: Database memory map file error
BLAST Database error: Database memory map file error
BLAST Database error: Database memory map file error
BLAST Database error: Database memory map file error
BLAST Database error: Database memory map file error
The input files have no entry:  - /share/project/mieke/fdog_neighbor_regions/XP_037035063.1/output/XP_037035177_1_LOC119073676_79/tmp/PHYFL_1260839_1/JANTFA010141513.1_1.fasta
Please check your input files. Only files in fasta/fastq[.gz|bz2] are supported
 15%|█▌        | 2/13 [00:04<00:28,  2.56s/it]The input files have no entry:  - /share/project/mieke/fdog_neighbor_regions/XP_037035063.1/output/XP_037035177_1_LOC119073676_79/tmp/BRAIM_335710_1/OZ247434.1_1.fasta
Please check your input files. Only files in fasta/fastq[.gz|bz2] are supported
The input files have no entry:  - /share/project/mieke/fdog_neighbor_regions/XP_037035063.1/output/XP_037035177_1_LOC119073676_79/tmp/LYCIN_767460_1/OZ247516.1_1.fasta
Please check your input files. Only files in fasta/fastq[.gz|bz2] are supported
BLAST Database error: Database memory map file error
BLAST Database error: Database memory map file error
BLAST Database error: Database memory map file error
 85%|████████▍ | 11/13 [00:05<00:00,  2.57it/s]100%|██████████| 13/13 [00:05<00:00,  2.43it/s]
