QRW18479.1	XP_037028856.1	XP_037045951.1	LOC119081269	NC_050735.1	6163695	6167507	True	XP_037045951.1|LOC119081269|224
True
XP_037028856.1
XP_037045951.1
XP_037045951.1|LOC119081269|224
XP_037045951_1_LOC119081269_224
Gene: XP_037045951_1_LOC119081269_224
fDOG reference species: BRACO@38358@014529535_1 

Building a consensus sequence
	 ...finished

Searching for orthologs ...
	 ...finished 

Calculating FAS scores ...
	 ...finished 

Error during gene prediction with metaeuk, using miniprot predictions for species BRAAL@1260807@1
No gene predicted with augustus or metaeuk, using miniprot predictions for species BRAAL@1260807@1
Error during gene prediction with metaeuk, using miniprot predictions for species BRAOD@1564500@1
No gene predicted with augustus or metaeuk, using miniprot predictions for species BRAOD@1564500@1
Error during gene prediction with metaeuk, using miniprot predictions for species BRAOC@1260802@1
No gene predicted with augustus or metaeuk, using miniprot predictions for species BRAOC@1260802@1
Error during gene prediction with metaeuk, using miniprot predictions for species BRAPE@1817611@1
No gene predicted with augustus or metaeuk, using miniprot predictions for species BRAPE@1817611@1
Error during gene prediction with metaeuk, using miniprot predictions for species PHYFL@1260839@1
Error during gene prediction with metaeuk, using miniprot predictions for species PHYFL@1260839@1
No gene predicted with augustus or metaeuk, using miniprot predictions for species PHYFL@1260839@1
fDOG-Assembly finished completely in 17.35s ( Group preparation: 0.01s 	Ortholog search: 5.89s 	FAS: 11.36s)
Outputs are saved at /share/project/mieke/fdog_neighbor_regions/XP_037028856.1/output/XP_037045951_1_LOC119081269_224/
