  0%|          | 0/13 [00:00<?, ?it/s]BLAST Database error: Database memory map file error
BLAST Database error: Database memory map file error
BLAST Database error: Database memory map file error
BLAST Database error: Database memory map file error
BLAST Database error: Database memory map file error
BLAST Database error: Database memory map file error
BLAST Database error: Database memory map file error
BLAST Database error: Database memory map file error
BLAST Database error: Database memory map file error
BLAST Database error: Database memory map file error
BLAST Database error: Database memory map file error
BLAST Database error: Database memory map file error
BLAST Database error: Database memory map file error
BLAST Database error: Database memory map file error
BLAST Database error: Database memory map file error
BLAST Database error: Database memory map file error
BLAST Database error: Database memory map file error
The input files have no entry:  - /share/project/mieke/fdog_neighbor_regions/XP_037035063.1/output/XP_037035016_1_LOC119073565_376/tmp/RHISO_456999_v1/NC_057370.1_1.fasta
Please check your input files. Only files in fasta/fastq[.gz|bz2] are supported
The input files have no entry:  - /share/project/mieke/fdog_neighbor_regions/XP_037035063.1/output/XP_037035016_1_LOC119073565_376/tmp/BRAOC_1260802_1/JBLNJI010003563.1_1.fasta
Please check your input files. Only files in fasta/fastq[.gz|bz2] are supported
The input files have no entry:  - /share/project/mieke/fdog_neighbor_regions/XP_037035063.1/output/XP_037035016_1_LOC119073565_376/tmp/TRISP_1260884_1/JANVCI010000004.1_1.fasta
Please check your input files. Only files in fasta/fastq[.gz|bz2] are supported
The input files have no entry: The input files have no entry:  - /share/project/mieke/fdog_neighbor_regions/XP_037035063.1/output/XP_037035016_1_LOC119073565_376/tmp/BRADE_3151524_1/JBDOHO010003231.1_1.fasta
Please check your input files. Only files in fasta/fastq[.gz|bz2] are supported
 - /share/project/mieke/fdog_neighbor_regions/XP_037035063.1/output/XP_037035016_1_LOC119073565_376/tmp/LYCAG_1887995_1/JBDOHN010002225.1_1.fasta
Please check your input files. Only files in fasta/fastq[.gz|bz2] are supported
BLAST Database error: Database memory map file error
BLAST Database error: Database memory map file error
BLAST Database error: Database memory map file error
BLAST Database error: Database memory map file error
The input files have no entry:  - /share/project/mieke/fdog_neighbor_regions/XP_037035063.1/output/XP_037035016_1_LOC119073565_376/tmp/BRAAL_1260807_1/JBLNJJ010008738.1_1.fasta
Please check your input files. Only files in fasta/fastq[.gz|bz2] are supported
The input files have no entry:  - /share/project/mieke/fdog_neighbor_regions/XP_037035063.1/output/XP_037035016_1_LOC119073565_376/tmp/BRACO_1817600_1/JBDOHQ010005316.1_1.fasta
Please check your input files. Only files in fasta/fastq[.gz|bz2] are supported
The input files have no entry:  - /share/project/mieke/fdog_neighbor_regions/XP_037035063.1/output/XP_037035016_1_LOC119073565_376/tmp/BRAPE_1817611_1/JBDOHP010006982.1_1.fasta
Please check your input files. Only files in fasta/fastq[.gz|bz2] are supported
The input files have no entry:  - /share/project/mieke/fdog_neighbor_regions/XP_037035063.1/output/XP_037035016_1_LOC119073565_376/tmp/PHYFL_1260839_1/JANTFA010050762.1_1.fasta
Please check your input files. Only files in fasta/fastq[.gz|bz2] are supported
BLAST Database error: Database memory map file error
BLAST Database error: Database memory map file error
BLAST Database error: Database memory map file error
BLAST Database error: Database memory map file error
BLAST Database error: Database memory map file error
  8%|▊         | 1/13 [00:04<00:52,  4.34s/it]BLAST Database error: Database memory map file error
BLAST Database error: Database memory map file error
BLAST Database error: Database memory map file error
 46%|████▌     | 6/13 [00:04<00:03,  1.78it/s]The input files have no entry:  - /share/project/mieke/fdog_neighbor_regions/XP_037035063.1/output/XP_037035016_1_LOC119073565_376/tmp/PSEHY_35572_1/CM055404.1_1.fasta
Please check your input files. Only files in fasta/fastq[.gz|bz2] are supported
The input files have no entry:  - /share/project/mieke/fdog_neighbor_regions/XP_037035063.1/output/XP_037035016_1_LOC119073565_376/tmp/BRAIM_335710_1/OZ247437.1_1.fasta
Please check your input files. Only files in fasta/fastq[.gz|bz2] are supported
The input files have no entry:  - /share/project/mieke/fdog_neighbor_regions/XP_037035063.1/output/XP_037035016_1_LOC119073565_376/tmp/BRAAL_1260807_1/JBLNJJ010000620.1_1.fasta
Please check your input files. Only files in fasta/fastq[.gz|bz2] are supported
The input files have no entry:  - /share/project/mieke/fdog_neighbor_regions/XP_037035063.1/output/XP_037035016_1_LOC119073565_376/tmp/BRACO_1817600_1/JBDOHQ010008371.1_1.fasta
Please check your input files. Only files in fasta/fastq[.gz|bz2] are supported
The input files have no entry:  - /share/project/mieke/fdog_neighbor_regions/XP_037035063.1/output/XP_037035016_1_LOC119073565_376/tmp/BRAPE_1817611_1/JBDOHP010008745.1_1.fasta
Please check your input files. Only files in fasta/fastq[.gz|bz2] are supported
The input files have no entry:  - /share/project/mieke/fdog_neighbor_regions/XP_037035063.1/output/XP_037035016_1_LOC119073565_376/tmp/LYCIN_767460_1/OZ247516.1_1.fasta
Please check your input files. Only files in fasta/fastq[.gz|bz2] are supported
The input files have no entry:  - /share/project/mieke/fdog_neighbor_regions/XP_037035063.1/output/XP_037035016_1_LOC119073565_376/tmp/BRAOD_1564500_1/JAFDOW010001351.1_1.fasta
Please check your input files. Only files in fasta/fastq[.gz|bz2] are supported
BLAST Database error: Database memory map file error
BLAST Database error: Database memory map file error
BLAST Database error: Database memory map file error
 62%|██████▏   | 8/13 [00:06<00:03,  1.31it/s]The input files have no entry:  - /share/project/mieke/fdog_neighbor_regions/XP_037035063.1/output/XP_037035016_1_LOC119073565_376/tmp/PSEHY_35572_1/CM055406.1_1.fasta
Please check your input files. Only files in fasta/fastq[.gz|bz2] are supported
The input files have no entry:  - /share/project/mieke/fdog_neighbor_regions/XP_037035063.1/output/XP_037035016_1_LOC119073565_376/tmp/BRAIM_335710_1/OZ247436.1_1.fasta
Please check your input files. Only files in fasta/fastq[.gz|bz2] are supported
The input files have no entry:  - /share/project/mieke/fdog_neighbor_regions/XP_037035063.1/output/XP_037035016_1_LOC119073565_376/tmp/LYCIN_767460_1/OZ247515.1_1.fasta
Please check your input files. Only files in fasta/fastq[.gz|bz2] are supported
The input files have no entry:  - /share/project/mieke/fdog_neighbor_regions/XP_037035063.1/output/XP_037035016_1_LOC119073565_376/tmp/BRAOD_1564500_1/JAFDOW010000828.1_1.fasta
Please check your input files. Only files in fasta/fastq[.gz|bz2] are supported
BLAST Database error: Database memory map file error
The input files have no entry:  - /share/project/mieke/fdog_neighbor_regions/XP_037035063.1/output/XP_037035016_1_LOC119073565_376/tmp/BRAIM_335710_1/OZ247434.1_1.fasta
Please check your input files. Only files in fasta/fastq[.gz|bz2] are supported
 77%|███████▋  | 10/13 [00:07<00:02,  1.43it/s]The input files have no entry:  - /share/project/mieke/fdog_neighbor_regions/XP_037035063.1/output/XP_037035016_1_LOC119073565_376/tmp/LYCIN_767460_1/OZ247519.1_1.fasta
Please check your input files. Only files in fasta/fastq[.gz|bz2] are supported
The input files have no entry:  - /share/project/mieke/fdog_neighbor_regions/XP_037035063.1/output/XP_037035016_1_LOC119073565_376/tmp/BRAOD_1564500_1/JAFDOW010001389.1_1.fasta
Please check your input files. Only files in fasta/fastq[.gz|bz2] are supported
BLAST Database error: Database memory map file error
BLAST Database error: Database memory map file error
The input files have no entry:  - /share/project/mieke/fdog_neighbor_regions/XP_037035063.1/output/XP_037035016_1_LOC119073565_376/tmp/LYCIN_767460_1/OZ247519.1_2.fasta
Please check your input files. Only files in fasta/fastq[.gz|bz2] are supported
 85%|████████▍ | 11/13 [00:08<00:01,  1.36it/s]BLAST Database error: Database memory map file error
100%|██████████| 13/13 [00:09<00:00,  1.73it/s]100%|██████████| 13/13 [00:09<00:00,  1.38it/s]
