  0%|          | 0/13 [00:00<?, ?it/s]BLAST Database error: Database memory map file error
BLAST Database error: Database memory map file error
BLAST Database error: Database memory map file error
BLAST Database error: Database memory map file error
BLAST Database error: Database memory map file error
BLAST Database error: Database memory map file error
BLAST Database error: Database memory map file error
BLAST Database error: Database memory map file error
BLAST Database error: Database memory map file error
BLAST Database error: Database memory map file error
BLAST Database error: Database memory map file error
BLAST Database error: Database memory map file error
BLAST Database error: Database memory map file error
BLAST Database error: Database memory map file error
BLAST Database error: Database memory map file error
The input files have no entry:  - /share/project/mieke/fdog_neighbor_regions/XP_037038661.1/output/XP_037038589_1_LOC119076058_533/tmp/RHISO_456999_v1/NC_057373.1_1.fasta
Please check your input files. Only files in fasta/fastq[.gz|bz2] are supported
The input files have no entry:  - /share/project/mieke/fdog_neighbor_regions/XP_037038661.1/output/XP_037038589_1_LOC119076058_533/tmp/BRAOD_1564500_1/JAFDOW010000940.1_1.fasta
Please check your input files. Only files in fasta/fastq[.gz|bz2] are supported
The input files have no entry:  - /share/project/mieke/fdog_neighbor_regions/XP_037038661.1/output/XP_037038589_1_LOC119076058_533/tmp/LYCIN_767460_1/OZ247517.1_1.fasta
Please check your input files. Only files in fasta/fastq[.gz|bz2] are supported
The input files have no entry:  - /share/project/mieke/fdog_neighbor_regions/XP_037038661.1/output/XP_037038589_1_LOC119076058_533/tmp/BRAPE_1817611_1/JBDOHP010029734.1_1.fasta
Please check your input files. Only files in fasta/fastq[.gz|bz2] are supported
The input files have no entry:  - /share/project/mieke/fdog_neighbor_regions/XP_037038661.1/output/XP_037038589_1_LOC119076058_533/tmp/BRAOC_1260802_1/JBLNJI010002240.1_1.fasta
Please check your input files. Only files in fasta/fastq[.gz|bz2] are supported
The input files have no entry:  - /share/project/mieke/fdog_neighbor_regions/XP_037038661.1/output/XP_037038589_1_LOC119076058_533/tmp/BRAAL_1260807_1/JBLNJJ010053323.1_1.fasta
Please check your input files. Only files in fasta/fastq[.gz|bz2] are supported
The input files have no entry:  - /share/project/mieke/fdog_neighbor_regions/XP_037038661.1/output/XP_037038589_1_LOC119076058_533/tmp/BRAIM_335710_1/OZ247438.1_1.fasta
Please check your input files. Only files in fasta/fastq[.gz|bz2] are supported
The input files have no entry:  - /share/project/mieke/fdog_neighbor_regions/XP_037038661.1/output/XP_037038589_1_LOC119076058_533/tmp/BRACO_1817600_1/JBDOHQ010007945.1_1.fasta
Please check your input files. Only files in fasta/fastq[.gz|bz2] are supported
The input files have no entry:  - /share/project/mieke/fdog_neighbor_regions/XP_037038661.1/output/XP_037038589_1_LOC119076058_533/tmp/TRISP_1260884_1/JANVCI010230441.1_1.fasta
Please check your input files. Only files in fasta/fastq[.gz|bz2] are supported
The input files have no entry:  - /share/project/mieke/fdog_neighbor_regions/XP_037038661.1/output/XP_037038589_1_LOC119076058_533/tmp/BRADE_3151524_1/JBDOHO010130660.1_1.fasta
Please check your input files. Only files in fasta/fastq[.gz|bz2] are supported
The input files have no entry:  - /share/project/mieke/fdog_neighbor_regions/XP_037038661.1/output/XP_037038589_1_LOC119076058_533/tmp/LYCAG_1887995_1/JBDOHN010092504.1_1.fasta
Please check your input files. Only files in fasta/fastq[.gz|bz2] are supported
The input files have no entry:  - /share/project/mieke/fdog_neighbor_regions/XP_037038661.1/output/XP_037038589_1_LOC119076058_533/tmp/PSEHY_35572_1/CM055405.1_1.fasta
Please check your input files. Only files in fasta/fastq[.gz|bz2] are supported
The input files have no entry:  - /share/project/mieke/fdog_neighbor_regions/XP_037038661.1/output/XP_037038589_1_LOC119076058_533/tmp/PHYFL_1260839_1/JANTFA010139118.1_1.fasta
Please check your input files. Only files in fasta/fastq[.gz|bz2] are supported
The input files have no entry:  - /share/project/mieke/fdog_neighbor_regions/XP_037038661.1/output/XP_037038589_1_LOC119076058_533/tmp/LYCAG_1887995_1/JBDOHN010144289.1_1.fasta
Please check your input files. Only files in fasta/fastq[.gz|bz2] are supported
The input files have no entry:  - /share/project/mieke/fdog_neighbor_regions/XP_037038661.1/output/XP_037038589_1_LOC119076058_533/tmp/BRADE_3151524_1/JBDOHO010039231.1_1.fasta
Please check your input files. Only files in fasta/fastq[.gz|bz2] are supported
BLAST Database error: Database memory map file error
BLAST Database error: Database memory map file error
BLAST Database error: Database memory map file error
BLAST Database error: Database memory map file error
BLAST Database error: Database memory map file error
BLAST Database error: Database memory map file error
BLAST Database error: Database memory map file error
BLAST Database error: Database memory map file error
BLAST Database error: Database memory map file error
BLAST Database error: Database memory map file error
BLAST Database error: Database memory map file error
  8%|▊         | 1/13 [00:05<01:02,  5.17s/it]BLAST Database error: Database memory map file error
BLAST Database error: Database memory map file error
100%|██████████| 13/13 [00:05<00:00,  2.49it/s]
