  0%|          | 0/13 [00:00<?, ?it/s]BLAST Database error: Database memory map file error
BLAST Database error: Database memory map file error
BLAST Database error: Database memory map file error
BLAST Database error: Database memory map file error
BLAST Database error: Database memory map file error
BLAST Database error: Database memory map file error
BLAST Database error: Database memory map file error
BLAST Database error: Database memory map file error
BLAST Database error: Database memory map file error
BLAST Database error: Database memory map file error
BLAST Database error: Database memory map file error
BLAST Database error: Database memory map file error
BLAST Database error: Database memory map file error
BLAST Database error: Database memory map file error
BLAST Database error: Database memory map file error
BLAST Database error: Database memory map file error
The input files have no entry:  - /share/project/mieke/fdog_neighbor_regions/XP_037043383.1/output/XP_037043301_1_LOC119079473_793/tmp/TRISP_1260884_1/JANVCI010208150.1_1.fasta
Please check your input files. Only files in fasta/fastq[.gz|bz2] are supported
The input files have no entry:  - /share/project/mieke/fdog_neighbor_regions/XP_037043383.1/output/XP_037043301_1_LOC119079473_793/tmp/BRAOD_1564500_1/JAFDOW010001352.1_1.fasta
Please check your input files. Only files in fasta/fastq[.gz|bz2] are supported
The input files have no entry:  - /share/project/mieke/fdog_neighbor_regions/XP_037043383.1/output/XP_037043301_1_LOC119079473_793/tmp/BRAAL_1260807_1/JBLNJJ010004011.1_1.fasta
Please check your input files. Only files in fasta/fastq[.gz|bz2] are supported
The input files have no entry:  - /share/project/mieke/fdog_neighbor_regions/XP_037043383.1/output/XP_037043301_1_LOC119079473_793/tmp/BRAIM_335710_1/OZ247437.1_1.fasta
Please check your input files. Only files in fasta/fastq[.gz|bz2] are supported
The input files have no entry:  - /share/project/mieke/fdog_neighbor_regions/XP_037043383.1/output/XP_037043301_1_LOC119079473_793/tmp/LYCIN_767460_1/OZ247516.1_1.fasta
Please check your input files. Only files in fasta/fastq[.gz|bz2] are supported
The input files have no entry:  - /share/project/mieke/fdog_neighbor_regions/XP_037043383.1/output/XP_037043301_1_LOC119079473_793/tmp/LYCAG_1887995_1/JBDOHN010000342.1_1.fasta
Please check your input files. Only files in fasta/fastq[.gz|bz2] are supported
The input files have no entry:  - /share/project/mieke/fdog_neighbor_regions/XP_037043383.1/output/XP_037043301_1_LOC119079473_793/tmp/BRADE_3151524_1/JBDOHO010051784.1_1.fasta
Please check your input files. Only files in fasta/fastq[.gz|bz2] are supported
The input files have no entry:  - /share/project/mieke/fdog_neighbor_regions/XP_037043383.1/output/XP_037043301_1_LOC119079473_793/tmp/BRACO_1817600_1/JBDOHQ010002300.1_1.fasta
Please check your input files. Only files in fasta/fastq[.gz|bz2] are supported
The input files have no entry:  - /share/project/mieke/fdog_neighbor_regions/XP_037043383.1/output/XP_037043301_1_LOC119079473_793/tmp/BRAOC_1260802_1/JBLNJI010000413.1_1.fasta
Please check your input files. Only files in fasta/fastq[.gz|bz2] are supported
The input files have no entry:  - /share/project/mieke/fdog_neighbor_regions/XP_037043383.1/output/XP_037043301_1_LOC119079473_793/tmp/BRAPE_1817611_1/JBDOHP010114977.1_1.fasta
Please check your input files. Only files in fasta/fastq[.gz|bz2] are supported
The input files have no entry:  - /share/project/mieke/fdog_neighbor_regions/XP_037043383.1/output/XP_037043301_1_LOC119079473_793/tmp/RHISO_456999_v1/NC_057372.1_1.fasta
Please check your input files. Only files in fasta/fastq[.gz|bz2] are supported
The input files have no entry:  - /share/project/mieke/fdog_neighbor_regions/XP_037043383.1/output/XP_037043301_1_LOC119079473_793/tmp/PSEHY_35572_1/CM055404.1_1.fasta
Please check your input files. Only files in fasta/fastq[.gz|bz2] are supported
The input files have no entry:  - /share/project/mieke/fdog_neighbor_regions/XP_037043383.1/output/XP_037043301_1_LOC119079473_793/tmp/PHYFL_1260839_1/JANTFA010012812.1_1.fasta
Please check your input files. Only files in fasta/fastq[.gz|bz2] are supported
BLAST Database error: Database memory map file error
BLAST Database error: Database memory map file error
BLAST Database error: Database memory map file error
BLAST Database error: Database memory map file error
BLAST Database error: Database memory map file error
BLAST Database error: Database memory map file error
BLAST Database error: Database memory map file error
BLAST Database error: Database memory map file error
BLAST Database error: Database memory map file error
BLAST Database error: Database memory map file error
The input files have no entry:  - /share/project/mieke/fdog_neighbor_regions/XP_037043383.1/output/XP_037043301_1_LOC119079473_793/tmp/BRAPE_1817611_1/JBDOHP010115216.1_1.fasta
Please check your input files. Only files in fasta/fastq[.gz|bz2] are supported
The input files have no entry:  - /share/project/mieke/fdog_neighbor_regions/XP_037043383.1/output/XP_037043301_1_LOC119079473_793/tmp/RHISO_456999_v1/NC_057370.1_1.fasta
Please check your input files. Only files in fasta/fastq[.gz|bz2] are supported
  8%|▊         | 1/13 [00:05<01:08,  5.75s/it]The input files have no entry:  - /share/project/mieke/fdog_neighbor_regions/XP_037043383.1/output/XP_037043301_1_LOC119079473_793/tmp/PHYFL_1260839_1/JANTFA010060820.1_1.fasta
Please check your input files. Only files in fasta/fastq[.gz|bz2] are supported
BLAST Database error: Database memory map file error
BLAST Database error: Database memory map file error
BLAST Database error: Database memory map file error
 85%|████████▍ | 11/13 [00:06<00:00,  2.23it/s]100%|██████████| 13/13 [00:06<00:00,  1.99it/s]
