  0%|          | 0/13 [00:00<?, ?it/s]BLAST Database error: Database memory map file error
BLAST Database error: Database memory map file error
BLAST Database error: Database memory map file error
BLAST Database error: Database memory map file error
BLAST Database error: Database memory map file error
BLAST Database error: Database memory map file error
BLAST Database error: Database memory map file error
BLAST Database error: Database memory map file error
BLAST Database error: Database memory map file error
BLAST Database error: Database memory map file error
BLAST Database error: Database memory map file error
BLAST Database error: Database memory map file error
BLAST Database error: Database memory map file error
BLAST Database error: Database memory map file error
The input files have no entry:  - /share/project/mieke/fdog_neighbor_regions/XP_037043383.1/output/XP_037043268_1_LOC119079456_1774/tmp/LYCIN_767460_1/OZ247516.1_1.fasta
Please check your input files. Only files in fasta/fastq[.gz|bz2] are supported
The input files have no entry:  - /share/project/mieke/fdog_neighbor_regions/XP_037043383.1/output/XP_037043268_1_LOC119079456_1774/tmp/BRAOC_1260802_1/JBLNJI010004501.1_1.fasta
Please check your input files. Only files in fasta/fastq[.gz|bz2] are supported
The input files have no entry:  - /share/project/mieke/fdog_neighbor_regions/XP_037043383.1/output/XP_037043268_1_LOC119079456_1774/tmp/BRAPE_1817611_1/JBDOHP010015817.1_1.fasta
Please check your input files. Only files in fasta/fastq[.gz|bz2] are supported
The input files have no entry:  - /share/project/mieke/fdog_neighbor_regions/XP_037043383.1/output/XP_037043268_1_LOC119079456_1774/tmp/RHISO_456999_v1/NC_057370.1_1.fasta
Please check your input files. Only files in fasta/fastq[.gz|bz2] are supported
The input files have no entry:  - /share/project/mieke/fdog_neighbor_regions/XP_037043383.1/output/XP_037043268_1_LOC119079456_1774/tmp/LYCAG_1887995_1/JBDOHN010001985.1_1.fasta
Please check your input files. Only files in fasta/fastq[.gz|bz2] are supported
The input files have no entry:  - /share/project/mieke/fdog_neighbor_regions/XP_037043383.1/output/XP_037043268_1_LOC119079456_1774/tmp/BRACO_1817600_1/JBDOHQ010000980.1_1.fasta
Please check your input files. Only files in fasta/fastq[.gz|bz2] are supported
The input files have no entry:  - /share/project/mieke/fdog_neighbor_regions/XP_037043383.1/output/XP_037043268_1_LOC119079456_1774/tmp/BRADE_3151524_1/JBDOHO010007382.1_1.fasta
Please check your input files. Only files in fasta/fastq[.gz|bz2] are supported
The input files have no entry:  - /share/project/mieke/fdog_neighbor_regions/XP_037043383.1/output/XP_037043268_1_LOC119079456_1774/tmp/BRAOD_1564500_1/JAFDOW010001352.1_1.fasta
Please check your input files. Only files in fasta/fastq[.gz|bz2] are supported
The input files have no entry:  - /share/project/mieke/fdog_neighbor_regions/XP_037043383.1/output/XP_037043268_1_LOC119079456_1774/tmp/BRAAL_1260807_1/JBLNJJ010045896.1_1.fasta
Please check your input files. Only files in fasta/fastq[.gz|bz2] are supported
The input files have no entry:  - /share/project/mieke/fdog_neighbor_regions/XP_037043383.1/output/XP_037043268_1_LOC119079456_1774/tmp/PSEHY_35572_1/WJQU01001785.1_1.fasta
Please check your input files. Only files in fasta/fastq[.gz|bz2] are supported
The input files have no entry:  - /share/project/mieke/fdog_neighbor_regions/XP_037043383.1/output/XP_037043268_1_LOC119079456_1774/tmp/BRAIM_335710_1/OZ247437.1_1.fasta
Please check your input files. Only files in fasta/fastq[.gz|bz2] are supported
The input files have no entry: The input files have no entry:  - /share/project/mieke/fdog_neighbor_regions/XP_037043383.1/output/XP_037043268_1_LOC119079456_1774/tmp/PHYFL_1260839_1/JANTFA010069483.1_1.fasta
Please check your input files. Only files in fasta/fastq[.gz|bz2] are supported
 - /share/project/mieke/fdog_neighbor_regions/XP_037043383.1/output/XP_037043268_1_LOC119079456_1774/tmp/TRISP_1260884_1/JANVCI010067792.1_1.fasta
Please check your input files. Only files in fasta/fastq[.gz|bz2] are supported
The input files have no entry:  - /share/project/mieke/fdog_neighbor_regions/XP_037043383.1/output/XP_037043268_1_LOC119079456_1774/tmp/BRAAL_1260807_1/JBLNJJ010001079.1_1.fasta
Please check your input files. Only files in fasta/fastq[.gz|bz2] are supported
BLAST Database error: Database memory map file error
BLAST Database error: Database memory map file error
BLAST Database error: Database memory map file error
BLAST Database error: Database memory map file error
BLAST Database error: Database memory map file error
BLAST Database error: Database memory map file error
BLAST Database error: Database memory map file error
BLAST Database error: Database memory map file error
BLAST Database error: Database memory map file error
BLAST Database error: Database memory map file error
BLAST Database error: Database memory map file error
BLAST Database error: Database memory map file error
  8%|▊         | 1/13 [00:05<01:03,  5.32s/it]BLAST Database error: Database memory map file error
100%|██████████| 13/13 [00:06<00:00,  2.87it/s]100%|██████████| 13/13 [00:06<00:00,  2.16it/s]
