  0%|          | 0/13 [00:00<?, ?it/s]  8%|▊         | 1/13 [00:04<00:56,  4.74s/it]BLAST Database error: Database memory map file error
BLAST Database error: Database memory map file error
BLAST Database error: Database memory map file error
BLAST Database error: Database memory map file error
BLAST Database error: Database memory map file error
BLAST Database error: Database memory map file error
BLAST Database error: Database memory map file error
BLAST Database error: Database memory map file error
BLAST Database error: Database memory map file error
BLAST Database error: Database memory map file error
BLAST Database error: Database memory map file error
BLAST Database error: Database memory map file error
BLAST Database error: Database memory map file error
The input files have no entry:  - /share/project/mieke/fdog_neighbor_regions/XP_037028856.1/output/XP_037028847_1_LOC119069071_508/tmp/LYCAG_1887995_1/JBDOHN010133542.1_1.fasta
Please check your input files. Only files in fasta/fastq[.gz|bz2] are supported
The input files have no entry:  - /share/project/mieke/fdog_neighbor_regions/XP_037028856.1/output/XP_037028847_1_LOC119069071_508/tmp/BRAAL_1260807_1/JBLNJJ010024010.1_1.fasta
Please check your input files. Only files in fasta/fastq[.gz|bz2] are supported
The input files have no entry:  - /share/project/mieke/fdog_neighbor_regions/XP_037028856.1/output/XP_037028847_1_LOC119069071_508/tmp/BRAPE_1817611_1/JBDOHP010077830.1_1.fasta
Please check your input files. Only files in fasta/fastq[.gz|bz2] are supported
The input files have no entry:  - /share/project/mieke/fdog_neighbor_regions/XP_037028856.1/output/XP_037028847_1_LOC119069071_508/tmp/BRADE_3151524_1/JBDOHO010025783.1_1.fasta
Please check your input files. Only files in fasta/fastq[.gz|bz2] are supported
BLAST Database error: Database memory map file error
 15%|█▌        | 2/13 [00:23<02:23, 13.03s/it]BLAST Database error: Database memory map file error
BLAST Database error: Database memory map file error
 23%|██▎       | 3/13 [00:23<01:11,  7.14s/it]BLAST Database error: Database memory map file error
The input files have no entry:  - /share/project/mieke/fdog_neighbor_regions/XP_037028856.1/output/XP_037028847_1_LOC119069071_508/tmp/BRAOC_1260802_1/JBLNJI010009863.1_1.fasta
Please check your input files. Only files in fasta/fastq[.gz|bz2] are supported
The input files have no entry:  - /share/project/mieke/fdog_neighbor_regions/XP_037028856.1/output/XP_037028847_1_LOC119069071_508/tmp/LYCIN_767460_1/OZ247517.1_1.fasta
Please check your input files. Only files in fasta/fastq[.gz|bz2] are supported
The input files have no entry:  - /share/project/mieke/fdog_neighbor_regions/XP_037028856.1/output/XP_037028847_1_LOC119069071_508/tmp/BRACO_1817600_1/JBDOHQ010007319.1_1.fasta
Please check your input files. Only files in fasta/fastq[.gz|bz2] are supported
The input files have no entry:  - /share/project/mieke/fdog_neighbor_regions/XP_037028856.1/output/XP_037028847_1_LOC119069071_508/tmp/BRAOD_1564500_1/JAFDOW010000617.1_1.fasta
Please check your input files. Only files in fasta/fastq[.gz|bz2] are supported
The input files have no entry:  - /share/project/mieke/fdog_neighbor_regions/XP_037028856.1/output/XP_037028847_1_LOC119069071_508/tmp/BRAIM_335710_1/OZ247438.1_1.fasta
Please check your input files. Only files in fasta/fastq[.gz|bz2] are supported
The input files have no entry:  - /share/project/mieke/fdog_neighbor_regions/XP_037028856.1/output/XP_037028847_1_LOC119069071_508/tmp/TRISP_1260884_1/JANVCI010274847.1_1.fasta
Please check your input files. Only files in fasta/fastq[.gz|bz2] are supported
BLAST Database error: Database memory map file error
BLAST Database error: Database memory map file error
BLAST Database error: Database memory map file error
BLAST Database error: Database memory map file error
BLAST Database error: Database memory map file error
BLAST Database error: Database memory map file error
 46%|████▌     | 6/13 [00:24<00:18,  2.67s/it]The input files have no entry:  - /share/project/mieke/fdog_neighbor_regions/XP_037028856.1/output/XP_037028847_1_LOC119069071_508/tmp/PHYFL_1260839_1/JANTFA010109724.1_1.fasta
Please check your input files. Only files in fasta/fastq[.gz|bz2] are supported
The input files have no entry:  - /share/project/mieke/fdog_neighbor_regions/XP_037028856.1/output/XP_037028847_1_LOC119069071_508/tmp/PSEHY_35572_1/CM055405.1_1.fasta
Please check your input files. Only files in fasta/fastq[.gz|bz2] are supported
BLAST Database error: Database memory map file error
 92%|█████████▏| 12/13 [00:26<00:01,  1.08s/it]The input files have no entry:  - /share/project/mieke/fdog_neighbor_regions/XP_037028856.1/output/XP_037028847_1_LOC119069071_508/tmp/PHYFL_1260839_1/JANTFA010124767.1_1.fasta
Please check your input files. Only files in fasta/fastq[.gz|bz2] are supported
BLAST Database error: Database memory map file error
100%|██████████| 13/13 [00:26<00:00,  1.00it/s]100%|██████████| 13/13 [00:26<00:00,  2.06s/it]
