QRW23661.1, QRW26843.1	XP_037032572.1	XP_037032572.1	LOC119071690	NW_023503374.1	8579029	8582042	True	XP_037032572.1|LOC119071690|612
True
XP_037032572.1
XP_037032572.1
XP_037032572.1|LOC119071690|612
XP_037032572_1_LOC119071690_612
Gene: XP_037032572_1_LOC119071690_612
fDOG reference species: BRACO@38358@014529535_1 

Building a consensus sequence
	 ...finished

Searching for orthologs ...
	 ...finished 

Calculating FAS scores ...
	 ...finished 

Error during gene prediction with metaeuk, using miniprot predictions for species BRACO@1817600@1
No gene predicted with augustus or metaeuk, using miniprot predictions for species BRACO@1817600@1
Error during gene prediction with metaeuk, using miniprot predictions for species PSEHY@35572@1
No gene predicted with augustus or metaeuk, using miniprot predictions for species PSEHY@35572@1
Error during gene prediction with metaeuk, using miniprot predictions for species TRISP@1260884@1
No gene predicted with augustus or metaeuk, using miniprot predictions for species TRISP@1260884@1
Error during gene prediction with metaeuk, using miniprot predictions for species BRAAL@1260807@1
No gene predicted with augustus or metaeuk, using miniprot predictions for species BRAAL@1260807@1
fDOG-Assembly finished completely in 18.13s ( Group preparation: 0.05s 	Ortholog search: 5.8s 	FAS: 12.23s)
Outputs are saved at /share/project/mieke/fdog_neighbor_regions/XP_037032572.1/output/XP_037032572_1_LOC119071690_612/
