  0%|          | 0/13 [00:00<?, ?it/s]  8%|▊         | 1/13 [00:00<00:11,  1.07it/s]BLAST Database error: Database memory map file error
BLAST Database error: Database memory map file error
BLAST Database error: Database memory map file error
BLAST Database error: Database memory map file error
BLAST Database error: Database memory map file error
BLAST Database error: Database memory map file error
BLAST Database error: Database memory map file error
BLAST Database error: Database memory map file error
BLAST Database error: Database memory map file error
BLAST Database error: Database memory map file error
BLAST Database error: Database memory map file error
BLAST Database error: Database memory map file error
BLAST Database error: Database memory map file error
The input files have no entry:  - /share/project/mieke/fdog_neighbor_regions/XP_037032572.1/output/XP_037032585_1_LOC119071702_411/tmp/LYCAG_1887995_1/JBDOHN010010221.1_1.fasta
Please check your input files. Only files in fasta/fastq[.gz|bz2] are supported
The input files have no entry:  - /share/project/mieke/fdog_neighbor_regions/XP_037032572.1/output/XP_037032585_1_LOC119071702_411/tmp/LYCIN_767460_1/OZ247514.1_1.fasta
Please check your input files. Only files in fasta/fastq[.gz|bz2] are supported
The input files have no entry:  - /share/project/mieke/fdog_neighbor_regions/XP_037032572.1/output/XP_037032585_1_LOC119071702_411/tmp/BRACO_1817600_1/JBDOHQ010014389.1_1.fasta
Please check your input files. Only files in fasta/fastq[.gz|bz2] are supported
The input files have no entry:  - /share/project/mieke/fdog_neighbor_regions/XP_037032572.1/output/XP_037032585_1_LOC119071702_411/tmp/BRAOC_1260802_1/JBLNJI010002163.1_1.fasta
Please check your input files. Only files in fasta/fastq[.gz|bz2] are supported
The input files have no entry:  - /share/project/mieke/fdog_neighbor_regions/XP_037032572.1/output/XP_037032585_1_LOC119071702_411/tmp/BRAIM_335710_1/OZ247435.1_1.fasta
Please check your input files. Only files in fasta/fastq[.gz|bz2] are supported
The input files have no entry:  - /share/project/mieke/fdog_neighbor_regions/XP_037032572.1/output/XP_037032585_1_LOC119071702_411/tmp/TRISP_1260884_1/JANVCI010190781.1_1.fasta
Please check your input files. Only files in fasta/fastq[.gz|bz2] are supported
The input files have no entry:  - /share/project/mieke/fdog_neighbor_regions/XP_037032572.1/output/XP_037032585_1_LOC119071702_411/tmp/BRAAL_1260807_1/JBLNJJ010010930.1_1.fasta
Please check your input files. Only files in fasta/fastq[.gz|bz2] are supported
The input files have no entry:  - /share/project/mieke/fdog_neighbor_regions/XP_037032572.1/output/XP_037032585_1_LOC119071702_411/tmp/PHYFL_1260839_1/JANTFA010083782.1_1.fasta
Please check your input files. Only files in fasta/fastq[.gz|bz2] are supported
The input files have no entry:  - /share/project/mieke/fdog_neighbor_regions/XP_037032572.1/output/XP_037032585_1_LOC119071702_411/tmp/BRADE_3151524_1/JBDOHO010056467.1_1.fasta
Please check your input files. Only files in fasta/fastq[.gz|bz2] are supported
The input files have no entry:  - /share/project/mieke/fdog_neighbor_regions/XP_037032572.1/output/XP_037032585_1_LOC119071702_411/tmp/BRAOD_1564500_1/JAFDOW010000954.1_1.fasta
Please check your input files. Only files in fasta/fastq[.gz|bz2] are supported
The input files have no entry:  - /share/project/mieke/fdog_neighbor_regions/XP_037032572.1/output/XP_037032585_1_LOC119071702_411/tmp/BRAPE_1817611_1/JBDOHP010052321.1_1.fasta
Please check your input files. Only files in fasta/fastq[.gz|bz2] are supported
The input files have no entry:  - /share/project/mieke/fdog_neighbor_regions/XP_037032572.1/output/XP_037032585_1_LOC119071702_411/tmp/PSEHY_35572_1/CM055403.1_1.fasta
Please check your input files. Only files in fasta/fastq[.gz|bz2] are supported
BLAST Database error: Database memory map file error
BLAST Database error: Database memory map file error
BLAST Database error: Database memory map file error
BLAST Database error: Database memory map file error
BLAST Database error: Database memory map file error
BLAST Database error: Database memory map file error
BLAST Database error: Database memory map file error
BLAST Database error: Database memory map file error
BLAST Database error: Database memory map file error
BLAST Database error: Database memory map file error
BLAST Database error: Database memory map file error
The input files have no entry:  - /share/project/mieke/fdog_neighbor_regions/XP_037032572.1/output/XP_037032585_1_LOC119071702_411/tmp/BRAPE_1817611_1/JBDOHP010086202.1_1.fasta
Please check your input files. Only files in fasta/fastq[.gz|bz2] are supported
 15%|█▌        | 2/13 [00:05<00:33,  3.04s/it]BLAST Database error: Database memory map file error
100%|██████████| 13/13 [00:06<00:00,  2.59it/s]100%|██████████| 13/13 [00:06<00:00,  1.99it/s]
