  0%|          | 0/13 [00:00<?, ?it/s]  8%|▊         | 1/13 [00:00<00:10,  1.17it/s]BLAST Database error: Database memory map file error
BLAST Database error: Database memory map file error
BLAST Database error: Database memory map file error
BLAST Database error: Database memory map file error
BLAST Database error: Database memory map file error
BLAST Database error: Database memory map file error
BLAST Database error: Database memory map file error
BLAST Database error: Database memory map file error
BLAST Database error: Database memory map file error
BLAST Database error: Database memory map file error
BLAST Database error: Database memory map file error
BLAST Database error: Database memory map file error
BLAST Database error: Database memory map file error
BLAST Database error: Database memory map file error
BLAST Database error: Database memory map file error
BLAST Database error: Database memory map file error
BLAST Database error: Database memory map file error
BLAST Database error: Database memory map file error
BLAST Database error: Database memory map file error
BLAST Database error: Database memory map file error
BLAST Database error: Database memory map file error
BLAST Database error: Database memory map file error
BLAST Database error: Database memory map file error
BLAST Database error: Database memory map file error
BLAST Database error: Database memory map file error
BLAST Database error: Database memory map file error
BLAST Database error: Database memory map file error
BLAST Database error: Database memory map file error
BLAST Database error: Database memory map file error
BLAST Database error: Database memory map file error
BLAST Database error: Database memory map file error
BLAST Database error: Database memory map file error
BLAST Database error: Database memory map file error
BLAST Database error: Database memory map file error
BLAST Database error: Database memory map file error
BLAST Database error: Database memory map file error
BLAST Database error: Database memory map file error
BLAST Database error: Database memory map file error
BLAST Database error: Database memory map file error
BLAST Database error: Database memory map file error
BLAST Database error: Database memory map file error
BLAST Database error: Database memory map file error
BLAST Database error: Database memory map file error
BLAST Database error: Database memory map file error
BLAST Database error: Database memory map file error
BLAST Database error: Database memory map file error
BLAST Database error: Database memory map file error
BLAST Database error: Database memory map file error
The input files have no entry:  - /share/project/mieke/fdog_neighbor_regions/XP_037043383.1/output/XP_037043649_1_LOC119079696_185/tmp/BRADE_3151524_1/JBDOHO010021588.1_1.fasta
Please check your input files. Only files in fasta/fastq[.gz|bz2] are supported
The input files have no entry:  - /share/project/mieke/fdog_neighbor_regions/XP_037043383.1/output/XP_037043649_1_LOC119079696_185/tmp/BRAOC_1260802_1/JBLNJI010088057.1_1.fasta
Please check your input files. Only files in fasta/fastq[.gz|bz2] are supported
The input files have no entry:  - /share/project/mieke/fdog_neighbor_regions/XP_037043383.1/output/XP_037043649_1_LOC119079696_185/tmp/BRAAL_1260807_1/JBLNJJ010008965.1_1.fasta
Please check your input files. Only files in fasta/fastq[.gz|bz2] are supported
The input files have no entry:  - /share/project/mieke/fdog_neighbor_regions/XP_037043383.1/output/XP_037043649_1_LOC119079696_185/tmp/BRACO_1817600_1/JBDOHQ010016144.1_1.fasta
Please check your input files. Only files in fasta/fastq[.gz|bz2] are supported
BLAST Database error: Database memory map file error
BLAST Database error: Database memory map file error
The input files have no entry:  - /share/project/mieke/fdog_neighbor_regions/XP_037043383.1/output/XP_037043649_1_LOC119079696_185/tmp/BRAPE_1817611_1/JBDOHP010070139.1_1.fasta
Please check your input files. Only files in fasta/fastq[.gz|bz2] are supported
The input files have no entry:  - /share/project/mieke/fdog_neighbor_regions/XP_037043383.1/output/XP_037043649_1_LOC119079696_185/tmp/LYCAG_1887995_1/JBDOHN010095479.1_1.fasta
Please check your input files. Only files in fasta/fastq[.gz|bz2] are supported
BLAST Database error: Database memory map file error
BLAST Database error: Database memory map file error
The input files have no entry:  - /share/project/mieke/fdog_neighbor_regions/XP_037043383.1/output/XP_037043649_1_LOC119079696_185/tmp/PHYFL_1260839_1/JANTFA010152984.1_1.fasta
Please check your input files. Only files in fasta/fastq[.gz|bz2] are supported
The input files have no entry:  - /share/project/mieke/fdog_neighbor_regions/XP_037043383.1/output/XP_037043649_1_LOC119079696_185/tmp/TRISP_1260884_1/JANVCI010096010.1_1.fasta
Please check your input files. Only files in fasta/fastq[.gz|bz2] are supported
BLAST Database error: Database memory map file error
BLAST Database error: Database memory map file error
BLAST Database error: Database memory map file error
The input files have no entry:  - /share/project/mieke/fdog_neighbor_regions/XP_037043383.1/output/XP_037043649_1_LOC119079696_185/tmp/BRADE_3151524_1/JBDOHO010109424.1_1.fasta
Please check your input files. Only files in fasta/fastq[.gz|bz2] are supported
The input files have no entry:  - /share/project/mieke/fdog_neighbor_regions/XP_037043383.1/output/XP_037043649_1_LOC119079696_185/tmp/LYCIN_767460_1/OZ247515.1_1.fasta
Please check your input files. Only files in fasta/fastq[.gz|bz2] are supported
The input files have no entry:  - /share/project/mieke/fdog_neighbor_regions/XP_037043383.1/output/XP_037043649_1_LOC119079696_185/tmp/BRAIM_335710_1/OZ247435.1_1.fasta
Please check your input files. Only files in fasta/fastq[.gz|bz2] are supported
The input files have no entry:  - /share/project/mieke/fdog_neighbor_regions/XP_037043383.1/output/XP_037043649_1_LOC119079696_185/tmp/BRAOC_1260802_1/JBLNJI010037722.1_1.fasta
Please check your input files. Only files in fasta/fastq[.gz|bz2] are supported
BLAST Database error: Database memory map file error
The input files have no entry:  - /share/project/mieke/fdog_neighbor_regions/XP_037043383.1/output/XP_037043649_1_LOC119079696_185/tmp/BRAAL_1260807_1/JBLNJJ010008965.1_2.fasta
Please check your input files. Only files in fasta/fastq[.gz|bz2] are supported
The input files have no entry:  - /share/project/mieke/fdog_neighbor_regions/XP_037043383.1/output/XP_037043649_1_LOC119079696_185/tmp/BRACO_1817600_1/JBDOHQ010058748.1_1.fasta
Please check your input files. Only files in fasta/fastq[.gz|bz2] are supported
The input files have no entry:  - /share/project/mieke/fdog_neighbor_regions/XP_037043383.1/output/XP_037043649_1_LOC119079696_185/tmp/LYCAG_1887995_1/JBDOHN010005477.1_1.fasta
Please check your input files. Only files in fasta/fastq[.gz|bz2] are supported
The input files have no entry:  - /share/project/mieke/fdog_neighbor_regions/XP_037043383.1/output/XP_037043649_1_LOC119079696_185/tmp/BRAPE_1817611_1/JBDOHP010014287.1_1.fasta
Please check your input files. Only files in fasta/fastq[.gz|bz2] are supported
BLAST Database error: Database memory map file error
The input files have no entry:  - /share/project/mieke/fdog_neighbor_regions/XP_037043383.1/output/XP_037043649_1_LOC119079696_185/tmp/PHYFL_1260839_1/JANTFA010152386.1_1.fasta
Please check your input files. Only files in fasta/fastq[.gz|bz2] are supported
The input files have no entry:  - /share/project/mieke/fdog_neighbor_regions/XP_037043383.1/output/XP_037043649_1_LOC119079696_185/tmp/TRISP_1260884_1/JANVCI010214561.1_1.fasta
Please check your input files. Only files in fasta/fastq[.gz|bz2] are supported
The input files have no entry:  - /share/project/mieke/fdog_neighbor_regions/XP_037043383.1/output/XP_037043649_1_LOC119079696_185/tmp/PSEHY_35572_1/CM055406.1_1.fasta
Please check your input files. Only files in fasta/fastq[.gz|bz2] are supported
BLAST Database error: Database memory map file error
The input files have no entry:  - /share/project/mieke/fdog_neighbor_regions/XP_037043383.1/output/XP_037043649_1_LOC119079696_185/tmp/LYCIN_767460_1/OZ247515.1_2.fasta
Please check your input files. Only files in fasta/fastq[.gz|bz2] are supported
The input files have no entry:  - /share/project/mieke/fdog_neighbor_regions/XP_037043383.1/output/XP_037043649_1_LOC119079696_185/tmp/BRADE_3151524_1/JBDOHO010003805.1_1.fasta
Please check your input files. Only files in fasta/fastq[.gz|bz2] are supported
The input files have no entry:  - /share/project/mieke/fdog_neighbor_regions/XP_037043383.1/output/XP_037043649_1_LOC119079696_185/tmp/BRAIM_335710_1/OZ247434.1_1.fasta
Please check your input files. Only files in fasta/fastq[.gz|bz2] are supported
The input files have no entry:  - /share/project/mieke/fdog_neighbor_regions/XP_037043383.1/output/XP_037043649_1_LOC119079696_185/tmp/BRAOC_1260802_1/JBLNJI010033440.1_1.fasta
Please check your input files. Only files in fasta/fastq[.gz|bz2] are supported
The input files have no entry:  - /share/project/mieke/fdog_neighbor_regions/XP_037043383.1/output/XP_037043649_1_LOC119079696_185/tmp/BRAAL_1260807_1/JBLNJJ010053570.1_1.fasta
Please check your input files. Only files in fasta/fastq[.gz|bz2] are supported
The input files have no entry:  - /share/project/mieke/fdog_neighbor_regions/XP_037043383.1/output/XP_037043649_1_LOC119079696_185/tmp/LYCAG_1887995_1/JBDOHN010024752.1_1.fasta
Please check your input files. Only files in fasta/fastq[.gz|bz2] are supported
The input files have no entry:  - /share/project/mieke/fdog_neighbor_regions/XP_037043383.1/output/XP_037043649_1_LOC119079696_185/tmp/BRACO_1817600_1/JBDOHQ010051814.1_1.fasta
Please check your input files. Only files in fasta/fastq[.gz|bz2] are supported
The input files have no entry:  - /share/project/mieke/fdog_neighbor_regions/XP_037043383.1/output/XP_037043649_1_LOC119079696_185/tmp/BRAPE_1817611_1/JBDOHP010010854.1_1.fasta
Please check your input files. Only files in fasta/fastq[.gz|bz2] are supported
BLAST Database error: Database memory map file error
BLAST Database error: Database memory map file error
BLAST Database error: Database memory map file error
 15%|█▌        | 2/13 [00:11<01:13,  6.65s/it]The input files have no entry:  - /share/project/mieke/fdog_neighbor_regions/XP_037043383.1/output/XP_037043649_1_LOC119079696_185/tmp/PHYFL_1260839_1/JANTFA010156456.1_1.fasta
Please check your input files. Only files in fasta/fastq[.gz|bz2] are supported
The input files have no entry:  - /share/project/mieke/fdog_neighbor_regions/XP_037043383.1/output/XP_037043649_1_LOC119079696_185/tmp/TRISP_1260884_1/JANVCI010235260.1_1.fasta
Please check your input files. Only files in fasta/fastq[.gz|bz2] are supported
The input files have no entry:  - /share/project/mieke/fdog_neighbor_regions/XP_037043383.1/output/XP_037043649_1_LOC119079696_185/tmp/PSEHY_35572_1/CM055406.1_2.fasta
Please check your input files. Only files in fasta/fastq[.gz|bz2] are supported
The input files have no entry:  - /share/project/mieke/fdog_neighbor_regions/XP_037043383.1/output/XP_037043649_1_LOC119079696_185/tmp/LYCIN_767460_1/OZ247519.1_1.fasta
Please check your input files. Only files in fasta/fastq[.gz|bz2] are supported
The input files have no entry:  - /share/project/mieke/fdog_neighbor_regions/XP_037043383.1/output/XP_037043649_1_LOC119079696_185/tmp/BRAIM_335710_1/OZ247434.1_2.fasta
Please check your input files. Only files in fasta/fastq[.gz|bz2] are supported
BLAST Database error: Database memory map file error
The input files have no entry:  - /share/project/mieke/fdog_neighbor_regions/XP_037043383.1/output/XP_037043649_1_LOC119079696_185/tmp/BRAAL_1260807_1/JBLNJJ010024322.1_1.fasta
Please check your input files. Only files in fasta/fastq[.gz|bz2] are supported
The input files have no entry:  - /share/project/mieke/fdog_neighbor_regions/XP_037043383.1/output/XP_037043649_1_LOC119079696_185/tmp/LYCAG_1887995_1/JBDOHN010013778.1_1.fasta
Please check your input files. Only files in fasta/fastq[.gz|bz2] are supported
The input files have no entry:  - /share/project/mieke/fdog_neighbor_regions/XP_037043383.1/output/XP_037043649_1_LOC119079696_185/tmp/BRAPE_1817611_1/JBDOHP010027894.1_1.fasta
Please check your input files. Only files in fasta/fastq[.gz|bz2] are supported
The input files have no entry:  - /share/project/mieke/fdog_neighbor_regions/XP_037043383.1/output/XP_037043649_1_LOC119079696_185/tmp/BRACO_1817600_1/JBDOHQ010034628.1_1.fasta
Please check your input files. Only files in fasta/fastq[.gz|bz2] are supported
The input files have no entry:  - /share/project/mieke/fdog_neighbor_regions/XP_037043383.1/output/XP_037043649_1_LOC119079696_185/tmp/PHYFL_1260839_1/JANTFA010133254.1_1.fasta
Please check your input files. Only files in fasta/fastq[.gz|bz2] are supported
The input files have no entry:  - /share/project/mieke/fdog_neighbor_regions/XP_037043383.1/output/XP_037043649_1_LOC119079696_185/tmp/TRISP_1260884_1/JANVCI010209856.1_1.fasta
Please check your input files. Only files in fasta/fastq[.gz|bz2] are supported
The input files have no entry:  - /share/project/mieke/fdog_neighbor_regions/XP_037043383.1/output/XP_037043649_1_LOC119079696_185/tmp/PSEHY_35572_1/CM055403.1_1.fasta
Please check your input files. Only files in fasta/fastq[.gz|bz2] are supported
BLAST Database error: Database memory map file error
BLAST Database error: Database memory map file error
BLAST Database error: Database memory map file error
The input files have no entry:  - /share/project/mieke/fdog_neighbor_regions/XP_037043383.1/output/XP_037043649_1_LOC119079696_185/tmp/BRAOD_1564500_1/JAFDOW010000956.1_1.fasta
Please check your input files. Only files in fasta/fastq[.gz|bz2] are supported
 31%|███       | 4/13 [00:13<00:27,  3.08s/it]The input files have no entry:  - /share/project/mieke/fdog_neighbor_regions/XP_037043383.1/output/XP_037043649_1_LOC119079696_185/tmp/LYCIN_767460_1/OZ247519.1_2.fasta
Please check your input files. Only files in fasta/fastq[.gz|bz2] are supported
The input files have no entry:  - /share/project/mieke/fdog_neighbor_regions/XP_037043383.1/output/XP_037043649_1_LOC119079696_185/tmp/BRAIM_335710_1/OZ247434.1_3.fasta
Please check your input files. Only files in fasta/fastq[.gz|bz2] are supported
The input files have no entry:  - /share/project/mieke/fdog_neighbor_regions/XP_037043383.1/output/XP_037043649_1_LOC119079696_185/tmp/BRAAL_1260807_1/JBLNJJ010002350.1_1.fasta
Please check your input files. Only files in fasta/fastq[.gz|bz2] are supported
The input files have no entry:  - /share/project/mieke/fdog_neighbor_regions/XP_037043383.1/output/XP_037043649_1_LOC119079696_185/tmp/LYCAG_1887995_1/JBDOHN010010026.1_1.fasta
Please check your input files. Only files in fasta/fastq[.gz|bz2] are supported
The input files have no entry:  - /share/project/mieke/fdog_neighbor_regions/XP_037043383.1/output/XP_037043649_1_LOC119079696_185/tmp/TRISP_1260884_1/JANVCI010106101.1_1.fasta
Please check your input files. Only files in fasta/fastq[.gz|bz2] are supported
The input files have no entry:  - /share/project/mieke/fdog_neighbor_regions/XP_037043383.1/output/XP_037043649_1_LOC119079696_185/tmp/PSEHY_35572_1/CM055403.1_2.fasta
Please check your input files. Only files in fasta/fastq[.gz|bz2] are supported
BLAST Database error: Database memory map file error
 54%|█████▍    | 7/13 [00:14<00:09,  1.52s/it]The input files have no entry:  - /share/project/mieke/fdog_neighbor_regions/XP_037043383.1/output/XP_037043649_1_LOC119079696_185/tmp/LYCIN_767460_1/OZ247519.1_3.fasta
Please check your input files. Only files in fasta/fastq[.gz|bz2] are supported
The input files have no entry:  - /share/project/mieke/fdog_neighbor_regions/XP_037043383.1/output/XP_037043649_1_LOC119079696_185/tmp/BRAOD_1564500_1/JAFDOW010001434.1_1.fasta
Please check your input files. Only files in fasta/fastq[.gz|bz2] are supported
The input files have no entry:  - /share/project/mieke/fdog_neighbor_regions/XP_037043383.1/output/XP_037043649_1_LOC119079696_185/tmp/BRAIM_335710_1/OZ247436.1_1.fasta
Please check your input files. Only files in fasta/fastq[.gz|bz2] are supported
The input files have no entry:  - /share/project/mieke/fdog_neighbor_regions/XP_037043383.1/output/XP_037043649_1_LOC119079696_185/tmp/BRAAL_1260807_1/JBLNJJ010027287.1_1.fasta
Please check your input files. Only files in fasta/fastq[.gz|bz2] are supported
The input files have no entry:  - /share/project/mieke/fdog_neighbor_regions/XP_037043383.1/output/XP_037043649_1_LOC119079696_185/tmp/TRISP_1260884_1/JANVCI010213958.1_1.fasta
Please check your input files. Only files in fasta/fastq[.gz|bz2] are supported
The input files have no entry:  - /share/project/mieke/fdog_neighbor_regions/XP_037043383.1/output/XP_037043649_1_LOC119079696_185/tmp/PSEHY_35572_1/CM055403.1_3.fasta
Please check your input files. Only files in fasta/fastq[.gz|bz2] are supported
BLAST Database error: Database memory map file error
 62%|██████▏   | 8/13 [00:15<00:07,  1.46s/it]The input files have no entry:  - /share/project/mieke/fdog_neighbor_regions/XP_037043383.1/output/XP_037043649_1_LOC119079696_185/tmp/BRAOD_1564500_1/JAFDOW010000781.1_1.fasta
Please check your input files. Only files in fasta/fastq[.gz|bz2] are supported
The input files have no entry:  - /share/project/mieke/fdog_neighbor_regions/XP_037043383.1/output/XP_037043649_1_LOC119079696_185/tmp/LYCIN_767460_1/OZ247514.1_1.fasta
Please check your input files. Only files in fasta/fastq[.gz|bz2] are supported
The input files have no entry:  - /share/project/mieke/fdog_neighbor_regions/XP_037043383.1/output/XP_037043649_1_LOC119079696_185/tmp/BRAIM_335710_1/OZ247437.1_1.fasta
Please check your input files. Only files in fasta/fastq[.gz|bz2] are supported
The input files have no entry:  - /share/project/mieke/fdog_neighbor_regions/XP_037043383.1/output/XP_037043649_1_LOC119079696_185/tmp/TRISP_1260884_1/JANVCI010041004.1_1.fasta
Please check your input files. Only files in fasta/fastq[.gz|bz2] are supported
The input files have no entry:  - /share/project/mieke/fdog_neighbor_regions/XP_037043383.1/output/XP_037043649_1_LOC119079696_185/tmp/PSEHY_35572_1/CM055403.1_4.fasta
Please check your input files. Only files in fasta/fastq[.gz|bz2] are supported
The input files have no entry:  - /share/project/mieke/fdog_neighbor_regions/XP_037043383.1/output/XP_037043649_1_LOC119079696_185/tmp/BRAOD_1564500_1/JAFDOW010000370.1_1.fasta
Please check your input files. Only files in fasta/fastq[.gz|bz2] are supported
The input files have no entry:  - /share/project/mieke/fdog_neighbor_regions/XP_037043383.1/output/XP_037043649_1_LOC119079696_185/tmp/LYCIN_767460_1/OZ247518.1_1.fasta
Please check your input files. Only files in fasta/fastq[.gz|bz2] are supported
BLAST Database error: Database memory map file error
BLAST Database error: Database memory map file error
 69%|██████▉   | 9/13 [00:16<00:05,  1.35s/it]The input files have no entry:  - /share/project/mieke/fdog_neighbor_regions/XP_037043383.1/output/XP_037043649_1_LOC119079696_185/tmp/PSEHY_35572_1/CM055403.1_5.fasta
Please check your input files. Only files in fasta/fastq[.gz|bz2] are supported
The input files have no entry:  - /share/project/mieke/fdog_neighbor_regions/XP_037043383.1/output/XP_037043649_1_LOC119079696_185/tmp/BRAOD_1564500_1/JAFDOW010001013.1_1.fasta
Please check your input files. Only files in fasta/fastq[.gz|bz2] are supported
The input files have no entry:  - /share/project/mieke/fdog_neighbor_regions/XP_037043383.1/output/XP_037043649_1_LOC119079696_185/tmp/LYCIN_767460_1/OZ247518.1_2.fasta
Please check your input files. Only files in fasta/fastq[.gz|bz2] are supported
The input files have no entry:  - /share/project/mieke/fdog_neighbor_regions/XP_037043383.1/output/XP_037043649_1_LOC119079696_185/tmp/PSEHY_35572_1/CM055403.1_6.fasta
Please check your input files. Only files in fasta/fastq[.gz|bz2] are supported
The input files have no entry:  - /share/project/mieke/fdog_neighbor_regions/XP_037043383.1/output/XP_037043649_1_LOC119079696_185/tmp/BRAOD_1564500_1/JAFDOW010001674.1_1.fasta
Please check your input files. Only files in fasta/fastq[.gz|bz2] are supported
BLAST Database error: Database memory map file error
 85%|████████▍ | 11/13 [00:17<00:02,  1.05s/it]The input files have no entry:  - /share/project/mieke/fdog_neighbor_regions/XP_037043383.1/output/XP_037043649_1_LOC119079696_185/tmp/PSEHY_35572_1/CM055403.1_7.fasta
Please check your input files. Only files in fasta/fastq[.gz|bz2] are supported
The input files have no entry:  - /share/project/mieke/fdog_neighbor_regions/XP_037043383.1/output/XP_037043649_1_LOC119079696_185/tmp/BRAOD_1564500_1/JAFDOW010000598.1_1.fasta
Please check your input files. Only files in fasta/fastq[.gz|bz2] are supported
The input files have no entry:  - /share/project/mieke/fdog_neighbor_regions/XP_037043383.1/output/XP_037043649_1_LOC119079696_185/tmp/PSEHY_35572_1/CM055405.1_1.fasta
Please check your input files. Only files in fasta/fastq[.gz|bz2] are supported
The input files have no entry:  - /share/project/mieke/fdog_neighbor_regions/XP_037043383.1/output/XP_037043649_1_LOC119079696_185/tmp/BRAOD_1564500_1/JAFDOW010000935.1_1.fasta
Please check your input files. Only files in fasta/fastq[.gz|bz2] are supported
The input files have no entry:  - /share/project/mieke/fdog_neighbor_regions/XP_037043383.1/output/XP_037043649_1_LOC119079696_185/tmp/PSEHY_35572_1/CM055404.1_1.fasta
Please check your input files. Only files in fasta/fastq[.gz|bz2] are supported
The input files have no entry:  - /share/project/mieke/fdog_neighbor_regions/XP_037043383.1/output/XP_037043649_1_LOC119079696_185/tmp/BRAOD_1564500_1/JAFDOW010000749.1_1.fasta
Please check your input files. Only files in fasta/fastq[.gz|bz2] are supported
The input files have no entry:  - /share/project/mieke/fdog_neighbor_regions/XP_037043383.1/output/XP_037043649_1_LOC119079696_185/tmp/BRAOD_1564500_1/JAFDOW010000923.1_1.fasta
Please check your input files. Only files in fasta/fastq[.gz|bz2] are supported
BLAST Database error: Database memory map file error
 92%|█████████▏| 12/13 [00:20<00:01,  1.38s/it]The input files have no entry:  - /share/project/mieke/fdog_neighbor_regions/XP_037043383.1/output/XP_037043649_1_LOC119079696_185/tmp/BRAOD_1564500_1/JAFDOW010000375.1_1.fasta
Please check your input files. Only files in fasta/fastq[.gz|bz2] are supported
The input files have no entry:  - /share/project/mieke/fdog_neighbor_regions/XP_037043383.1/output/XP_037043649_1_LOC119079696_185/tmp/BRAOD_1564500_1/JAFDOW010000940.1_1.fasta
Please check your input files. Only files in fasta/fastq[.gz|bz2] are supported
The input files have no entry:  - /share/project/mieke/fdog_neighbor_regions/XP_037043383.1/output/XP_037043649_1_LOC119079696_185/tmp/BRAOD_1564500_1/JAFDOW010000178.1_1.fasta
Please check your input files. Only files in fasta/fastq[.gz|bz2] are supported
BLAST Database error: Database memory map file error
100%|██████████| 13/13 [00:22<00:00,  1.60s/it]100%|██████████| 13/13 [00:22<00:00,  1.75s/it]
