  0%|          | 0/13 [00:00<?, ?it/s]BLAST Database error: Database memory map file error
BLAST Database error: Database memory map file error
BLAST Database error: Database memory map file error
BLAST Database error: Database memory map file error
BLAST Database error: Database memory map file error
BLAST Database error: Database memory map file error
BLAST Database error: Database memory map file error
BLAST Database error: Database memory map file error
BLAST Database error: Database memory map file error
BLAST Database error: Database memory map file error
BLAST Database error: Database memory map file error
BLAST Database error: Database memory map file error
BLAST Database error: Database memory map file error
BLAST Database error: Database memory map file error
BLAST Database error: Database memory map file error
The input files have no entry:  - /share/project/mieke/fdog_neighbor_regions/XP_037039505.1/output/XP_037039459_1_LOC119076670_610/tmp/BRACO_1817600_1/JBDOHQ010001567.1_1.fasta
Please check your input files. Only files in fasta/fastq[.gz|bz2] are supported
The input files have no entry:  - /share/project/mieke/fdog_neighbor_regions/XP_037039505.1/output/XP_037039459_1_LOC119076670_610/tmp/LYCAG_1887995_1/JBDOHN010000216.1_1.fasta
Please check your input files. Only files in fasta/fastq[.gz|bz2] are supported
The input files have no entry:  - /share/project/mieke/fdog_neighbor_regions/XP_037039505.1/output/XP_037039459_1_LOC119076670_610/tmp/BRAOC_1260802_1/JBLNJI010006620.1_1.fasta
Please check your input files. Only files in fasta/fastq[.gz|bz2] are supported
The input files have no entry:  - /share/project/mieke/fdog_neighbor_regions/XP_037039505.1/output/XP_037039459_1_LOC119076670_610/tmp/RHISO_456999_v1/NC_057373.1_1.fasta
Please check your input files. Only files in fasta/fastq[.gz|bz2] are supported
The input files have no entry:  - /share/project/mieke/fdog_neighbor_regions/XP_037039505.1/output/XP_037039459_1_LOC119076670_610/tmp/BRAAL_1260807_1/JBLNJJ010004633.1_1.fasta
Please check your input files. Only files in fasta/fastq[.gz|bz2] are supported
The input files have no entry:  - /share/project/mieke/fdog_neighbor_regions/XP_037039505.1/output/XP_037039459_1_LOC119076670_610/tmp/BRAPE_1817611_1/JBDOHP010009240.1_1.fasta
Please check your input files. Only files in fasta/fastq[.gz|bz2] are supported
The input files have no entry: The input files have no entry:  - /share/project/mieke/fdog_neighbor_regions/XP_037039505.1/output/XP_037039459_1_LOC119076670_610/tmp/BRADE_3151524_1/JBDOHO010035431.1_1.fasta
Please check your input files. Only files in fasta/fastq[.gz|bz2] are supported
 - /share/project/mieke/fdog_neighbor_regions/XP_037039505.1/output/XP_037039459_1_LOC119076670_610/tmp/TRISP_1260884_1/JANVCI010072890.1_1.fasta
Please check your input files. Only files in fasta/fastq[.gz|bz2] are supported
The input files have no entry:  - /share/project/mieke/fdog_neighbor_regions/XP_037039505.1/output/XP_037039459_1_LOC119076670_610/tmp/LYCIN_767460_1/OZ247517.1_1.fasta
Please check your input files. Only files in fasta/fastq[.gz|bz2] are supported
The input files have no entry:  - /share/project/mieke/fdog_neighbor_regions/XP_037039505.1/output/XP_037039459_1_LOC119076670_610/tmp/BRAOD_1564500_1/JAFDOW010001479.1_1.fasta
Please check your input files. Only files in fasta/fastq[.gz|bz2] are supported
The input files have no entry:  - /share/project/mieke/fdog_neighbor_regions/XP_037039505.1/output/XP_037039459_1_LOC119076670_610/tmp/PSEHY_35572_1/CM055405.1_1.fasta
Please check your input files. Only files in fasta/fastq[.gz|bz2] are supported
The input files have no entry:  - /share/project/mieke/fdog_neighbor_regions/XP_037039505.1/output/XP_037039459_1_LOC119076670_610/tmp/BRAIM_335710_1/OZ247438.1_1.fasta
Please check your input files. Only files in fasta/fastq[.gz|bz2] are supported
The input files have no entry:  - /share/project/mieke/fdog_neighbor_regions/XP_037039505.1/output/XP_037039459_1_LOC119076670_610/tmp/PHYFL_1260839_1/JANTFA010033941.1_1.fasta
Please check your input files. Only files in fasta/fastq[.gz|bz2] are supported
The input files have no entry:  - /share/project/mieke/fdog_neighbor_regions/XP_037039505.1/output/XP_037039459_1_LOC119076670_610/tmp/PHYFL_1260839_1/JANTFA010164482.1_1.fasta
Please check your input files. Only files in fasta/fastq[.gz|bz2] are supported
BLAST Database error: Database memory map file error
BLAST Database error: Database memory map file error
BLAST Database error: Database memory map file error
BLAST Database error: Database memory map file error
BLAST Database error: Database memory map file error
BLAST Database error: Database memory map file error
BLAST Database error: Database memory map file error
BLAST Database error: Database memory map file error
BLAST Database error: Database memory map file error
BLAST Database error: Database memory map file error
BLAST Database error: Database memory map file error
BLAST Database error: Database memory map file error
  8%|▊         | 1/13 [00:05<01:09,  5.77s/it]The input files have no entry:  - /share/project/mieke/fdog_neighbor_regions/XP_037039505.1/output/XP_037039459_1_LOC119076670_610/tmp/PHYFL_1260839_1/JANTFA010158203.1_1.fasta
Please check your input files. Only files in fasta/fastq[.gz|bz2] are supported
BLAST Database error: Database memory map file error
100%|██████████| 13/13 [00:07<00:00,  2.34it/s]100%|██████████| 13/13 [00:07<00:00,  1.81it/s]
