Gene: QRW19256.1
fDOG reference species: RHISO@456999@016906535_1 

Building a consensus sequence
	 ...finished

Checking candidate regions...
Checking candidate regions...
Checking candidate regions...
[INFO] No gene prediction for UNK1260839@1260839@1 JANTFA010138843.1:0-21755 — falling back to Miniprot
[INFO] Added Miniprot fallback: QRW19256.1|UNK1260839@1260839@1|MP000006
Checking candidate regions...
Checking candidate regions...
[INFO] No gene prediction for UNK1260884@1260884@1 JANVCI010244797.1:0-21357 — falling back to Miniprot
[INFO] Added Miniprot fallback: QRW19256.1|UNK1260884@1260884@1|MP000005
Checking candidate regions...
Checking candidate regions...
[INFO] No gene prediction for UNK1260802@1260802@1 JBLNJI010000248.1:32093-73066 — falling back to Miniprot
[INFO] Added Miniprot fallback: QRW19256.1|UNK1260802@1260802@1|MP000006
Calculating FAS scores ...
	 ...finished 

fDOG-Assembly finished completely in 155935.19s ( Group preparation: 0.04s 	Ortholog search: 155918.28s 	FAS: 16.64s)
Outputs are saved at /share/project/mieke/fdog/QRW19256.1/
