Gene: QRW22206.1
fDOG reference species: RHISO@456999@016906535_1 

Building a consensus sequence
	 ...finished

Checking candidate regions...
[INFO] No gene prediction for UNK1817600@1817600@1 JBDOHQ010000923.1:0-22102 — falling back to Miniprot
[INFO] Added Miniprot fallback: QRW22206.1|UNK1817600@1817600@1|MP000001
Checking candidate regions...
Checking candidate regions...
Checking candidate regions...
[INFO] No gene prediction for UNK1260839@1260839@1 JANTFA010138843.1:0-21782 — falling back to Miniprot
[INFO] Added Miniprot fallback: QRW22206.1|UNK1260839@1260839@1|MP000002
Checking candidate regions...
Checking candidate regions...
[INFO] No gene prediction for UNK1260884@1260884@1 JANVCI010244797.1:0-21378 — falling back to Miniprot
[INFO] Added Miniprot fallback: QRW22206.1|UNK1260884@1260884@1|MP000006
Checking candidate regions...
Checking candidate regions...
[INFO] No gene prediction for UNK1260802@1260802@1 JBLNJI010000248.1:32093-73090 — falling back to Miniprot
[INFO] Added Miniprot fallback: QRW22206.1|UNK1260802@1260802@1|MP000002
Calculating FAS scores ...
	 ...finished 

fDOG-Assembly finished completely in 276587.54s ( Group preparation: 0.12s 	Ortholog search: 276572.9s 	FAS: 14.31s)
Outputs are saved at /share/project/mieke/fdog/QRW22206.1/
