Gene: QRW22189.1
fDOG reference species: RHISO@456999@016906535_1 

Building a consensus sequence
	 ...finished

Checking candidate regions...
[INFO] No gene prediction for UNK1817600@1817600@1 JBDOHQ010003141.1:0-30761 — falling back to Miniprot
[INFO] Added Miniprot fallback: QRW22189.1|UNK1817600@1817600@1|MP000002
Checking candidate regions...
[INFO] No gene prediction for UNK1887995@1887995@1 JBDOHN010047671.1:0-21247 — falling back to Miniprot
[INFO] Added Miniprot fallback: QRW22189.1|UNK1887995@1887995@1|MP000001
Checking candidate regions...
[INFO] No gene prediction for UNK1564500@1564500@1 JAFDOW010001180.1:0-32010 — falling back to Miniprot
[INFO] Added Miniprot fallback: QRW22189.1|UNK1564500@1564500@1|MP000007
Checking candidate regions...
[INFO] No gene prediction for UNK3151524@3151524@1 JBDOHO010016928.1:0-21382 — falling back to Miniprot
[INFO] Added Miniprot fallback: QRW22189.1|UNK3151524@3151524@1|MP000002
Calculating FAS scores ...
	 ...finished 

fDOG-Assembly finished completely in 125086.84s ( Group preparation: 0.06s 	Ortholog search: 125073.28s 	FAS: 13.41s)
Outputs are saved at /share/project/mieke/fdog/QRW22189.1/
