  0%|          | 0/12 [00:00<?, ?it/s]Killed
Killed
Killed
  8%|▊         | 1/12 [1:19:54<14:38:56, 4794.25s/it]Killed
Killed
 17%|█▋        | 2/12 [2:00:57<9:30:31, 3423.19s/it] Killed
Killed
Killed
Killed
 25%|██▌       | 3/12 [4:26:30<14:37:09, 5847.74s/it]Killed
Killed
Killed
Killed
 33%|███▎      | 4/12 [5:48:01<12:09:19, 5469.97s/it]Killed
Killed
Killed
Killed
 42%|████▏     | 5/12 [7:06:30<10:06:08, 5195.44s/it]Killed
Killed
Killed
Killed
 50%|█████     | 6/12 [9:24:20<10:24:06, 6241.07s/it]Killed
Killed
Killed
Killed
Killed
 58%|█████▊    | 7/12 [21:18:37<25:17:37, 18211.47s/it]Killed
Killed
 67%|██████▋   | 8/12 [21:59:29<14:39:37, 13194.38s/it]Killed
Killed
Killed
Killed
 75%|███████▌  | 9/12 [24:21:40<9:46:49, 11736.62s/it] Killed
Killed
 83%|████████▎ | 10/12 [25:56:52<5:29:13, 9876.58s/it]Killed
Killed
Killed
Killed
Killed
 92%|█████████▏| 11/12 [28:18:32<2:37:35, 9455.27s/it]Killed
Killed
Killed
Killed
Killed
100%|██████████| 12/12 [33:58:01<00:00, 12775.50s/it] 100%|██████████| 12/12 [33:58:01<00:00, 10190.14s/it]
