Gene: QRW22205.1
fDOG reference species: RHISO@456999@016906535_1 

Building a consensus sequence
	 ...finished

Checking candidate regions...
Checking candidate regions...
[INFO] No gene prediction for UNK1887995@1887995@1 JBDOHN010019698.1:0-21426 — falling back to Miniprot
[INFO] Added Miniprot fallback: QRW22205.1|UNK1887995@1887995@1|MP000001
Checking candidate regions...
Checking candidate regions...
[INFO] No gene prediction for UNK1260839@1260839@1 JANTFA010138843.1:0-21758 — falling back to Miniprot
[INFO] Added Miniprot fallback: QRW22205.1|UNK1260839@1260839@1|MP000003
Checking candidate regions...
Checking candidate regions...
[INFO] No gene prediction for UNK1260884@1260884@1 JANVCI010244797.1:0-21378 — falling back to Miniprot
[INFO] Added Miniprot fallback: QRW22205.1|UNK1260884@1260884@1|MP000001
Checking candidate regions...
Checking candidate regions...
[INFO] No gene prediction for UNK1260802@1260802@1 JBLNJI010000248.1:32093-73090 — falling back to Miniprot
[INFO] Added Miniprot fallback: QRW22205.1|UNK1260802@1260802@1|MP000002
Calculating FAS scores ...
	 ...finished 

fDOG-Assembly finished completely in 193234.45s ( Group preparation: 0.16s 	Ortholog search: 193218.3s 	FAS: 15.84s)
Outputs are saved at /share/project/mieke/fdog/QRW22205.1/
