Gene: QRW24047.1
fDOG reference species: RHISO@456999@016906535_1 

Building a consensus sequence
	 ...finished

Error during gene prediction with metaeuk, using miniprot predictions for species UNK1260807@1260807@1
Error during gene prediction with metaeuk, using miniprot predictions for species UNK1260807@1260807@1
Checking candidate regions...
[INFO] No gene prediction for UNK1260807@1260807@1 JBLNJJ010013640.1:0-22163 — falling back to Miniprot
[INFO] Added Miniprot fallback: QRW24047.1|UNK1260807@1260807@1|MP000001
[INFO] No gene prediction for UNK1260807@1260807@1 JBLNJJ010001588.1:0-22987 — falling back to Miniprot
[INFO] Added Miniprot fallback: QRW24047.1|UNK1260807@1260807@1|MP000007
[INFO] No gene prediction for UNK1260807@1260807@1 JBLNJJ010001875.1:0-26383 — falling back to Miniprot
[INFO] Added Miniprot fallback: QRW24047.1|UNK1260807@1260807@1|MP000003
[INFO] No gene prediction for UNK1260807@1260807@1 JBLNJJ010002484.1:0-29405 — falling back to Miniprot
[INFO] Added Miniprot fallback: QRW24047.1|UNK1260807@1260807@1|MP000008
Error during gene prediction with metaeuk, using miniprot predictions for species UNK1817600@1817600@1
Error during gene prediction with metaeuk, using miniprot predictions for species UNK1817600@1817600@1
Error during gene prediction with metaeuk, using miniprot predictions for species UNK1817600@1817600@1
Checking candidate regions...
[INFO] No gene prediction for UNK1817600@1817600@1 JBDOHQ010009414.1:0-24373 — falling back to Miniprot
[INFO] Added Miniprot fallback: QRW24047.1|UNK1817600@1817600@1|MP000001
[INFO] No gene prediction for UNK1817600@1817600@1 JBDOHQ010003214.1:0-23705 — falling back to Miniprot
[INFO] Added Miniprot fallback: QRW24047.1|UNK1817600@1817600@1|MP000002
[INFO] No gene prediction for UNK1817600@1817600@1 JBDOHQ010011855.1:0-25797 — falling back to Miniprot
[INFO] Added Miniprot fallback: QRW24047.1|UNK1817600@1817600@1|MP000007
[INFO] No gene prediction for UNK1817600@1817600@1 JBDOHQ010004376.1:0-26400 — falling back to Miniprot
[INFO] Added Miniprot fallback: QRW24047.1|UNK1817600@1817600@1|MP000004
Error during gene prediction with metaeuk, using miniprot predictions for species UNK335710@335710@1
Error during gene prediction with metaeuk, using miniprot predictions for species UNK335710@335710@1
Error during gene prediction with metaeuk, using miniprot predictions for species UNK335710@335710@1
Error during gene prediction with metaeuk, using miniprot predictions for species UNK335710@335710@1
Error during gene prediction with metaeuk, using miniprot predictions for species UNK335710@335710@1
Error during gene prediction with metaeuk, using miniprot predictions for species UNK335710@335710@1
Error during gene prediction with metaeuk, using miniprot predictions for species UNK335710@335710@1
Error during gene prediction with metaeuk, using miniprot predictions for species UNK335710@335710@1
No gene predicted with augustus or metaeuk, using miniprot predictions for species UNK335710@335710@1
Error during gene prediction with metaeuk, using miniprot predictions for species UNK1887995@1887995@1
Error during gene prediction with metaeuk, using miniprot predictions for species UNK1887995@1887995@1
Error during gene prediction with metaeuk, using miniprot predictions for species UNK1887995@1887995@1
Error during gene prediction with metaeuk, using miniprot predictions for species UNK1887995@1887995@1
No gene predicted with augustus or metaeuk, using miniprot predictions for species UNK1887995@1887995@1
Error during gene prediction with metaeuk, using miniprot predictions for species UNK1564500@1564500@1
Error during gene prediction with metaeuk, using miniprot predictions for species UNK1564500@1564500@1
Error during gene prediction with metaeuk, using miniprot predictions for species UNK1564500@1564500@1
Error during gene prediction with metaeuk, using miniprot predictions for species UNK1564500@1564500@1
Error during gene prediction with metaeuk, using miniprot predictions for species UNK1564500@1564500@1
Error during gene prediction with metaeuk, using miniprot predictions for species UNK1564500@1564500@1
No gene predicted with augustus or metaeuk, using miniprot predictions for species UNK1564500@1564500@1
Error during gene prediction with metaeuk, using miniprot predictions for species UNK1260839@1260839@1
Error during gene prediction with metaeuk, using miniprot predictions for species UNK1260839@1260839@1
Error during gene prediction with metaeuk, using miniprot predictions for species UNK1260839@1260839@1
Error during gene prediction with metaeuk, using miniprot predictions for species UNK1260839@1260839@1
Error during gene prediction with metaeuk, using miniprot predictions for species UNK1260839@1260839@1
No gene predicted with augustus or metaeuk, using miniprot predictions for species UNK1260839@1260839@1
Error during gene prediction with metaeuk, using miniprot predictions for species UNK35572@35572@1
Error during gene prediction with metaeuk, using miniprot predictions for species UNK35572@35572@1
Error during gene prediction with metaeuk, using miniprot predictions for species UNK35572@35572@1
No gene predicted with augustus or metaeuk, using miniprot predictions for species UNK35572@35572@1
Error during gene prediction with metaeuk, using miniprot predictions for species UNK1260884@1260884@1
Error during gene prediction with metaeuk, using miniprot predictions for species UNK1260884@1260884@1
Error during gene prediction with metaeuk, using miniprot predictions for species UNK1260884@1260884@1
Error during gene prediction with metaeuk, using miniprot predictions for species UNK1260884@1260884@1
No gene predicted with augustus or metaeuk, using miniprot predictions for species UNK1260884@1260884@1
Error during gene prediction with metaeuk, using miniprot predictions for species UNK3151524@3151524@1
Error during gene prediction with metaeuk, using miniprot predictions for species UNK3151524@3151524@1
Error during gene prediction with metaeuk, using miniprot predictions for species UNK3151524@3151524@1
Error during gene prediction with metaeuk, using miniprot predictions for species UNK3151524@3151524@1
Error during gene prediction with metaeuk, using miniprot predictions for species UNK3151524@3151524@1
No gene predicted with augustus or metaeuk, using miniprot predictions for species UNK3151524@3151524@1
Error during gene prediction with metaeuk, using miniprot predictions for species UNK1817611@1817611@1
Error during gene prediction with metaeuk, using miniprot predictions for species UNK1817611@1817611@1
Error during gene prediction with metaeuk, using miniprot predictions for species UNK1817611@1817611@1
Error during gene prediction with metaeuk, using miniprot predictions for species UNK1817611@1817611@1
Error during gene prediction with metaeuk, using miniprot predictions for species UNK1817611@1817611@1
Error during gene prediction with metaeuk, using miniprot predictions for species UNK1817611@1817611@1
No gene predicted with augustus or metaeuk, using miniprot predictions for species UNK1817611@1817611@1
Error during gene prediction with metaeuk, using miniprot predictions for species UNK767460@767460@1
Error during gene prediction with metaeuk, using miniprot predictions for species UNK767460@767460@1
Error during gene prediction with metaeuk, using miniprot predictions for species UNK767460@767460@1
Error during gene prediction with metaeuk, using miniprot predictions for species UNK767460@767460@1
Error during gene prediction with metaeuk, using miniprot predictions for species UNK767460@767460@1
No gene predicted with augustus or metaeuk, using miniprot predictions for species UNK767460@767460@1
Error during gene prediction with metaeuk, using miniprot predictions for species UNK1260802@1260802@1
Error during gene prediction with metaeuk, using miniprot predictions for species UNK1260802@1260802@1
Error during gene prediction with metaeuk, using miniprot predictions for species UNK1260802@1260802@1
Error during gene prediction with metaeuk, using miniprot predictions for species UNK1260802@1260802@1
Error during gene prediction with metaeuk, using miniprot predictions for species UNK1260802@1260802@1
Error during gene prediction with metaeuk, using miniprot predictions for species UNK1260802@1260802@1
No gene predicted with augustus or metaeuk, using miniprot predictions for species UNK1260802@1260802@1
Calculating FAS scores ...
	 ...finished 

fDOG-Assembly finished completely in 253690.5s ( Group preparation: 0.08s 	Ortholog search: 253663.59s 	FAS: 26.56s)
Outputs are saved at /share/project/mieke/fdog/QRW24047.1/
