  0%|          | 0/12 [00:00<?, ?it/s]Killed
Killed
  8%|▊         | 1/12 [23:16:19<255:59:35, 83779.60s/it]Killed
Killed
Killed
 17%|█▋        | 2/12 [32:40:23<151:07:37, 54405.71s/it]Killed
Killed
Killed
Killed
Killed
Killed
Killed
Killed
 25%|██▌       | 3/12 [35:56:51<87:21:48, 34945.39s/it] Killed
Killed
Killed
Killed
 33%|███▎      | 4/12 [37:18:36<51:18:08, 23086.06s/it]Killed
Killed
Killed
Killed
Killed
Killed
 42%|████▏     | 5/12 [45:17:41<48:51:25, 25126.48s/it]Killed
Killed
Killed
Killed
Killed
 50%|█████     | 6/12 [50:02:08<37:18:37, 22386.25s/it]Killed
Killed
Killed
 58%|█████▊    | 7/12 [51:12:37<22:50:51, 16450.24s/it]Killed
Killed
Killed
Killed
 67%|██████▋   | 8/12 [53:27:08<15:18:50, 13782.74s/it]Killed
Killed
Killed
Killed
Killed
 75%|███████▌  | 9/12 [58:49:00<12:55:33, 15511.20s/it]Killed
Killed
Killed
Killed
Killed
Killed
 83%|████████▎ | 10/12 [62:42:43<8:21:43, 15051.97s/it]Killed
Killed
Killed
Killed
Killed
 92%|█████████▏| 11/12 [66:20:45<4:00:48, 14448.79s/it]Killed
Killed
Killed
Killed
Killed
Killed
100%|██████████| 12/12 [70:27:43<00:00, 14561.26s/it]  100%|██████████| 12/12 [70:27:43<00:00, 21138.63s/it]
