Gene: QRW25424.1
fDOG reference species: RHISO@456999@016906535_1 

Building a consensus sequence
	 ...finished

Checking candidate regions...
[INFO] No gene prediction for UNK1817600@1817600@1 JBDOHQ010054831.1:0-20215 — falling back to Miniprot
[INFO] Added Miniprot fallback: QRW25424.1|UNK1817600@1817600@1|MP000002
[INFO] No gene prediction for UNK1817600@1817600@1 JBDOHQ010007309.1:0-21911 — falling back to Miniprot
[INFO] Added Miniprot fallback: QRW25424.1|UNK1817600@1817600@1|MP000003
Checking candidate regions...
Checking candidate regions...
[INFO] No gene prediction for UNK1887995@1887995@1 JBDOHN010101672.1:0-20606 — falling back to Miniprot
[INFO] Added Miniprot fallback: QRW25424.1|UNK1887995@1887995@1|MP000001
Checking candidate regions...
Checking candidate regions...
[INFO] No gene prediction for UNK1260839@1260839@1 JANTFA010158221.1:0-22591 — falling back to Miniprot
[INFO] Added Miniprot fallback: QRW25424.1|UNK1260839@1260839@1|MP000001
[INFO] No gene prediction for UNK1260839@1260839@1 JANTFA010150859.1:0-22224 — falling back to Miniprot
[INFO] Added Miniprot fallback: QRW25424.1|UNK1260839@1260839@1|MP000002
Checking candidate regions...
Checking candidate regions...
[INFO] No gene prediction for UNK3151524@3151524@1 JBDOHO010023002.1:0-20467 — falling back to Miniprot
[INFO] Added Miniprot fallback: QRW25424.1|UNK3151524@3151524@1|MP000001
Checking candidate regions...
[INFO] No gene prediction for UNK1817611@1817611@1 JBDOHP010014920.1:0-21568 — falling back to Miniprot
[INFO] Added Miniprot fallback: QRW25424.1|UNK1817611@1817611@1|MP000001
Checking candidate regions...
Checking candidate regions...
Calculating FAS scores ...
	 ...finished 

fDOG-Assembly finished completely in 404618.11s ( Group preparation: 0.05s 	Ortholog search: 404601.75s 	FAS: 16.01s)
Outputs are saved at /share/project/mieke/fdog/QRW25424.1/
