Gene: QRW20161.1
fDOG reference species: RHISO@456999@016906535_1 

Building a consensus sequence
	 ...finished

Checking candidate regions...
[INFO] No gene prediction for UNK1817600@1817600@1 JBDOHQ010054715.1:0-21289 — falling back to Miniprot
[INFO] Added Miniprot fallback: QRW20161.1|UNK1817600@1817600@1|MP000001
[INFO] No gene prediction for UNK1817600@1817600@1 JBDOHQ010079932.1:0-20195 — falling back to Miniprot
[INFO] Added Miniprot fallback: QRW20161.1|UNK1817600@1817600@1|MP000004
[INFO] No gene prediction for UNK1817600@1817600@1 JBDOHQ010071930.1:0-20195 — falling back to Miniprot
[INFO] Added Miniprot fallback: QRW20161.1|UNK1817600@1817600@1|MP000005
Checking candidate regions...
Checking candidate regions...
Checking candidate regions...
[INFO] No gene prediction for UNK1260839@1260839@1 JANTFA010188568.1:0-27976 — falling back to Miniprot
[INFO] Added Miniprot fallback: QRW20161.1|UNK1260839@1260839@1|MP000001
[INFO] No gene prediction for UNK1260839@1260839@1 JANTFA010171279.1:0-22024 — falling back to Miniprot
[INFO] Added Miniprot fallback: QRW20161.1|UNK1260839@1260839@1|MP000004
[INFO] No gene prediction for UNK1260839@1260839@1 JANTFA010147797.1:0-21449 — falling back to Miniprot
[INFO] Added Miniprot fallback: QRW20161.1|UNK1260839@1260839@1|MP000007
Checking candidate regions...
Checking candidate regions...
Checking candidate regions...
[INFO] No gene prediction for UNK1260802@1260802@1 JBLNJI010000584.1:16852-57659 — falling back to Miniprot
[INFO] Added Miniprot fallback: QRW20161.1|UNK1260802@1260802@1|MP000001
[INFO] No gene prediction for UNK1260802@1260802@1 JBLNJI010008191.1:0-25395 — falling back to Miniprot
[INFO] Added Miniprot fallback: QRW20161.1|UNK1260802@1260802@1|MP000002
Calculating FAS scores ...
	 ...finished 

fDOG-Assembly finished completely in 289527.7s ( Group preparation: 0.13s 	Ortholog search: 289511.4s 	FAS: 15.79s)
Outputs are saved at /share/project/mieke/fdog/QRW20161.1/
