Gene: QRW19069.1
fDOG reference species: RHISO@456999@016906535_1 

Building a consensus sequence
	 ...finished

Checking candidate regions...
[INFO] No gene prediction for UNK1260807@1260807@1 JBLNJJ010019826.1:0-21648 — falling back to Miniprot
[INFO] Added Miniprot fallback: QRW19069.1|UNK1260807@1260807@1|MP000001
Checking candidate regions...
[INFO] No gene prediction for UNK1817600@1817600@1 JBDOHQ010014849.1:0-23407 — falling back to Miniprot
[INFO] Added Miniprot fallback: QRW19069.1|UNK1817600@1817600@1|MP000001
Checking candidate regions...
Checking candidate regions...
[INFO] No gene prediction for UNK1887995@1887995@1 JBDOHN010139418.1:0-20497 — falling back to Miniprot
[INFO] Added Miniprot fallback: QRW19069.1|UNK1887995@1887995@1|MP000001
Checking candidate regions...
Checking candidate regions...
Checking candidate regions...
[INFO] No gene prediction for UNK1260884@1260884@1 JANVCI010217906.1:0-24643 — falling back to Miniprot
[INFO] Added Miniprot fallback: QRW19069.1|UNK1260884@1260884@1|MP000001
Checking candidate regions...
[INFO] No gene prediction for UNK3151524@3151524@1 JBDOHO010039311.1:0-21233 — falling back to Miniprot
[INFO] Added Miniprot fallback: QRW19069.1|UNK3151524@3151524@1|MP000001
Checking candidate regions...
[INFO] No gene prediction for UNK1817611@1817611@1 JBDOHP010018043.1:0-21854 — falling back to Miniprot
[INFO] Added Miniprot fallback: QRW19069.1|UNK1817611@1817611@1|MP000001
Checking candidate regions...
Checking candidate regions...
[INFO] No gene prediction for UNK1260802@1260802@1 JBLNJI010012978.1:0-23548 — falling back to Miniprot
[INFO] Added Miniprot fallback: QRW19069.1|UNK1260802@1260802@1|MP000001
Calculating FAS scores ...
	 ...finished 

fDOG-Assembly finished completely in 303450.69s ( Group preparation: 0.06s 	Ortholog search: 303434.57s 	FAS: 15.93s)
Outputs are saved at /share/project/mieke/fdog/QRW19069.1/
